Archive member included to satisfy reference by file (symbol)

/opt/st/stm32cubeide_1.6.0/plugins/com.st.stm32cube.ide.mcu.externaltools.gnu-tools-for-stm32.9-2020-q2-update.linux64_1.5.0.202011040924/tools/bin/../lib/gcc/arm-none-eabi/9.3.1/../../../../arm-none-eabi/lib/thumb/v7e-m+fp/hard/libc_nano.a(lib_a-errno.o)
                              Core/Src/syscalls.o (__errno)
/opt/st/stm32cubeide_1.6.0/plugins/com.st.stm32cube.ide.mcu.externaltools.gnu-tools-for-stm32.9-2020-q2-update.linux64_1.5.0.202011040924/tools/bin/../lib/gcc/arm-none-eabi/9.3.1/../../../../arm-none-eabi/lib/thumb/v7e-m+fp/hard/libc_nano.a(lib_a-exit.o)
                              /opt/st/stm32cubeide_1.6.0/plugins/com.st.stm32cube.ide.mcu.externaltools.gnu-tools-for-stm32.9-2020-q2-update.linux64_1.5.0.202011040924/tools/bin/../lib/gcc/arm-none-eabi/9.3.1/../../../../arm-none-eabi/lib/thumb/v7e-m+fp/hard/crt0.o (exit)
/opt/st/stm32cubeide_1.6.0/plugins/com.st.stm32cube.ide.mcu.externaltools.gnu-tools-for-stm32.9-2020-q2-update.linux64_1.5.0.202011040924/tools/bin/../lib/gcc/arm-none-eabi/9.3.1/../../../../arm-none-eabi/lib/thumb/v7e-m+fp/hard/libc_nano.a(lib_a-impure.o)
                              /opt/st/stm32cubeide_1.6.0/plugins/com.st.stm32cube.ide.mcu.externaltools.gnu-tools-for-stm32.9-2020-q2-update.linux64_1.5.0.202011040924/tools/bin/../lib/gcc/arm-none-eabi/9.3.1/../../../../arm-none-eabi/lib/thumb/v7e-m+fp/hard/libc_nano.a(lib_a-exit.o) (_global_impure_ptr)
/opt/st/stm32cubeide_1.6.0/plugins/com.st.stm32cube.ide.mcu.externaltools.gnu-tools-for-stm32.9-2020-q2-update.linux64_1.5.0.202011040924/tools/bin/../lib/gcc/arm-none-eabi/9.3.1/../../../../arm-none-eabi/lib/thumb/v7e-m+fp/hard/libc_nano.a(lib_a-init.o)
                              /opt/st/stm32cubeide_1.6.0/plugins/com.st.stm32cube.ide.mcu.externaltools.gnu-tools-for-stm32.9-2020-q2-update.linux64_1.5.0.202011040924/tools/bin/../lib/gcc/arm-none-eabi/9.3.1/../../../../arm-none-eabi/lib/thumb/v7e-m+fp/hard/crt0.o (__libc_init_array)
/opt/st/stm32cubeide_1.6.0/plugins/com.st.stm32cube.ide.mcu.externaltools.gnu-tools-for-stm32.9-2020-q2-update.linux64_1.5.0.202011040924/tools/bin/../lib/gcc/arm-none-eabi/9.3.1/../../../../arm-none-eabi/lib/thumb/v7e-m+fp/hard/libc_nano.a(lib_a-memset.o)
                              /opt/st/stm32cubeide_1.6.0/plugins/com.st.stm32cube.ide.mcu.externaltools.gnu-tools-for-stm32.9-2020-q2-update.linux64_1.5.0.202011040924/tools/bin/../lib/gcc/arm-none-eabi/9.3.1/../../../../arm-none-eabi/lib/thumb/v7e-m+fp/hard/crt0.o (memset)
/opt/st/stm32cubeide_1.6.0/plugins/com.st.stm32cube.ide.mcu.externaltools.gnu-tools-for-stm32.9-2020-q2-update.linux64_1.5.0.202011040924/tools/bin/../lib/gcc/arm-none-eabi/9.3.1/../../../../arm-none-eabi/lib/thumb/v7e-m+fp/hard/libc_nano.a(lib_a-strlen.o)
                              Core/Src/main.o (strlen)
/opt/st/stm32cubeide_1.6.0/plugins/com.st.stm32cube.ide.mcu.externaltools.gnu-tools-for-stm32.9-2020-q2-update.linux64_1.5.0.202011040924/tools/bin/../lib/gcc/arm-none-eabi/9.3.1/thumb/v7e-m+fp/hard/libgcc.a(_aeabi_uldivmod.o)
                              Drivers/STM32F4xx_HAL_Driver/Src/stm32f4xx_hal_rcc.o (__aeabi_uldivmod)
/opt/st/stm32cubeide_1.6.0/plugins/com.st.stm32cube.ide.mcu.externaltools.gnu-tools-for-stm32.9-2020-q2-update.linux64_1.5.0.202011040924/tools/bin/../lib/gcc/arm-none-eabi/9.3.1/thumb/v7e-m+fp/hard/libgcc.a(_udivmoddi4.o)
                              /opt/st/stm32cubeide_1.6.0/plugins/com.st.stm32cube.ide.mcu.externaltools.gnu-tools-for-stm32.9-2020-q2-update.linux64_1.5.0.202011040924/tools/bin/../lib/gcc/arm-none-eabi/9.3.1/thumb/v7e-m+fp/hard/libgcc.a(_aeabi_uldivmod.o) (__udivmoddi4)
/opt/st/stm32cubeide_1.6.0/plugins/com.st.stm32cube.ide.mcu.externaltools.gnu-tools-for-stm32.9-2020-q2-update.linux64_1.5.0.202011040924/tools/bin/../lib/gcc/arm-none-eabi/9.3.1/thumb/v7e-m+fp/hard/libgcc.a(_dvmd_tls.o)
                              /opt/st/stm32cubeide_1.6.0/plugins/com.st.stm32cube.ide.mcu.externaltools.gnu-tools-for-stm32.9-2020-q2-update.linux64_1.5.0.202011040924/tools/bin/../lib/gcc/arm-none-eabi/9.3.1/thumb/v7e-m+fp/hard/libgcc.a(_aeabi_uldivmod.o) (__aeabi_ldiv0)

Allocating common symbols
Common symbol       size              file

hUsbDeviceFS        0x2d0             USB_DEVICE/App/usb_device.o
hpcd_USB_OTG_FS     0x408             USB_DEVICE/Target/usbd_conf.o
uwTick              0x4               Drivers/STM32F4xx_HAL_Driver/Src/stm32f4xx_hal.o
pFlash              0x20              Drivers/STM32F4xx_HAL_Driver/Src/stm32f4xx_hal_flash.o
UserRxBufferFS      0x800             USB_DEVICE/App/usbd_cdc_if.o
UserTxBufferFS      0x800             USB_DEVICE/App/usbd_cdc_if.o
USBD_StrDesc        0x200             USB_DEVICE/App/usbd_desc.o

Discarded input sections

[...]
Memory Configuration

Name             Origin             Length             Attributes
CCMRAM           0x0000000010000000 0x0000000000010000 xrw
RAM              0x0000000020000000 0x0000000000020000 xrw
FLASH            0x0000000008000000 0x0000000000100000 xr
*default*        0x0000000000000000 0xffffffffffffffff

Linker script and memory map

LOAD /opt/st/stm32cubeide_1.6.0/plugins/com.st.stm32cube.ide.mcu.externaltools.gnu-tools-for-stm32.9-2020-q2-update.linux64_1.5.0.202011040924/tools/bin/../lib/gcc/arm-none-eabi/9.3.1/thumb/v7e-m+fp/hard/crti.o
LOAD /opt/st/stm32cubeide_1.6.0/plugins/com.st.stm32cube.ide.mcu.externaltools.gnu-tools-for-stm32.9-2020-q2-update.linux64_1.5.0.202011040924/tools/bin/../lib/gcc/arm-none-eabi/9.3.1/thumb/v7e-m+fp/hard/crtbegin.o
LOAD /opt/st/stm32cubeide_1.6.0/plugins/com.st.stm32cube.ide.mcu.externaltools.gnu-tools-for-stm32.9-2020-q2-update.linux64_1.5.0.202011040924/tools/bin/../lib/gcc/arm-none-eabi/9.3.1/../../../../arm-none-eabi/lib/thumb/v7e-m+fp/hard/crt0.o
LOAD Core/Src/main.o
LOAD Core/Src/stm32f4xx_hal_msp.o
LOAD Core/Src/stm32f4xx_it.o
LOAD Core/Src/syscalls.o
LOAD Core/Src/sysmem.o
LOAD Core/Src/system_stm32f4xx.o
LOAD Core/Startup/startup_stm32f405rgtx.o
LOAD Drivers/STM32F4xx_HAL_Driver/Src/stm32f4xx_hal.o
LOAD Drivers/STM32F4xx_HAL_Driver/Src/stm32f4xx_hal_cortex.o
LOAD Drivers/STM32F4xx_HAL_Driver/Src/stm32f4xx_hal_dma.o
LOAD Drivers/STM32F4xx_HAL_Driver/Src/stm32f4xx_hal_dma_ex.o
LOAD Drivers/STM32F4xx_HAL_Driver/Src/stm32f4xx_hal_exti.o
LOAD Drivers/STM32F4xx_HAL_Driver/Src/stm32f4xx_hal_flash.o
LOAD Drivers/STM32F4xx_HAL_Driver/Src/stm32f4xx_hal_flash_ex.o
LOAD Drivers/STM32F4xx_HAL_Driver/Src/stm32f4xx_hal_flash_ramfunc.o
LOAD Drivers/STM32F4xx_HAL_Driver/Src/stm32f4xx_hal_gpio.o
LOAD Drivers/STM32F4xx_HAL_Driver/Src/stm32f4xx_hal_pcd.o
LOAD Drivers/STM32F4xx_HAL_Driver/Src/stm32f4xx_hal_pcd_ex.o
LOAD Drivers/STM32F4xx_HAL_Driver/Src/stm32f4xx_hal_pwr.o
LOAD Drivers/STM32F4xx_HAL_Driver/Src/stm32f4xx_hal_pwr_ex.o
LOAD Drivers/STM32F4xx_HAL_Driver/Src/stm32f4xx_hal_rcc.o
LOAD Drivers/STM32F4xx_HAL_Driver/Src/stm32f4xx_hal_rcc_ex.o
LOAD Drivers/STM32F4xx_HAL_Driver/Src/stm32f4xx_hal_tim.o
LOAD Drivers/STM32F4xx_HAL_Driver/Src/stm32f4xx_hal_tim_ex.o
LOAD Drivers/STM32F4xx_HAL_Driver/Src/stm32f4xx_ll_usb.o
LOAD Middlewares/ST/STM32_USB_Device_Library/Class/CDC/Src/usbd_cdc.o
LOAD Middlewares/ST/STM32_USB_Device_Library/Core/Src/usbd_core.o
LOAD Middlewares/ST/STM32_USB_Device_Library/Core/Src/usbd_ctlreq.o
LOAD Middlewares/ST/STM32_USB_Device_Library/Core/Src/usbd_ioreq.o
LOAD USB_DEVICE/App/usb_device.o
LOAD USB_DEVICE/App/usbd_cdc_if.o
LOAD USB_DEVICE/App/usbd_desc.o
LOAD USB_DEVICE/Target/usbd_conf.o
START GROUP
LOAD /opt/st/stm32cubeide_1.6.0/plugins/com.st.stm32cube.ide.mcu.externaltools.gnu-tools-for-stm32.9-2020-q2-update.linux64_1.5.0.202011040924/tools/bin/../lib/gcc/arm-none-eabi/9.3.1/../../../../arm-none-eabi/lib/thumb/v7e-m+fp/hard/libc_nano.a
LOAD /opt/st/stm32cubeide_1.6.0/plugins/com.st.stm32cube.ide.mcu.externaltools.gnu-tools-for-stm32.9-2020-q2-update.linux64_1.5.0.202011040924/tools/bin/../lib/gcc/arm-none-eabi/9.3.1/../../../../arm-none-eabi/lib/thumb/v7e-m+fp/hard/libm.a
END GROUP
START GROUP
LOAD /opt/st/stm32cubeide_1.6.0/plugins/com.st.stm32cube.ide.mcu.externaltools.gnu-tools-for-stm32.9-2020-q2-update.linux64_1.5.0.202011040924/tools/bin/../lib/gcc/arm-none-eabi/9.3.1/thumb/v7e-m+fp/hard/libgcc.a
LOAD /opt/st/stm32cubeide_1.6.0/plugins/com.st.stm32cube.ide.mcu.externaltools.gnu-tools-for-stm32.9-2020-q2-update.linux64_1.5.0.202011040924/tools/bin/../lib/gcc/arm-none-eabi/9.3.1/../../../../arm-none-eabi/lib/thumb/v7e-m+fp/hard/libc_nano.a
END GROUP
START GROUP
LOAD /opt/st/stm32cubeide_1.6.0/plugins/com.st.stm32cube.ide.mcu.externaltools.gnu-tools-for-stm32.9-2020-q2-update.linux64_1.5.0.202011040924/tools/bin/../lib/gcc/arm-none-eabi/9.3.1/thumb/v7e-m+fp/hard/libgcc.a
LOAD /opt/st/stm32cubeide_1.6.0/plugins/com.st.stm32cube.ide.mcu.externaltools.gnu-tools-for-stm32.9-2020-q2-update.linux64_1.5.0.202011040924/tools/bin/../lib/gcc/arm-none-eabi/9.3.1/../../../../arm-none-eabi/lib/thumb/v7e-m+fp/hard/libc_nano.a
LOAD /opt/st/stm32cubeide_1.6.0/plugins/com.st.stm32cube.ide.mcu.externaltools.gnu-tools-for-stm32.9-2020-q2-update.linux64_1.5.0.202011040924/tools/bin/../lib/gcc/arm-none-eabi/9.3.1/../../../../arm-none-eabi/lib/thumb/v7e-m+fp/hard/libnosys.a
END GROUP
START GROUP
LOAD /opt/st/stm32cubeide_1.6.0/plugins/com.st.stm32cube.ide.mcu.externaltools.gnu-tools-for-stm32.9-2020-q2-update.linux64_1.5.0.202011040924/tools/bin/../lib/gcc/arm-none-eabi/9.3.1/thumb/v7e-m+fp/hard/libgcc.a
LOAD /opt/st/stm32cubeide_1.6.0/plugins/com.st.stm32cube.ide.mcu.externaltools.gnu-tools-for-stm32.9-2020-q2-update.linux64_1.5.0.202011040924/tools/bin/../lib/gcc/arm-none-eabi/9.3.1/../../../../arm-none-eabi/lib/thumb/v7e-m+fp/hard/libc_nano.a
LOAD /opt/st/stm32cubeide_1.6.0/plugins/com.st.stm32cube.ide.mcu.externaltools.gnu-tools-for-stm32.9-2020-q2-update.linux64_1.5.0.202011040924/tools/bin/../lib/gcc/arm-none-eabi/9.3.1/../../../../arm-none-eabi/lib/thumb/v7e-m+fp/hard/libnosys.a
END GROUP
LOAD /opt/st/stm32cubeide_1.6.0/plugins/com.st.stm32cube.ide.mcu.externaltools.gnu-tools-for-stm32.9-2020-q2-update.linux64_1.5.0.202011040924/tools/bin/../lib/gcc/arm-none-eabi/9.3.1/thumb/v7e-m+fp/hard/crtend.o
LOAD /opt/st/stm32cubeide_1.6.0/plugins/com.st.stm32cube.ide.mcu.externaltools.gnu-tools-for-stm32.9-2020-q2-update.linux64_1.5.0.202011040924/tools/bin/../lib/gcc/arm-none-eabi/9.3.1/thumb/v7e-m+fp/hard/crtn.o
                0x0000000020020000                _estack = (ORIGIN (RAM) + LENGTH (RAM))
                0x0000000000000200                _Min_Heap_Size = 0x200
                0x0000000000000400                _Min_Stack_Size = 0x400

.isr_vector     0x0000000008000000      0x188
                0x0000000008000000                . = ALIGN (0x4)
 *(.isr_vector)
 .isr_vector    0x0000000008000000      0x188 Core/Startup/startup_stm32f405rgtx.o
                0x0000000008000000                g_pfnVectors
                0x0000000008000188                . = ALIGN (0x4)

.text           0x0000000008000188     0x3d7c
                0x0000000008000188                . = ALIGN (0x4)
 *(.text)
 .text          0x0000000008000188       0x40 /opt/st/stm32cubeide_1.6.0/plugins/com.st.stm32cube.ide.mcu.externaltools.gnu-tools-for-stm32.9-2020-q2-update.linux64_1.5.0.202011040924/tools/bin/../lib/gcc/arm-none-eabi/9.3.1/thumb/v7e-m+fp/hard/crtbegin.o
 .text          0x00000000080001c8       0x10 /opt/st/stm32cubeide_1.6.0/plugins/com.st.stm32cube.ide.mcu.externaltools.gnu-tools-for-stm32.9-2020-q2-update.linux64_1.5.0.202011040924/tools/bin/../lib/gcc/arm-none-eabi/9.3.1/../../../../arm-none-eabi/lib/thumb/v7e-m+fp/hard/libc_nano.a(lib_a-strlen.o)
                0x00000000080001c8                strlen
 .text          0x00000000080001d8       0x30 /opt/st/stm32cubeide_1.6.0/plugins/com.st.stm32cube.ide.mcu.externaltools.gnu-tools-for-stm32.9-2020-q2-update.linux64_1.5.0.202011040924/tools/bin/../lib/gcc/arm-none-eabi/9.3.1/thumb/v7e-m+fp/hard/libgcc.a(_aeabi_uldivmod.o)
                0x00000000080001d8                __aeabi_uldivmod
 .text          0x0000000008000208      0x2c4 /opt/st/stm32cubeide_1.6.0/plugins/com.st.stm32cube.ide.mcu.externaltools.gnu-tools-for-stm32.9-2020-q2-update.linux64_1.5.0.202011040924/tools/bin/../lib/gcc/arm-none-eabi/9.3.1/thumb/v7e-m+fp/hard/libgcc.a(_udivmoddi4.o)
                0x0000000008000208                __udivmoddi4
 .text          0x00000000080004cc        0x4 /opt/st/stm32cubeide_1.6.0/plugins/com.st.stm32cube.ide.mcu.externaltools.gnu-tools-for-stm32.9-2020-q2-update.linux64_1.5.0.202011040924/tools/bin/../lib/gcc/arm-none-eabi/9.3.1/thumb/v7e-m+fp/hard/libgcc.a(_dvmd_tls.o)
                0x00000000080004cc                __aeabi_ldiv0
                0x00000000080004cc                __aeabi_idiv0
 *(.text*)
 .text.main     0x00000000080004d0       0x48 Core/Src/main.o
                0x00000000080004d0                main
 .text.SystemClock_Config
                0x0000000008000518       0xd4 Core/Src/main.o
                0x0000000008000518                SystemClock_Config
 .text.MX_GPIO_Init
                0x00000000080005ec       0x50 Core/Src/main.o
 .text.Error_Handler
                0x000000000800063c        0xa Core/Src/main.o
                0x000000000800063c                Error_Handler
 *fill*         0x0000000008000646        0x2 
 .text.HAL_MspInit
                0x0000000008000648       0x50 Core/Src/stm32f4xx_hal_msp.o
                0x0000000008000648                HAL_MspInit
 .text.NMI_Handler
                0x0000000008000698        0x6 Core/Src/stm32f4xx_it.o
                0x0000000008000698                NMI_Handler
 .text.HardFault_Handler
                0x000000000800069e        0x6 Core/Src/stm32f4xx_it.o
                0x000000000800069e                HardFault_Handler
 .text.MemManage_Handler
                0x00000000080006a4        0x6 Core/Src/stm32f4xx_it.o
                0x00000000080006a4                MemManage_Handler
 .text.BusFault_Handler
                0x00000000080006aa        0x6 Core/Src/stm32f4xx_it.o
                0x00000000080006aa                BusFault_Handler
 .text.UsageFault_Handler
                0x00000000080006b0        0x6 Core/Src/stm32f4xx_it.o
                0x00000000080006b0                UsageFault_Handler
 .text.SVC_Handler
                0x00000000080006b6        0xe Core/Src/stm32f4xx_it.o
                0x00000000080006b6                SVC_Handler
 .text.DebugMon_Handler
                0x00000000080006c4        0xe Core/Src/stm32f4xx_it.o
                0x00000000080006c4                DebugMon_Handler
 .text.PendSV_Handler
                0x00000000080006d2        0xe Core/Src/stm32f4xx_it.o
                0x00000000080006d2                PendSV_Handler
 .text.SysTick_Handler
                0x00000000080006e0        0xc Core/Src/stm32f4xx_it.o
                0x00000000080006e0                SysTick_Handler
 .text.SystemInit
                0x00000000080006ec       0x24 Core/Src/system_stm32f4xx.o
                0x00000000080006ec                SystemInit
 .text.Reset_Handler
                0x0000000008000710       0x50 Core/Startup/startup_stm32f405rgtx.o
                0x0000000008000710                Reset_Handler
 .text.Default_Handler
                0x0000000008000760        0x2 Core/Startup/startup_stm32f405rgtx.o
                0x0000000008000760                RTC_Alarm_IRQHandler
                0x0000000008000760                HASH_RNG_IRQHandler
                0x0000000008000760                EXTI2_IRQHandler
                0x0000000008000760                TIM8_CC_IRQHandler
                0x0000000008000760                TIM1_CC_IRQHandler
                0x0000000008000760                DMA2_Stream5_IRQHandler
                0x0000000008000760                DMA1_Stream5_IRQHandler
                0x0000000008000760                PVD_IRQHandler
                0x0000000008000760                SDIO_IRQHandler
                0x0000000008000760                TAMP_STAMP_IRQHandler
                0x0000000008000760                CAN2_RX1_IRQHandler
                0x0000000008000760                EXTI3_IRQHandler
                0x0000000008000760                TIM8_TRG_COM_TIM14_IRQHandler
                0x0000000008000760                TIM1_UP_TIM10_IRQHandler
                0x0000000008000760                TIM8_UP_TIM13_IRQHandler
                0x0000000008000760                I2C3_ER_IRQHandler
                0x0000000008000760                EXTI0_IRQHandler
                0x0000000008000760                I2C2_EV_IRQHandler
                0x0000000008000760                DMA1_Stream2_IRQHandler
                0x0000000008000760                CAN1_RX0_IRQHandler
                0x0000000008000760                FPU_IRQHandler
                0x0000000008000760                OTG_HS_WKUP_IRQHandler
                0x0000000008000760                CAN2_SCE_IRQHandler
                0x0000000008000760                DMA2_Stream2_IRQHandler
                0x0000000008000760                SPI1_IRQHandler
                0x0000000008000760                TIM6_DAC_IRQHandler
                0x0000000008000760                TIM1_BRK_TIM9_IRQHandler
                0x0000000008000760                CAN2_RX0_IRQHandler
                0x0000000008000760                DMA2_Stream3_IRQHandler
                0x0000000008000760                USART6_IRQHandler
                0x0000000008000760                USART3_IRQHandler
                0x0000000008000760                CAN1_RX1_IRQHandler
                0x0000000008000760                UART5_IRQHandler
                0x0000000008000760                DMA2_Stream0_IRQHandler
                0x0000000008000760                TIM4_IRQHandler
                0x0000000008000760                I2C1_EV_IRQHandler
                0x0000000008000760                DMA1_Stream6_IRQHandler
                0x0000000008000760                DMA1_Stream1_IRQHandler
                0x0000000008000760                UART4_IRQHandler
                0x0000000008000760                TIM3_IRQHandler
                0x0000000008000760                RCC_IRQHandler
                0x0000000008000760                TIM8_BRK_TIM12_IRQHandler
                0x0000000008000760                Default_Handler
                0x0000000008000760                EXTI15_10_IRQHandler
                0x0000000008000760                ADC_IRQHandler
                0x0000000008000760                DMA1_Stream7_IRQHandler
                0x0000000008000760                TIM7_IRQHandler
                0x0000000008000760                CAN2_TX_IRQHandler
                0x0000000008000760                TIM5_IRQHandler
                0x0000000008000760                DMA2_Stream7_IRQHandler
                0x0000000008000760                I2C3_EV_IRQHandler
                0x0000000008000760                EXTI9_5_IRQHandler
                0x0000000008000760                RTC_WKUP_IRQHandler
                0x0000000008000760                SPI2_IRQHandler
                0x0000000008000760                OTG_HS_EP1_IN_IRQHandler
                0x0000000008000760                DMA1_Stream0_IRQHandler
                0x0000000008000760                CAN1_TX_IRQHandler
                0x0000000008000760                EXTI4_IRQHandler
                0x0000000008000760                FSMC_IRQHandler
                0x0000000008000760                OTG_HS_EP1_OUT_IRQHandler
                0x0000000008000760                WWDG_IRQHandler
                0x0000000008000760                TIM2_IRQHandler
                0x0000000008000760                OTG_FS_WKUP_IRQHandler
                0x0000000008000760                TIM1_TRG_COM_TIM11_IRQHandler
                0x0000000008000760                OTG_HS_IRQHandler
                0x0000000008000760                EXTI1_IRQHandler
                0x0000000008000760                USART2_IRQHandler
                0x0000000008000760                I2C2_ER_IRQHandler
                0x0000000008000760                DMA2_Stream1_IRQHandler
                0x0000000008000760                CAN1_SCE_IRQHandler
                0x0000000008000760                FLASH_IRQHandler
                0x0000000008000760                DMA2_Stream4_IRQHandler
                0x0000000008000760                USART1_IRQHandler
                0x0000000008000760                OTG_FS_IRQHandler
                0x0000000008000760                SPI3_IRQHandler
                0x0000000008000760                DMA1_Stream4_IRQHandler
                0x0000000008000760                I2C1_ER_IRQHandler
                0x0000000008000760                DMA2_Stream6_IRQHandler
                0x0000000008000760                DMA1_Stream3_IRQHandler
 *fill*         0x0000000008000762        0x2 
 .text.HAL_Init
                0x0000000008000764       0x44 Drivers/STM32F4xx_HAL_Driver/Src/stm32f4xx_hal.o
                0x0000000008000764                HAL_Init
 .text.HAL_InitTick
                0x00000000080007a8       0x60 Drivers/STM32F4xx_HAL_Driver/Src/stm32f4xx_hal.o
                0x00000000080007a8                HAL_InitTick
 .text.HAL_IncTick
                0x0000000008000808       0x28 Drivers/STM32F4xx_HAL_Driver/Src/stm32f4xx_hal.o
                0x0000000008000808                HAL_IncTick
 .text.HAL_GetTick
                0x0000000008000830       0x18 Drivers/STM32F4xx_HAL_Driver/Src/stm32f4xx_hal.o
                0x0000000008000830                HAL_GetTick
 .text.HAL_Delay
                0x0000000008000848       0x48 Drivers/STM32F4xx_HAL_Driver/Src/stm32f4xx_hal.o
                0x0000000008000848                HAL_Delay
 .text.__NVIC_SetPriorityGrouping
                0x0000000008000890       0x48 Drivers/STM32F4xx_HAL_Driver/Src/stm32f4xx_hal_cortex.o
 .text.__NVIC_GetPriorityGrouping
                0x00000000080008d8       0x1c Drivers/STM32F4xx_HAL_Driver/Src/stm32f4xx_hal_cortex.o
 .text.__NVIC_SetPriority
                0x00000000080008f4       0x54 Drivers/STM32F4xx_HAL_Driver/Src/stm32f4xx_hal_cortex.o
 .text.NVIC_EncodePriority
                0x0000000008000948       0x66 Drivers/STM32F4xx_HAL_Driver/Src/stm32f4xx_hal_cortex.o
 *fill*         0x00000000080009ae        0x2 
 .text.SysTick_Config
                0x00000000080009b0       0x44 Drivers/STM32F4xx_HAL_Driver/Src/stm32f4xx_hal_cortex.o
 .text.HAL_NVIC_SetPriorityGrouping
                0x00000000080009f4       0x16 Drivers/STM32F4xx_HAL_Driver/Src/stm32f4xx_hal_cortex.o
                0x00000000080009f4                HAL_NVIC_SetPriorityGrouping
 .text.HAL_NVIC_SetPriority
                0x0000000008000a0a       0x38 Drivers/STM32F4xx_HAL_Driver/Src/stm32f4xx_hal_cortex.o
                0x0000000008000a0a                HAL_NVIC_SetPriority
 .text.HAL_SYSTICK_Config
                0x0000000008000a42       0x18 Drivers/STM32F4xx_HAL_Driver/Src/stm32f4xx_hal_cortex.o
                0x0000000008000a42                HAL_SYSTICK_Config
 *fill*         0x0000000008000a5a        0x2 
 .text.HAL_GPIO_Init
                0x0000000008000a5c      0x338 Drivers/STM32F4xx_HAL_Driver/Src/stm32f4xx_hal_gpio.o
                0x0000000008000a5c                HAL_GPIO_Init
 .text.HAL_PCD_Init
                0x0000000008000d94      0x23a Drivers/STM32F4xx_HAL_Driver/Src/stm32f4xx_hal_pcd.o
                0x0000000008000d94                HAL_PCD_Init
 .text.HAL_PCD_Start
                0x0000000008000fce       0x66 Drivers/STM32F4xx_HAL_Driver/Src/stm32f4xx_hal_pcd.o
                0x0000000008000fce                HAL_PCD_Start
 .text.HAL_PCD_EP_Open
                0x0000000008001034       0xd0 Drivers/STM32F4xx_HAL_Driver/Src/stm32f4xx_hal_pcd.o
                0x0000000008001034                HAL_PCD_EP_Open
 .text.HAL_PCD_EP_Close
                0x0000000008001104       0x94 Drivers/STM32F4xx_HAL_Driver/Src/stm32f4xx_hal_pcd.o
                0x0000000008001104                HAL_PCD_EP_Close
 .text.HAL_PCD_EP_Receive
                0x0000000008001198       0x96 Drivers/STM32F4xx_HAL_Driver/Src/stm32f4xx_hal_pcd.o
                0x0000000008001198                HAL_PCD_EP_Receive
 .text.HAL_PCD_EP_GetRxCount
                0x000000000800122e       0x30 Drivers/STM32F4xx_HAL_Driver/Src/stm32f4xx_hal_pcd.o
                0x000000000800122e                HAL_PCD_EP_GetRxCount
 .text.HAL_PCD_EP_Transmit
                0x000000000800125e       0x94 Drivers/STM32F4xx_HAL_Driver/Src/stm32f4xx_hal_pcd.o
                0x000000000800125e                HAL_PCD_EP_Transmit
 .text.HAL_PCD_EP_SetStall
                0x00000000080012f2       0xc8 Drivers/STM32F4xx_HAL_Driver/Src/stm32f4xx_hal_pcd.o
                0x00000000080012f2                HAL_PCD_EP_SetStall
 .text.HAL_PCDEx_SetTxFiFo
                0x00000000080013ba       0x8e Drivers/STM32F4xx_HAL_Driver/Src/stm32f4xx_hal_pcd_ex.o
                0x00000000080013ba                HAL_PCDEx_SetTxFiFo
 .text.HAL_PCDEx_SetRxFiFo
                0x0000000008001448       0x22 Drivers/STM32F4xx_HAL_Driver/Src/stm32f4xx_hal_pcd_ex.o
                0x0000000008001448                HAL_PCDEx_SetRxFiFo
 *fill*         0x000000000800146a        0x2 
 .text.HAL_RCC_OscConfig
                0x000000000800146c      0x4f0 Drivers/STM32F4xx_HAL_Driver/Src/stm32f4xx_hal_rcc.o
                0x000000000800146c                HAL_RCC_OscConfig
 .text.HAL_RCC_ClockConfig
                0x000000000800195c      0x1cc Drivers/STM32F4xx_HAL_Driver/Src/stm32f4xx_hal_rcc.o
                0x000000000800195c                HAL_RCC_ClockConfig
 .text.HAL_RCC_GetSysClockFreq
                0x0000000008001b28      0x16c Drivers/STM32F4xx_HAL_Driver/Src/stm32f4xx_hal_rcc.o
                0x0000000008001b28                HAL_RCC_GetSysClockFreq
 .text.USB_CoreInit
                0x0000000008001c94       0xc2 Drivers/STM32F4xx_HAL_Driver/Src/stm32f4xx_ll_usb.o
                0x0000000008001c94                USB_CoreInit
 .text.USB_EnableGlobalInt
                0x0000000008001d56       0x22 Drivers/STM32F4xx_HAL_Driver/Src/stm32f4xx_ll_usb.o
                0x0000000008001d56                USB_EnableGlobalInt
 .text.USB_DisableGlobalInt
                0x0000000008001d78       0x22 Drivers/STM32F4xx_HAL_Driver/Src/stm32f4xx_ll_usb.o
                0x0000000008001d78                USB_DisableGlobalInt
 .text.USB_SetCurrentMode
                0x0000000008001d9a       0x98 Drivers/STM32F4xx_HAL_Driver/Src/stm32f4xx_ll_usb.o
                0x0000000008001d9a                USB_SetCurrentMode
 *fill*         0x0000000008001e32        0x2 
 .text.USB_DevInit
                0x0000000008001e34      0x2c8 Drivers/STM32F4xx_HAL_Driver/Src/stm32f4xx_ll_usb.o
                0x0000000008001e34                USB_DevInit
 .text.USB_FlushTxFifo
                0x00000000080020fc       0x48 Drivers/STM32F4xx_HAL_Driver/Src/stm32f4xx_ll_usb.o
                0x00000000080020fc                USB_FlushTxFifo
 .text.USB_FlushRxFifo
                0x0000000008002144       0x40 Drivers/STM32F4xx_HAL_Driver/Src/stm32f4xx_ll_usb.o
                0x0000000008002144                USB_FlushRxFifo
 .text.USB_SetDevSpeed
                0x0000000008002184       0x32 Drivers/STM32F4xx_HAL_Driver/Src/stm32f4xx_ll_usb.o
                0x0000000008002184                USB_SetDevSpeed
 .text.USB_ActivateEndpoint
                0x00000000080021b6      0x10e Drivers/STM32F4xx_HAL_Driver/Src/stm32f4xx_ll_usb.o
                0x00000000080021b6                USB_ActivateEndpoint
 .text.USB_DeactivateEndpoint
                0x00000000080022c4      0x1b8 Drivers/STM32F4xx_HAL_Driver/Src/stm32f4xx_ll_usb.o
                0x00000000080022c4                USB_DeactivateEndpoint
 .text.USB_EPStartXfer
                0x000000000800247c      0x488 Drivers/STM32F4xx_HAL_Driver/Src/stm32f4xx_ll_usb.o
                0x000000000800247c                USB_EPStartXfer
 .text.USB_EP0StartXfer
                0x0000000008002904      0x2a6 Drivers/STM32F4xx_HAL_Driver/Src/stm32f4xx_ll_usb.o
                0x0000000008002904                USB_EP0StartXfer
 .text.USB_WritePacket
                0x0000000008002baa       0x7c Drivers/STM32F4xx_HAL_Driver/Src/stm32f4xx_ll_usb.o
                0x0000000008002baa                USB_WritePacket
 .text.USB_EPSetStall
                0x0000000008002c26       0xdc Drivers/STM32F4xx_HAL_Driver/Src/stm32f4xx_ll_usb.o
                0x0000000008002c26                USB_EPSetStall
 .text.USB_DevConnect
                0x0000000008002d02       0x42 Drivers/STM32F4xx_HAL_Driver/Src/stm32f4xx_ll_usb.o
                0x0000000008002d02                USB_DevConnect
 .text.USB_DevDisconnect
                0x0000000008002d44       0x42 Drivers/STM32F4xx_HAL_Driver/Src/stm32f4xx_ll_usb.o
                0x0000000008002d44                USB_DevDisconnect
 .text.USB_GetMode
                0x0000000008002d86       0x1c Drivers/STM32F4xx_HAL_Driver/Src/stm32f4xx_ll_usb.o
                0x0000000008002d86                USB_GetMode
 *fill*         0x0000000008002da2        0x2 
 .text.USB_EP0_OutStart
                0x0000000008002da4       0xbc Drivers/STM32F4xx_HAL_Driver/Src/stm32f4xx_ll_usb.o
                0x0000000008002da4                USB_EP0_OutStart
 .text.USB_CoreReset
                0x0000000008002e60       0x64 Drivers/STM32F4xx_HAL_Driver/Src/stm32f4xx_ll_usb.o
 .text.USBD_CDC_Init
                0x0000000008002ec4       0xfe Middlewares/ST/STM32_USB_Device_Library/Class/CDC/Src/usbd_cdc.o
 .text.USBD_CDC_DeInit
                0x0000000008002fc2       0x74 Middlewares/ST/STM32_USB_Device_Library/Class/CDC/Src/usbd_cdc.o
 *fill*         0x0000000008003036        0x2 
 .text.USBD_CDC_Setup
                0x0000000008003038      0x190 Middlewares/ST/STM32_USB_Device_Library/Class/CDC/Src/usbd_cdc.o
 .text.USBD_CDC_DataIn
                0x00000000080031c8       0xca Middlewares/ST/STM32_USB_Device_Library/Class/CDC/Src/usbd_cdc.o
 .text.USBD_CDC_DataOut
                0x0000000008003292       0x56 Middlewares/ST/STM32_USB_Device_Library/Class/CDC/Src/usbd_cdc.o
 .text.USBD_CDC_EP0_RxReady
                0x00000000080032e8       0x5a Middlewares/ST/STM32_USB_Device_Library/Class/CDC/Src/usbd_cdc.o
 *fill*         0x0000000008003342        0x2 
 .text.USBD_CDC_GetFSCfgDesc
                0x0000000008003344       0x20 Middlewares/ST/STM32_USB_Device_Library/Class/CDC/Src/usbd_cdc.o
 .text.USBD_CDC_GetHSCfgDesc
                0x0000000008003364       0x20 Middlewares/ST/STM32_USB_Device_Library/Class/CDC/Src/usbd_cdc.o
 .text.USBD_CDC_GetOtherSpeedCfgDesc
                0x0000000008003384       0x20 Middlewares/ST/STM32_USB_Device_Library/Class/CDC/Src/usbd_cdc.o
 .text.USBD_CDC_GetDeviceQualifierDescriptor
                0x00000000080033a4       0x20 Middlewares/ST/STM32_USB_Device_Library/Class/CDC/Src/usbd_cdc.o
                0x00000000080033a4                USBD_CDC_GetDeviceQualifierDescriptor
 .text.USBD_CDC_RegisterInterface
                0x00000000080033c4       0x2a Middlewares/ST/STM32_USB_Device_Library/Class/CDC/Src/usbd_cdc.o
                0x00000000080033c4                USBD_CDC_RegisterInterface
 .text.USBD_CDC_SetTxBuffer
                0x00000000080033ee       0x3c Middlewares/ST/STM32_USB_Device_Library/Class/CDC/Src/usbd_cdc.o
                0x00000000080033ee                USBD_CDC_SetTxBuffer
 .text.USBD_CDC_SetRxBuffer
                0x000000000800342a       0x32 Middlewares/ST/STM32_USB_Device_Library/Class/CDC/Src/usbd_cdc.o
                0x000000000800342a                USBD_CDC_SetRxBuffer
 .text.USBD_CDC_TransmitPacket
                0x000000000800345c       0x60 Middlewares/ST/STM32_USB_Device_Library/Class/CDC/Src/usbd_cdc.o
                0x000000000800345c                USBD_CDC_TransmitPacket
 .text.USBD_CDC_ReceivePacket
                0x00000000080034bc       0x54 Middlewares/ST/STM32_USB_Device_Library/Class/CDC/Src/usbd_cdc.o
                0x00000000080034bc                USBD_CDC_ReceivePacket
 .text.USBD_Init
                0x0000000008003510       0x60 Middlewares/ST/STM32_USB_Device_Library/Core/Src/usbd_core.o
                0x0000000008003510                USBD_Init
 .text.USBD_RegisterClass
                0x0000000008003570       0x4e Middlewares/ST/STM32_USB_Device_Library/Core/Src/usbd_core.o
                0x0000000008003570                USBD_RegisterClass
 .text.USBD_Start
                0x00000000080035be       0x18 Middlewares/ST/STM32_USB_Device_Library/Core/Src/usbd_core.o
                0x00000000080035be                USBD_Start
 .text.USBD_CtlError
                0x00000000080035d6       0x22 Middlewares/ST/STM32_USB_Device_Library/Core/Src/usbd_ctlreq.o
                0x00000000080035d6                USBD_CtlError
 .text.USBD_GetString
                0x00000000080035f8       0x8c Middlewares/ST/STM32_USB_Device_Library/Core/Src/usbd_ctlreq.o
                0x00000000080035f8                USBD_GetString
 .text.USBD_GetLen
                0x0000000008003684       0x34 Middlewares/ST/STM32_USB_Device_Library/Core/Src/usbd_ctlreq.o
 .text.USBD_CtlSendData
                0x00000000080036b8       0x36 Middlewares/ST/STM32_USB_Device_Library/Core/Src/usbd_ioreq.o
                0x00000000080036b8                USBD_CtlSendData
 .text.USBD_CtlPrepareRx
                0x00000000080036ee       0x3a Middlewares/ST/STM32_USB_Device_Library/Core/Src/usbd_ioreq.o
                0x00000000080036ee                USBD_CtlPrepareRx
 .text.MX_USB_DEVICE_Init
                0x0000000008003728       0x60 USB_DEVICE/App/usb_device.o
                0x0000000008003728                MX_USB_DEVICE_Init
 .text.CDC_Init_FS
                0x0000000008003788       0x28 USB_DEVICE/App/usbd_cdc_if.o
 .text.CDC_DeInit_FS
                0x00000000080037b0       0x10 USB_DEVICE/App/usbd_cdc_if.o
 .text.CDC_Control_FS
                0x00000000080037c0       0xbc USB_DEVICE/App/usbd_cdc_if.o
 .text.CDC_Receive_FS
                0x000000000800387c       0x28 USB_DEVICE/App/usbd_cdc_if.o
 .text.CDC_Transmit_FS
                0x00000000080038a4       0x4c USB_DEVICE/App/usbd_cdc_if.o
                0x00000000080038a4                CDC_Transmit_FS
 .text.CDC_TransmitCplt_FS
                0x00000000080038f0       0x22 USB_DEVICE/App/usbd_cdc_if.o
 *fill*         0x0000000008003912        0x2 
 .text.USBD_FS_DeviceDescriptor
                0x0000000008003914       0x24 USB_DEVICE/App/usbd_desc.o
                0x0000000008003914                USBD_FS_DeviceDescriptor
 .text.USBD_FS_LangIDStrDescriptor
                0x0000000008003938       0x24 USB_DEVICE/App/usbd_desc.o
                0x0000000008003938                USBD_FS_LangIDStrDescriptor
 .text.USBD_FS_ProductStrDescriptor
                0x000000000800395c       0x3c USB_DEVICE/App/usbd_desc.o
                0x000000000800395c                USBD_FS_ProductStrDescriptor
 .text.USBD_FS_ManufacturerStrDescriptor
                0x0000000008003998       0x28 USB_DEVICE/App/usbd_desc.o
                0x0000000008003998                USBD_FS_ManufacturerStrDescriptor
 .text.USBD_FS_SerialStrDescriptor
                0x00000000080039c0       0x24 USB_DEVICE/App/usbd_desc.o
                0x00000000080039c0                USBD_FS_SerialStrDescriptor
 .text.USBD_FS_ConfigStrDescriptor
                0x00000000080039e4       0x3c USB_DEVICE/App/usbd_desc.o
                0x00000000080039e4                USBD_FS_ConfigStrDescriptor
 .text.USBD_FS_InterfaceStrDescriptor
                0x0000000008003a20       0x3c USB_DEVICE/App/usbd_desc.o
                0x0000000008003a20                USBD_FS_InterfaceStrDescriptor
 .text.Get_SerialNum
                0x0000000008003a5c       0x58 USB_DEVICE/App/usbd_desc.o
 .text.IntToUnicode
                0x0000000008003ab4       0x7e USB_DEVICE/App/usbd_desc.o
 *fill*         0x0000000008003b32        0x2 
 .text.HAL_PCD_MspInit
                0x0000000008003b34       0x98 USB_DEVICE/Target/usbd_conf.o
                0x0000000008003b34                HAL_PCD_MspInit
 .text.USBD_LL_Init
                0x0000000008003bcc       0x98 USB_DEVICE/Target/usbd_conf.o
                0x0000000008003bcc                USBD_LL_Init
 .text.USBD_LL_Start
                0x0000000008003c64       0x36 USB_DEVICE/Target/usbd_conf.o
                0x0000000008003c64                USBD_LL_Start
 .text.USBD_LL_OpenEP
                0x0000000008003c9a       0x4c USB_DEVICE/Target/usbd_conf.o
                0x0000000008003c9a                USBD_LL_OpenEP
 .text.USBD_LL_CloseEP
                0x0000000008003ce6       0x3e USB_DEVICE/Target/usbd_conf.o
                0x0000000008003ce6                USBD_LL_CloseEP
 .text.USBD_LL_StallEP
                0x0000000008003d24       0x3e USB_DEVICE/Target/usbd_conf.o
                0x0000000008003d24                USBD_LL_StallEP
 .text.USBD_LL_Transmit
                0x0000000008003d62       0x42 USB_DEVICE/Target/usbd_conf.o
                0x0000000008003d62                USBD_LL_Transmit
 .text.USBD_LL_PrepareReceive
                0x0000000008003da4       0x42 USB_DEVICE/Target/usbd_conf.o
                0x0000000008003da4                USBD_LL_PrepareReceive
 .text.USBD_LL_GetRxDataSize
                0x0000000008003de6       0x26 USB_DEVICE/Target/usbd_conf.o
                0x0000000008003de6                USBD_LL_GetRxDataSize
 .text.USBD_static_malloc
                0x0000000008003e0c       0x1c USB_DEVICE/Target/usbd_conf.o
                0x0000000008003e0c                USBD_static_malloc
 .text.USBD_static_free
                0x0000000008003e28       0x14 USB_DEVICE/Target/usbd_conf.o
                0x0000000008003e28                USBD_static_free
 .text.USBD_Get_USB_Status
                0x0000000008003e3c       0x58 USB_DEVICE/Target/usbd_conf.o
                0x0000000008003e3c                USBD_Get_USB_Status
 .text.__libc_init_array
                0x0000000008003e94       0x48 /opt/st/stm32cubeide_1.6.0/plugins/com.st.stm32cube.ide.mcu.externaltools.gnu-tools-for-stm32.9-2020-q2-update.linux64_1.5.0.202011040924/tools/bin/../lib/gcc/arm-none-eabi/9.3.1/../../../../arm-none-eabi/lib/thumb/v7e-m+fp/hard/libc_nano.a(lib_a-init.o)
                0x0000000008003e94                __libc_init_array
 .text.memset   0x0000000008003edc       0x10 /opt/st/stm32cubeide_1.6.0/plugins/com.st.stm32cube.ide.mcu.externaltools.gnu-tools-for-stm32.9-2020-q2-update.linux64_1.5.0.202011040924/tools/bin/../lib/gcc/arm-none-eabi/9.3.1/../../../../arm-none-eabi/lib/thumb/v7e-m+fp/hard/libc_nano.a(lib_a-memset.o)
                0x0000000008003edc                memset
 *(.glue_7)
 .glue_7        0x0000000008003eec        0x0 linker stubs
 *(.glue_7t)
 .glue_7t       0x0000000008003eec        0x0 linker stubs
 *(.eh_frame)
 .eh_frame      0x0000000008003eec        0x0 /opt/st/stm32cubeide_1.6.0/plugins/com.st.stm32cube.ide.mcu.externaltools.gnu-tools-for-stm32.9-2020-q2-update.linux64_1.5.0.202011040924/tools/bin/../lib/gcc/arm-none-eabi/9.3.1/thumb/v7e-m+fp/hard/crtbegin.o
 *(.init)
 .init          0x0000000008003eec        0x4 /opt/st/stm32cubeide_1.6.0/plugins/com.st.stm32cube.ide.mcu.externaltools.gnu-tools-for-stm32.9-2020-q2-update.linux64_1.5.0.202011040924/tools/bin/../lib/gcc/arm-none-eabi/9.3.1/thumb/v7e-m+fp/hard/crti.o
                0x0000000008003eec                _init
 .init          0x0000000008003ef0        0x8 /opt/st/stm32cubeide_1.6.0/plugins/com.st.stm32cube.ide.mcu.externaltools.gnu-tools-for-stm32.9-2020-q2-update.linux64_1.5.0.202011040924/tools/bin/../lib/gcc/arm-none-eabi/9.3.1/thumb/v7e-m+fp/hard/crtn.o
 *(.fini)
 .fini          0x0000000008003ef8        0x4 /opt/st/stm32cubeide_1.6.0/plugins/com.st.stm32cube.ide.mcu.externaltools.gnu-tools-for-stm32.9-2020-q2-update.linux64_1.5.0.202011040924/tools/bin/../lib/gcc/arm-none-eabi/9.3.1/thumb/v7e-m+fp/hard/crti.o
                0x0000000008003ef8                _fini
 .fini          0x0000000008003efc        0x8 /opt/st/stm32cubeide_1.6.0/plugins/com.st.stm32cube.ide.mcu.externaltools.gnu-tools-for-stm32.9-2020-q2-update.linux64_1.5.0.202011040924/tools/bin/../lib/gcc/arm-none-eabi/9.3.1/thumb/v7e-m+fp/hard/crtn.o
                0x0000000008003f04                . = ALIGN (0x4)
                0x0000000008003f04                _etext = .

.vfp11_veneer   0x0000000008003f04        0x0
 .vfp11_veneer  0x0000000008003f04        0x0 linker stubs

.v4_bx          0x0000000008003f04        0x0
 .v4_bx         0x0000000008003f04        0x0 linker stubs

.iplt           0x0000000008003f04        0x0
 .iplt          0x0000000008003f04        0x0 /opt/st/stm32cubeide_1.6.0/plugins/com.st.stm32cube.ide.mcu.externaltools.gnu-tools-for-stm32.9-2020-q2-update.linux64_1.5.0.202011040924/tools/bin/../lib/gcc/arm-none-eabi/9.3.1/thumb/v7e-m+fp/hard/crtbegin.o

.rodata         0x0000000008003f04       0x60
                0x0000000008003f04                . = ALIGN (0x4)
 *(.rodata)
 .rodata        0x0000000008003f04        0x6 Core/Src/main.o
 *fill*         0x0000000008003f0a        0x2 
 .rodata        0x0000000008003f0c       0x46 USB_DEVICE/App/usbd_desc.o
 *(.rodata*)
 *fill*         0x0000000008003f52        0x2 
 .rodata.AHBPrescTable
                0x0000000008003f54       0x10 Core/Src/system_stm32f4xx.o
                0x0000000008003f54                AHBPrescTable
                0x0000000008003f64                . = ALIGN (0x4)

.ARM.extab      0x0000000008003f64        0x0
                0x0000000008003f64                . = ALIGN (0x4)
 *(.ARM.extab* .gnu.linkonce.armextab.*)
                0x0000000008003f64                . = ALIGN (0x4)

.ARM            0x0000000008003f64        0x8
                0x0000000008003f64                . = ALIGN (0x4)
                0x0000000008003f64                __exidx_start = .
 *(.ARM.exidx*)
 .ARM.exidx     0x0000000008003f64        0x8 /opt/st/stm32cubeide_1.6.0/plugins/com.st.stm32cube.ide.mcu.externaltools.gnu-tools-for-stm32.9-2020-q2-update.linux64_1.5.0.202011040924/tools/bin/../lib/gcc/arm-none-eabi/9.3.1/thumb/v7e-m+fp/hard/libgcc.a(_udivmoddi4.o)
                0x0000000008003f6c                __exidx_end = .
                0x0000000008003f6c                . = ALIGN (0x4)

.rel.dyn        0x0000000008003f6c        0x0
 .rel.iplt      0x0000000008003f6c        0x0 /opt/st/stm32cubeide_1.6.0/plugins/com.st.stm32cube.ide.mcu.externaltools.gnu-tools-for-stm32.9-2020-q2-update.linux64_1.5.0.202011040924/tools/bin/../lib/gcc/arm-none-eabi/9.3.1/thumb/v7e-m+fp/hard/crtbegin.o

.preinit_array  0x0000000008003f6c        0x0
                0x0000000008003f6c                . = ALIGN (0x4)
                0x0000000008003f6c                PROVIDE (__preinit_array_start = .)
 *(.preinit_array*)
                0x0000000008003f6c                PROVIDE (__preinit_array_end = .)
                0x0000000008003f6c                . = ALIGN (0x4)

.init_array     0x0000000008003f6c        0x4
                0x0000000008003f6c                . = ALIGN (0x4)
                0x0000000008003f6c                PROVIDE (__init_array_start = .)
 *(SORT_BY_NAME(.init_array.*))
 *(.init_array*)
 .init_array    0x0000000008003f6c        0x4 /opt/st/stm32cubeide_1.6.0/plugins/com.st.stm32cube.ide.mcu.externaltools.gnu-tools-for-stm32.9-2020-q2-update.linux64_1.5.0.202011040924/tools/bin/../lib/gcc/arm-none-eabi/9.3.1/thumb/v7e-m+fp/hard/crtbegin.o
                0x0000000008003f70                PROVIDE (__init_array_end = .)
                0x0000000008003f70                . = ALIGN (0x4)

.fini_array     0x0000000008003f70        0x4
                0x0000000008003f70                . = ALIGN (0x4)
                [!provide]                        PROVIDE (__fini_array_start = .)
 *(SORT_BY_NAME(.fini_array.*))
 *(.fini_array*)
 .fini_array    0x0000000008003f70        0x4 /opt/st/stm32cubeide_1.6.0/plugins/com.st.stm32cube.ide.mcu.externaltools.gnu-tools-for-stm32.9-2020-q2-update.linux64_1.5.0.202011040924/tools/bin/../lib/gcc/arm-none-eabi/9.3.1/thumb/v7e-m+fp/hard/crtbegin.o
                [!provide]                        PROVIDE (__fini_array_end = .)
                0x0000000008003f74                . = ALIGN (0x4)
                0x0000000008003f74                _sidata = LOADADDR (.data)

.data           0x0000000020000000      0x180 load address 0x0000000008003f74
                0x0000000020000000                . = ALIGN (0x4)
                0x0000000020000000                _sdata = .
 *(.data)
 *(.data*)
 .data.SystemCoreClock
                0x0000000020000000        0x4 Core/Src/system_stm32f4xx.o
                0x0000000020000000                SystemCoreClock
 .data.uwTickPrio
                0x0000000020000004        0x4 Drivers/STM32F4xx_HAL_Driver/Src/stm32f4xx_hal.o
                0x0000000020000004                uwTickPrio
 .data.uwTickFreq
                0x0000000020000008        0x1 Drivers/STM32F4xx_HAL_Driver/Src/stm32f4xx_hal.o
                0x0000000020000008                uwTickFreq
 *fill*         0x0000000020000009        0x3 
 .data.USBD_CDC_DeviceQualifierDesc
                0x000000002000000c        0xa Middlewares/ST/STM32_USB_Device_Library/Class/CDC/Src/usbd_cdc.o
 *fill*         0x0000000020000016        0x2 
 .data.USBD_CDC
                0x0000000020000018       0x38 Middlewares/ST/STM32_USB_Device_Library/Class/CDC/Src/usbd_cdc.o
                0x0000000020000018                USBD_CDC
 .data.USBD_CDC_CfgHSDesc
                0x0000000020000050       0x43 Middlewares/ST/STM32_USB_Device_Library/Class/CDC/Src/usbd_cdc.o
 *fill*         0x0000000020000093        0x1 
 .data.USBD_CDC_CfgFSDesc
                0x0000000020000094       0x43 Middlewares/ST/STM32_USB_Device_Library/Class/CDC/Src/usbd_cdc.o
 *fill*         0x00000000200000d7        0x1 
 .data.USBD_CDC_OtherSpeedCfgDesc
                0x00000000200000d8       0x43 Middlewares/ST/STM32_USB_Device_Library/Class/CDC/Src/usbd_cdc.o
 *fill*         0x000000002000011b        0x1 
 .data.USBD_Interface_fops_FS
                0x000000002000011c       0x14 USB_DEVICE/App/usbd_cdc_if.o
                0x000000002000011c                USBD_Interface_fops_FS
 .data.FS_Desc  0x0000000020000130       0x1c USB_DEVICE/App/usbd_desc.o
                0x0000000020000130                FS_Desc
 .data.USBD_FS_DeviceDesc
                0x000000002000014c       0x12 USB_DEVICE/App/usbd_desc.o
                0x000000002000014c                USBD_FS_DeviceDesc
 *fill*         0x000000002000015e        0x2 
 .data.USBD_LangIDDesc
                0x0000000020000160        0x4 USB_DEVICE/App/usbd_desc.o
                0x0000000020000160                USBD_LangIDDesc
 .data.USBD_StringSerial
                0x0000000020000164       0x1a USB_DEVICE/App/usbd_desc.o
                0x0000000020000164                USBD_StringSerial
 *(.RamFunc)
 *(.RamFunc*)
                0x0000000020000180                . = ALIGN (0x4)
 *fill*         0x000000002000017e        0x2 
                0x0000000020000180                _edata = .

.igot.plt       0x0000000020000180        0x0 load address 0x00000000080040f4
 .igot.plt      0x0000000020000180        0x0 /opt/st/stm32cubeide_1.6.0/plugins/com.st.stm32cube.ide.mcu.externaltools.gnu-tools-for-stm32.9-2020-q2-update.linux64_1.5.0.202011040924/tools/bin/../lib/gcc/arm-none-eabi/9.3.1/thumb/v7e-m+fp/hard/crtbegin.o
                0x0000000020000180                . = ALIGN (0x4)

.bss            0x0000000020000180     0x1b18 load address 0x00000000080040f4
                0x0000000020000180                _sbss = .
                0x0000000020000180                __bss_start__ = _sbss
 *(.bss)
 .bss           0x0000000020000180       0x1c /opt/st/stm32cubeide_1.6.0/plugins/com.st.stm32cube.ide.mcu.externaltools.gnu-tools-for-stm32.9-2020-q2-update.linux64_1.5.0.202011040924/tools/bin/../lib/gcc/arm-none-eabi/9.3.1/thumb/v7e-m+fp/hard/crtbegin.o
 *(.bss*)
 .bss.mem.9902  0x000000002000019c      0x220 USB_DEVICE/Target/usbd_conf.o
 *(COMMON)
 COMMON         0x00000000200003bc        0x4 Drivers/STM32F4xx_HAL_Driver/Src/stm32f4xx_hal.o
                0x00000000200003bc                uwTick
 COMMON         0x00000000200003c0      0x2d0 USB_DEVICE/App/usb_device.o
                0x00000000200003c0                hUsbDeviceFS
 COMMON         0x0000000020000690     0x1000 USB_DEVICE/App/usbd_cdc_if.o
                0x0000000020000690                UserRxBufferFS
                0x0000000020000e90                UserTxBufferFS
 COMMON         0x0000000020001690      0x200 USB_DEVICE/App/usbd_desc.o
                0x0000000020001690                USBD_StrDesc
 COMMON         0x0000000020001890      0x408 USB_DEVICE/Target/usbd_conf.o
                0x0000000020001890                hpcd_USB_OTG_FS
                0x0000000020001c98                . = ALIGN (0x4)
                0x0000000020001c98                _ebss = .
                0x0000000020001c98                __bss_end__ = _ebss

._user_heap_stack
                0x0000000020001c98      0x600 load address 0x00000000080040f4
                0x0000000020001c98                . = ALIGN (0x8)
                [!provide]                        PROVIDE (end = .)
                0x0000000020001c98                PROVIDE (_end = .)
                0x0000000020001e98                . = (. + _Min_Heap_Size)
 *fill*         0x0000000020001c98      0x200 
                0x0000000020002298                . = (. + _Min_Stack_Size)
 *fill*         0x0000000020001e98      0x400 
                0x0000000020002298                . = ALIGN (0x8)

/DISCARD/
 libc.a(*)
 libm.a(*)
 libgcc.a(*)

.ARM.attributes
                0x0000000000000000       0x30
 *(.ARM.attributes)
 .ARM.attributes
                0x0000000000000000       0x1e /opt/st/stm32cubeide_1.6.0/plugins/com.st.stm32cube.ide.mcu.externaltools.gnu-tools-for-stm32.9-2020-q2-update.linux64_1.5.0.202011040924/tools/bin/../lib/gcc/arm-none-eabi/9.3.1/thumb/v7e-m+fp/hard/crti.o
 .ARM.attributes
                0x000000000000001e       0x34 /opt/st/stm32cubeide_1.6.0/plugins/com.st.stm32cube.ide.mcu.externaltools.gnu-tools-for-stm32.9-2020-q2-update.linux64_1.5.0.202011040924/tools/bin/../lib/gcc/arm-none-eabi/9.3.1/thumb/v7e-m+fp/hard/crtbegin.o
 .ARM.attributes
                0x0000000000000052       0x34 Core/Src/main.o
 .ARM.attributes
                0x0000000000000086       0x34 Core/Src/stm32f4xx_hal_msp.o
 .ARM.attributes
                0x00000000000000ba       0x34 Core/Src/stm32f4xx_it.o
 .ARM.attributes
                0x00000000000000ee       0x34 Core/Src/system_stm32f4xx.o
 .ARM.attributes
                0x0000000000000122       0x21 Core/Startup/startup_stm32f405rgtx.o
 .ARM.attributes
                0x0000000000000143       0x34 Drivers/STM32F4xx_HAL_Driver/Src/stm32f4xx_hal.o
 .ARM.attributes
                0x0000000000000177       0x34 Drivers/STM32F4xx_HAL_Driver/Src/stm32f4xx_hal_cortex.o
 .ARM.attributes
                0x00000000000001ab       0x34 Drivers/STM32F4xx_HAL_Driver/Src/stm32f4xx_hal_gpio.o
 .ARM.attributes
                0x00000000000001df       0x34 Drivers/STM32F4xx_HAL_Driver/Src/stm32f4xx_hal_pcd.o
 .ARM.attributes
                0x0000000000000213       0x34 Drivers/STM32F4xx_HAL_Driver/Src/stm32f4xx_hal_pcd_ex.o
 .ARM.attributes
                0x0000000000000247       0x34 Drivers/STM32F4xx_HAL_Driver/Src/stm32f4xx_hal_rcc.o
 .ARM.attributes
                0x000000000000027b       0x34 Drivers/STM32F4xx_HAL_Driver/Src/stm32f4xx_ll_usb.o
 .ARM.attributes
                0x00000000000002af       0x34 Middlewares/ST/STM32_USB_Device_Library/Class/CDC/Src/usbd_cdc.o
 .ARM.attributes
                0x00000000000002e3       0x34 Middlewares/ST/STM32_USB_Device_Library/Core/Src/usbd_core.o
 .ARM.attributes
                0x0000000000000317       0x34 Middlewares/ST/STM32_USB_Device_Library/Core/Src/usbd_ctlreq.o
 .ARM.attributes
                0x000000000000034b       0x34 Middlewares/ST/STM32_USB_Device_Library/Core/Src/usbd_ioreq.o
 .ARM.attributes
                0x000000000000037f       0x34 USB_DEVICE/App/usb_device.o
 .ARM.attributes
                0x00000000000003b3       0x34 USB_DEVICE/App/usbd_cdc_if.o
 .ARM.attributes
                0x00000000000003e7       0x34 USB_DEVICE/App/usbd_desc.o
 .ARM.attributes
                0x000000000000041b       0x34 USB_DEVICE/Target/usbd_conf.o
 .ARM.attributes
                0x000000000000044f       0x34 /opt/st/stm32cubeide_1.6.0/plugins/com.st.stm32cube.ide.mcu.externaltools.gnu-tools-for-stm32.9-2020-q2-update.linux64_1.5.0.202011040924/tools/bin/../lib/gcc/arm-none-eabi/9.3.1/../../../../arm-none-eabi/lib/thumb/v7e-m+fp/hard/libc_nano.a(lib_a-init.o)
 .ARM.attributes
                0x0000000000000483       0x34 /opt/st/stm32cubeide_1.6.0/plugins/com.st.stm32cube.ide.mcu.externaltools.gnu-tools-for-stm32.9-2020-q2-update.linux64_1.5.0.202011040924/tools/bin/../lib/gcc/arm-none-eabi/9.3.1/../../../../arm-none-eabi/lib/thumb/v7e-m+fp/hard/libc_nano.a(lib_a-memset.o)
 .ARM.attributes
                0x00000000000004b7       0x17 /opt/st/stm32cubeide_1.6.0/plugins/com.st.stm32cube.ide.mcu.externaltools.gnu-tools-for-stm32.9-2020-q2-update.linux64_1.5.0.202011040924/tools/bin/../lib/gcc/arm-none-eabi/9.3.1/../../../../arm-none-eabi/lib/thumb/v7e-m+fp/hard/libc_nano.a(lib_a-strlen.o)
 .ARM.attributes
                0x00000000000004ce       0x1e /opt/st/stm32cubeide_1.6.0/plugins/com.st.stm32cube.ide.mcu.externaltools.gnu-tools-for-stm32.9-2020-q2-update.linux64_1.5.0.202011040924/tools/bin/../lib/gcc/arm-none-eabi/9.3.1/thumb/v7e-m+fp/hard/libgcc.a(_aeabi_uldivmod.o)
 .ARM.attributes
                0x00000000000004ec       0x34 /opt/st/stm32cubeide_1.6.0/plugins/com.st.stm32cube.ide.mcu.externaltools.gnu-tools-for-stm32.9-2020-q2-update.linux64_1.5.0.202011040924/tools/bin/../lib/gcc/arm-none-eabi/9.3.1/thumb/v7e-m+fp/hard/libgcc.a(_udivmoddi4.o)
 .ARM.attributes
                0x0000000000000520       0x1e /opt/st/stm32cubeide_1.6.0/plugins/com.st.stm32cube.ide.mcu.externaltools.gnu-tools-for-stm32.9-2020-q2-update.linux64_1.5.0.202011040924/tools/bin/../lib/gcc/arm-none-eabi/9.3.1/thumb/v7e-m+fp/hard/libgcc.a(_dvmd_tls.o)
 .ARM.attributes
                0x000000000000053e       0x1e /opt/st/stm32cubeide_1.6.0/plugins/com.st.stm32cube.ide.mcu.externaltools.gnu-tools-for-stm32.9-2020-q2-update.linux64_1.5.0.202011040924/tools/bin/../lib/gcc/arm-none-eabi/9.3.1/thumb/v7e-m+fp/hard/crtn.o
OUTPUT(adafruit-stm32F405-E-Project.elf elf32-littlearm)
LOAD linker stubs
LOAD /opt/st/stm32cubeide_1.6.0/plugins/com.st.stm32cube.ide.mcu.externaltools.gnu-tools-for-stm32.9-2020-q2-update.linux64_1.5.0.202011040924/tools/bin/../lib/gcc/arm-none-eabi/9.3.1/../../../../arm-none-eabi/lib/thumb/v7e-m+fp/hard/libc.a
LOAD /opt/st/stm32cubeide_1.6.0/plugins/com.st.stm32cube.ide.mcu.externaltools.gnu-tools-for-stm32.9-2020-q2-update.linux64_1.5.0.202011040924/tools/bin/../lib/gcc/arm-none-eabi/9.3.1/../../../../arm-none-eabi/lib/thumb/v7e-m+fp/hard/libm.a
LOAD /opt/st/stm32cubeide_1.6.0/plugins/com.st.stm32cube.ide.mcu.externaltools.gnu-tools-for-stm32.9-2020-q2-update.linux64_1.5.0.202011040924/tools/bin/../lib/gcc/arm-none-eabi/9.3.1/thumb/v7e-m+fp/hard/libgcc.a

.debug_info     0x0000000000000000    0x12100
 .debug_info    0x0000000000000000     0x141a Core/Src/main.o
 .debug_info    0x000000000000141a      0x394 Core/Src/stm32f4xx_hal_msp.o
 .debug_info    0x00000000000017ae      0x222 Core/Src/stm32f4xx_it.o
 .debug_info    0x00000000000019d0      0x5a4 Core/Src/system_stm32f4xx.o
 .debug_info    0x0000000000001f74       0x22 Core/Startup/startup_stm32f405rgtx.o
 .debug_info    0x0000000000001f96      0x9a0 Drivers/STM32F4xx_HAL_Driver/Src/stm32f4xx_hal.o
 .debug_info    0x0000000000002936      0xec5 Drivers/STM32F4xx_HAL_Driver/Src/stm32f4xx_hal_cortex.o
 .debug_info    0x00000000000037fb      0x83e Drivers/STM32F4xx_HAL_Driver/Src/stm32f4xx_hal_gpio.o
 .debug_info    0x0000000000004039     0x12dd Drivers/STM32F4xx_HAL_Driver/Src/stm32f4xx_hal_pcd.o
 .debug_info    0x0000000000005316      0x7c3 Drivers/STM32F4xx_HAL_Driver/Src/stm32f4xx_hal_pcd_ex.o
 .debug_info    0x0000000000005ad9      0x996 Drivers/STM32F4xx_HAL_Driver/Src/stm32f4xx_hal_rcc.o
 .debug_info    0x000000000000646f     0x1ab4 Drivers/STM32F4xx_HAL_Driver/Src/stm32f4xx_ll_usb.o
 .debug_info    0x0000000000007f23     0x198b Middlewares/ST/STM32_USB_Device_Library/Class/CDC/Src/usbd_cdc.o
 .debug_info    0x00000000000098ae     0x13a7 Middlewares/ST/STM32_USB_Device_Library/Core/Src/usbd_core.o
 .debug_info    0x000000000000ac55     0x1373 Middlewares/ST/STM32_USB_Device_Library/Core/Src/usbd_ctlreq.o
 .debug_info    0x000000000000bfc8     0x1095 Middlewares/ST/STM32_USB_Device_Library/Core/Src/usbd_ioreq.o
 .debug_info    0x000000000000d05d      0xffe USB_DEVICE/App/usb_device.o
 .debug_info    0x000000000000e05b     0x122f USB_DEVICE/App/usbd_cdc_if.o
 .debug_info    0x000000000000f28a      0xdfa USB_DEVICE/App/usbd_desc.o
 .debug_info    0x0000000000010084     0x207c USB_DEVICE/Target/usbd_conf.o

.debug_abbrev   0x0000000000000000     0x2c6c
 .debug_abbrev  0x0000000000000000      0x29f Core/Src/main.o
 .debug_abbrev  0x000000000000029f      0x11d Core/Src/stm32f4xx_hal_msp.o
 .debug_abbrev  0x00000000000003bc       0xd2 Core/Src/stm32f4xx_it.o
 .debug_abbrev  0x000000000000048e      0x145 Core/Src/system_stm32f4xx.o
 .debug_abbrev  0x00000000000005d3       0x12 Core/Startup/startup_stm32f405rgtx.o
 .debug_abbrev  0x00000000000005e5      0x1ed Drivers/STM32F4xx_HAL_Driver/Src/stm32f4xx_hal.o
 .debug_abbrev  0x00000000000007d2      0x33c Drivers/STM32F4xx_HAL_Driver/Src/stm32f4xx_hal_cortex.o
 .debug_abbrev  0x0000000000000b0e      0x1f1 Drivers/STM32F4xx_HAL_Driver/Src/stm32f4xx_hal_gpio.o
 .debug_abbrev  0x0000000000000cff      0x2a0 Drivers/STM32F4xx_HAL_Driver/Src/stm32f4xx_hal_pcd.o
 .debug_abbrev  0x0000000000000f9f      0x1fb Drivers/STM32F4xx_HAL_Driver/Src/stm32f4xx_hal_pcd_ex.o
 .debug_abbrev  0x000000000000119a      0x275 Drivers/STM32F4xx_HAL_Driver/Src/stm32f4xx_hal_rcc.o
 .debug_abbrev  0x000000000000140f      0x2a7 Drivers/STM32F4xx_HAL_Driver/Src/stm32f4xx_ll_usb.o
 .debug_abbrev  0x00000000000016b6      0x2fc Middlewares/ST/STM32_USB_Device_Library/Class/CDC/Src/usbd_cdc.o
 .debug_abbrev  0x00000000000019b2      0x2b7 Middlewares/ST/STM32_USB_Device_Library/Core/Src/usbd_core.o
 .debug_abbrev  0x0000000000001c69      0x2fc Middlewares/ST/STM32_USB_Device_Library/Core/Src/usbd_ctlreq.o
 .debug_abbrev  0x0000000000001f65      0x22a Middlewares/ST/STM32_USB_Device_Library/Core/Src/usbd_ioreq.o
 .debug_abbrev  0x000000000000218f      0x204 USB_DEVICE/App/usb_device.o
 .debug_abbrev  0x0000000000002393      0x30c USB_DEVICE/App/usbd_cdc_if.o
 .debug_abbrev  0x000000000000269f      0x2aa USB_DEVICE/App/usbd_desc.o
 .debug_abbrev  0x0000000000002949      0x323 USB_DEVICE/Target/usbd_conf.o

.debug_aranges  0x0000000000000000      0xaf8
 .debug_aranges
                0x0000000000000000       0x38 Core/Src/main.o
 .debug_aranges
                0x0000000000000038       0x20 Core/Src/stm32f4xx_hal_msp.o
 .debug_aranges
                0x0000000000000058       0x60 Core/Src/stm32f4xx_it.o
 .debug_aranges
                0x00000000000000b8       0x28 Core/Src/system_stm32f4xx.o
 .debug_aranges
                0x00000000000000e0       0x28 Core/Startup/startup_stm32f405rgtx.o
 .debug_aranges
                0x0000000000000108       0xf0 Drivers/STM32F4xx_HAL_Driver/Src/stm32f4xx_hal.o
 .debug_aranges
                0x00000000000001f8      0x118 Drivers/STM32F4xx_HAL_Driver/Src/stm32f4xx_hal_cortex.o
 .debug_aranges
                0x0000000000000310       0x58 Drivers/STM32F4xx_HAL_Driver/Src/stm32f4xx_hal_gpio.o
 .debug_aranges
                0x0000000000000368      0x138 Drivers/STM32F4xx_HAL_Driver/Src/stm32f4xx_hal_pcd.o
 .debug_aranges
                0x00000000000004a0       0x38 Drivers/STM32F4xx_HAL_Driver/Src/stm32f4xx_hal_pcd_ex.o
 .debug_aranges
                0x00000000000004d8       0x88 Drivers/STM32F4xx_HAL_Driver/Src/stm32f4xx_hal_rcc.o
 .debug_aranges
                0x0000000000000560      0x198 Drivers/STM32F4xx_HAL_Driver/Src/stm32f4xx_ll_usb.o
 .debug_aranges
                0x00000000000006f8       0x90 Middlewares/ST/STM32_USB_Device_Library/Class/CDC/Src/usbd_cdc.o
 .debug_aranges
                0x0000000000000788       0xb8 Middlewares/ST/STM32_USB_Device_Library/Core/Src/usbd_core.o
 .debug_aranges
                0x0000000000000840       0x90 Middlewares/ST/STM32_USB_Device_Library/Core/Src/usbd_ctlreq.o
 .debug_aranges
                0x00000000000008d0       0x50 Middlewares/ST/STM32_USB_Device_Library/Core/Src/usbd_ioreq.o
 .debug_aranges
                0x0000000000000920       0x20 USB_DEVICE/App/usb_device.o
 .debug_aranges
                0x0000000000000940       0x48 USB_DEVICE/App/usbd_cdc_if.o
 .debug_aranges
                0x0000000000000988       0x60 USB_DEVICE/App/usbd_desc.o
 .debug_aranges
                0x00000000000009e8      0x110 USB_DEVICE/Target/usbd_conf.o

.debug_ranges   0x0000000000000000      0x9c0
 .debug_ranges  0x0000000000000000       0x28 Core/Src/main.o
 .debug_ranges  0x0000000000000028       0x10 Core/Src/stm32f4xx_hal_msp.o
 .debug_ranges  0x0000000000000038       0x50 Core/Src/stm32f4xx_it.o
 .debug_ranges  0x0000000000000088       0x18 Core/Src/system_stm32f4xx.o
 .debug_ranges  0x00000000000000a0       0x20 Core/Startup/startup_stm32f405rgtx.o
 .debug_ranges  0x00000000000000c0       0xe0 Drivers/STM32F4xx_HAL_Driver/Src/stm32f4xx_hal.o
 .debug_ranges  0x00000000000001a0      0x108 Drivers/STM32F4xx_HAL_Driver/Src/stm32f4xx_hal_cortex.o
 .debug_ranges  0x00000000000002a8       0x48 Drivers/STM32F4xx_HAL_Driver/Src/stm32f4xx_hal_gpio.o
 .debug_ranges  0x00000000000002f0      0x128 Drivers/STM32F4xx_HAL_Driver/Src/stm32f4xx_hal_pcd.o
 .debug_ranges  0x0000000000000418       0x28 Drivers/STM32F4xx_HAL_Driver/Src/stm32f4xx_hal_pcd_ex.o
 .debug_ranges  0x0000000000000440       0x78 Drivers/STM32F4xx_HAL_Driver/Src/stm32f4xx_hal_rcc.o
 .debug_ranges  0x00000000000004b8      0x188 Drivers/STM32F4xx_HAL_Driver/Src/stm32f4xx_ll_usb.o
 .debug_ranges  0x0000000000000640       0x80 Middlewares/ST/STM32_USB_Device_Library/Class/CDC/Src/usbd_cdc.o
 .debug_ranges  0x00000000000006c0       0xa8 Middlewares/ST/STM32_USB_Device_Library/Core/Src/usbd_core.o
 .debug_ranges  0x0000000000000768       0x80 Middlewares/ST/STM32_USB_Device_Library/Core/Src/usbd_ctlreq.o
 .debug_ranges  0x00000000000007e8       0x40 Middlewares/ST/STM32_USB_Device_Library/Core/Src/usbd_ioreq.o
 .debug_ranges  0x0000000000000828       0x10 USB_DEVICE/App/usb_device.o
 .debug_ranges  0x0000000000000838       0x38 USB_DEVICE/App/usbd_cdc_if.o
 .debug_ranges  0x0000000000000870       0x50 USB_DEVICE/App/usbd_desc.o
 .debug_ranges  0x00000000000008c0      0x100 USB_DEVICE/Target/usbd_conf.o

.debug_macro    0x0000000000000000    0x20f14
 .debug_macro   0x0000000000000000      0x413 Core/Src/main.o
 .debug_macro   0x0000000000000413      0xaa8 Core/Src/main.o
 .debug_macro   0x0000000000000ebb      0x295 Core/Src/main.o
 .debug_macro   0x0000000000001150       0x2e Core/Src/main.o
 .debug_macro   0x000000000000117e       0x2f Core/Src/main.o
 .debug_macro   0x00000000000011ad       0x22 Core/Src/main.o
 .debug_macro   0x00000000000011cf       0x8e Core/Src/main.o
 .debug_macro   0x000000000000125d       0x51 Core/Src/main.o
 .debug_macro   0x00000000000012ae      0x103 Core/Src/main.o
 .debug_macro   0x00000000000013b1       0x6a Core/Src/main.o
 .debug_macro   0x000000000000141b      0x1df Core/Src/main.o
 .debug_macro   0x00000000000015fa       0x1c Core/Src/main.o
 .debug_macro   0x0000000000001616       0x22 Core/Src/main.o
 .debug_macro   0x0000000000001638       0xdf Core/Src/main.o
 .debug_macro   0x0000000000001717     0x102d Core/Src/main.o
 .debug_macro   0x0000000000002744      0x11f Core/Src/main.o
 .debug_macro   0x0000000000002863    0x1426d Core/Src/main.o
 .debug_macro   0x0000000000016ad0       0x6d Core/Src/main.o
 .debug_macro   0x0000000000016b3d     0x3666 Core/Src/main.o
 .debug_macro   0x000000000001a1a3      0x174 Core/Src/main.o
 .debug_macro   0x000000000001a317       0x5c Core/Src/main.o
 .debug_macro   0x000000000001a373      0x8a7 Core/Src/main.o
 .debug_macro   0x000000000001ac1a      0x9fe Core/Src/main.o
 .debug_macro   0x000000000001b618      0x116 Core/Src/main.o
 .debug_macro   0x000000000001b72e      0x130 Core/Src/main.o
 .debug_macro   0x000000000001b85e       0xa5 Core/Src/main.o
 .debug_macro   0x000000000001b903      0x174 Core/Src/main.o
 .debug_macro   0x000000000001ba77      0x287 Core/Src/main.o
 .debug_macro   0x000000000001bcfe       0x5f Core/Src/main.o
 .debug_macro   0x000000000001bd5d      0x236 Core/Src/main.o
 .debug_macro   0x000000000001bf93      0x12c Core/Src/main.o
 .debug_macro   0x000000000001c0bf      0x21e Core/Src/main.o
 .debug_macro   0x000000000001c2dd       0x2e Core/Src/main.o
 .debug_macro   0x000000000001c30b      0x11a Core/Src/main.o
 .debug_macro   0x000000000001c425       0x7e Core/Src/main.o
 .debug_macro   0x000000000001c4a3       0x89 Core/Src/main.o
 .debug_macro   0x000000000001c52c      0x21e Core/Src/main.o
 .debug_macro   0x000000000001c74a       0xba Core/Src/main.o
 .debug_macro   0x000000000001c804      0x12d Core/Src/main.o
 .debug_macro   0x000000000001c931       0x52 Core/Src/main.o
 .debug_macro   0x000000000001c983       0x18 Core/Src/main.o
 .debug_macro   0x000000000001c99b       0x3c Core/Src/main.o
 .debug_macro   0x000000000001c9d7       0x34 Core/Src/main.o
 .debug_macro   0x000000000001ca0b       0x16 Core/Src/main.o
 .debug_macro   0x000000000001ca21       0x35 Core/Src/main.o
 .debug_macro   0x000000000001ca56      0x333 Core/Src/main.o
 .debug_macro   0x000000000001cd89       0x10 Core/Src/main.o
 .debug_macro   0x000000000001cd99       0x16 Core/Src/main.o
 .debug_macro   0x000000000001cdaf       0x43 Core/Src/main.o
 .debug_macro   0x000000000001cdf2       0x34 Core/Src/main.o
 .debug_macro   0x000000000001ce26       0x10 Core/Src/main.o
 .debug_macro   0x000000000001ce36       0x58 Core/Src/main.o
 .debug_macro   0x000000000001ce8e       0x71 Core/Src/main.o
 .debug_macro   0x000000000001ceff       0x1c Core/Src/main.o
 .debug_macro   0x000000000001cf1b      0x12a Core/Src/main.o
 .debug_macro   0x000000000001d045       0x10 Core/Src/main.o
 .debug_macro   0x000000000001d055       0x1c Core/Src/main.o
 .debug_macro   0x000000000001d071       0x52 Core/Src/main.o
 .debug_macro   0x000000000001d0c3       0x22 Core/Src/main.o
 .debug_macro   0x000000000001d0e5       0x10 Core/Src/main.o
 .debug_macro   0x000000000001d0f5       0x40 Core/Src/main.o
 .debug_macro   0x000000000001d135       0xd5 Core/Src/main.o
 .debug_macro   0x000000000001d20a       0x1c Core/Src/main.o
 .debug_macro   0x000000000001d226       0x3d Core/Src/main.o
 .debug_macro   0x000000000001d263       0x16 Core/Src/main.o
 .debug_macro   0x000000000001d279      0x145 Core/Src/main.o
 .debug_macro   0x000000000001d3be       0x16 Core/Src/main.o
 .debug_macro   0x000000000001d3d4       0x16 Core/Src/main.o
 .debug_macro   0x000000000001d3ea       0x29 Core/Src/main.o
 .debug_macro   0x000000000001d413       0x16 Core/Src/main.o
 .debug_macro   0x000000000001d429       0x20 Core/Src/main.o
 .debug_macro   0x000000000001d449       0x65 Core/Src/main.o
 .debug_macro   0x000000000001d4ae      0x1ef Core/Src/main.o
 .debug_macro   0x000000000001d69d       0x95 Core/Src/main.o
 .debug_macro   0x000000000001d732       0x10 Core/Src/main.o
 .debug_macro   0x000000000001d742      0x1de Core/Src/stm32f4xx_hal_msp.o
 .debug_macro   0x000000000001d920      0x1e8 Core/Src/stm32f4xx_it.o
 .debug_macro   0x000000000001db08      0x1d4 Core/Src/system_stm32f4xx.o
 .debug_macro   0x000000000001dcdc      0x234 Drivers/STM32F4xx_HAL_Driver/Src/stm32f4xx_hal.o
 .debug_macro   0x000000000001df10      0x1d4 Drivers/STM32F4xx_HAL_Driver/Src/stm32f4xx_hal_cortex.o
 .debug_macro   0x000000000001e0e4      0x1da Drivers/STM32F4xx_HAL_Driver/Src/stm32f4xx_hal_gpio.o
 .debug_macro   0x000000000001e2be      0x1e0 Drivers/STM32F4xx_HAL_Driver/Src/stm32f4xx_hal_pcd.o
 .debug_macro   0x000000000001e49e      0x1d4 Drivers/STM32F4xx_HAL_Driver/Src/stm32f4xx_hal_pcd_ex.o
 .debug_macro   0x000000000001e672      0x1f8 Drivers/STM32F4xx_HAL_Driver/Src/stm32f4xx_hal_rcc.o
 .debug_macro   0x000000000001e86a      0x1d4 Drivers/STM32F4xx_HAL_Driver/Src/stm32f4xx_ll_usb.o
 .debug_macro   0x000000000001ea3e      0x3f4 Middlewares/ST/STM32_USB_Device_Library/Class/CDC/Src/usbd_cdc.o
 .debug_macro   0x000000000001ee32       0x97 Middlewares/ST/STM32_USB_Device_Library/Class/CDC/Src/usbd_cdc.o
 .debug_macro   0x000000000001eec9       0xfd Middlewares/ST/STM32_USB_Device_Library/Class/CDC/Src/usbd_cdc.o
 .debug_macro   0x000000000001efc6       0xd9 Middlewares/ST/STM32_USB_Device_Library/Class/CDC/Src/usbd_cdc.o
 .debug_macro   0x000000000001f09f       0x56 Middlewares/ST/STM32_USB_Device_Library/Class/CDC/Src/usbd_cdc.o
 .debug_macro   0x000000000001f0f5      0x3db Middlewares/ST/STM32_USB_Device_Library/Core/Src/usbd_core.o
 .debug_macro   0x000000000001f4d0      0x1f5 Middlewares/ST/STM32_USB_Device_Library/Core/Src/usbd_core.o
 .debug_macro   0x000000000001f6c5      0x3e5 Middlewares/ST/STM32_USB_Device_Library/Core/Src/usbd_ctlreq.o
 .debug_macro   0x000000000001faaa      0x3e1 Middlewares/ST/STM32_USB_Device_Library/Core/Src/usbd_ioreq.o
 .debug_macro   0x000000000001fe8b      0x41a USB_DEVICE/App/usb_device.o
 .debug_macro   0x00000000000202a5       0x22 USB_DEVICE/App/usb_device.o
 .debug_macro   0x00000000000202c7       0x16 USB_DEVICE/App/usb_device.o
 .debug_macro   0x00000000000202dd      0x3ff USB_DEVICE/App/usbd_cdc_if.o
 .debug_macro   0x00000000000206dc      0x41e USB_DEVICE/App/usbd_desc.o
 .debug_macro   0x0000000000020afa       0x1c USB_DEVICE/App/usbd_desc.o
 .debug_macro   0x0000000000020b16      0x3fe USB_DEVICE/Target/usbd_conf.o

.debug_line     0x0000000000000000     0xe435
 .debug_line    0x0000000000000000      0xa82 Core/Src/main.o
 .debug_line    0x0000000000000a82      0x6a1 Core/Src/stm32f4xx_hal_msp.o
 .debug_line    0x0000000000001123      0x763 Core/Src/stm32f4xx_it.o
 .debug_line    0x0000000000001886      0x722 Core/Src/system_stm32f4xx.o
 .debug_line    0x0000000000001fa8       0x88 Core/Startup/startup_stm32f405rgtx.o
 .debug_line    0x0000000000002030      0x988 Drivers/STM32F4xx_HAL_Driver/Src/stm32f4xx_hal.o
 .debug_line    0x00000000000029b8      0xc37 Drivers/STM32F4xx_HAL_Driver/Src/stm32f4xx_hal_cortex.o
 .debug_line    0x00000000000035ef      0xafe Drivers/STM32F4xx_HAL_Driver/Src/stm32f4xx_hal_gpio.o
 .debug_line    0x00000000000040ed     0x12d5 Drivers/STM32F4xx_HAL_Driver/Src/stm32f4xx_hal_pcd.o
 .debug_line    0x00000000000053c2      0x76b Drivers/STM32F4xx_HAL_Driver/Src/stm32f4xx_hal_pcd_ex.o
 .debug_line    0x0000000000005b2d      0xd02 Drivers/STM32F4xx_HAL_Driver/Src/stm32f4xx_hal_rcc.o
 .debug_line    0x000000000000682f     0x1917 Drivers/STM32F4xx_HAL_Driver/Src/stm32f4xx_ll_usb.o
 .debug_line    0x0000000000008146      0xd65 Middlewares/ST/STM32_USB_Device_Library/Class/CDC/Src/usbd_cdc.o
 .debug_line    0x0000000000008eab      0xde8 Middlewares/ST/STM32_USB_Device_Library/Core/Src/usbd_core.o
 .debug_line    0x0000000000009c93     0x1068 Middlewares/ST/STM32_USB_Device_Library/Core/Src/usbd_ctlreq.o
 .debug_line    0x000000000000acfb      0xa3f Middlewares/ST/STM32_USB_Device_Library/Core/Src/usbd_ioreq.o
 .debug_line    0x000000000000b73a      0x9fb USB_DEVICE/App/usb_device.o
 .debug_line    0x000000000000c135      0xa5e USB_DEVICE/App/usbd_cdc_if.o
 .debug_line    0x000000000000cb93      0xac4 USB_DEVICE/App/usbd_desc.o
 .debug_line    0x000000000000d657      0xdde USB_DEVICE/Target/usbd_conf.o

.debug_str      0x0000000000000000    0xb91c4
 .debug_str     0x0000000000000000    0xb61c8 Core/Src/main.o
                                      0xb65b5 (size before relaxing)
 .debug_str     0x00000000000b61c8       0x2c Core/Src/stm32f4xx_hal_msp.o
                                      0xb10a9 (size before relaxing)
 .debug_str     0x00000000000b61f4       0xbd Core/Src/stm32f4xx_it.o
                                      0xb1037 (size before relaxing)
 .debug_str     0x00000000000b62b1       0xaf Core/Src/system_stm32f4xx.o
                                      0xb111b (size before relaxing)
 .debug_str     0x00000000000b6360       0x36 Core/Startup/startup_stm32f405rgtx.o
                                         0x90 (size before relaxing)
 .debug_str     0x00000000000b6396      0xa33 Drivers/STM32F4xx_HAL_Driver/Src/stm32f4xx_hal.o
                                      0xb1bdc (size before relaxing)
 .debug_str     0x00000000000b6dc9      0x3a5 Drivers/STM32F4xx_HAL_Driver/Src/stm32f4xx_hal_cortex.o
                                      0xb19cb (size before relaxing)
 .debug_str     0x00000000000b716e      0x1cd Drivers/STM32F4xx_HAL_Driver/Src/stm32f4xx_hal_gpio.o
                                      0xb12c2 (size before relaxing)
 .debug_str     0x00000000000b733b      0x8ac Drivers/STM32F4xx_HAL_Driver/Src/stm32f4xx_hal_pcd.o
                                      0xb1905 (size before relaxing)
 .debug_str     0x00000000000b7be7      0x13f Drivers/STM32F4xx_HAL_Driver/Src/stm32f4xx_hal_pcd_ex.o
                                      0xb14d0 (size before relaxing)
 .debug_str     0x00000000000b7d26      0x269 Drivers/STM32F4xx_HAL_Driver/Src/stm32f4xx_hal_rcc.o
                                      0xb151d (size before relaxing)
 .debug_str     0x00000000000b7f8f      0x6a0 Drivers/STM32F4xx_HAL_Driver/Src/stm32f4xx_ll_usb.o
                                      0xb1a3c (size before relaxing)
 .debug_str     0x00000000000b862f      0x2aa Middlewares/ST/STM32_USB_Device_Library/Class/CDC/Src/usbd_cdc.o
                                      0xb68f0 (size before relaxing)
 .debug_str     0x00000000000b88d9      0x1a2 Middlewares/ST/STM32_USB_Device_Library/Core/Src/usbd_core.o
                                      0xb617c (size before relaxing)
 .debug_str     0x00000000000b8a7b      0x152 Middlewares/ST/STM32_USB_Device_Library/Core/Src/usbd_ctlreq.o
                                      0xb613a (size before relaxing)
 .debug_str     0x00000000000b8bcd       0xc9 Middlewares/ST/STM32_USB_Device_Library/Core/Src/usbd_ioreq.o
                                      0xb608a (size before relaxing)
 .debug_str     0x00000000000b8c96       0xc2 USB_DEVICE/App/usb_device.o
                                      0xb6419 (size before relaxing)
 .debug_str     0x00000000000b8d58       0x9a USB_DEVICE/App/usbd_cdc_if.o
                                      0xb646b (size before relaxing)
 .debug_str     0x00000000000b8df2      0x26e USB_DEVICE/App/usbd_desc.o
                                      0xb5fdc (size before relaxing)
 .debug_str     0x00000000000b9060      0x164 USB_DEVICE/Target/usbd_conf.o
                                      0xb6b2c (size before relaxing)

.comment        0x0000000000000000       0x53
 .comment       0x0000000000000000       0x53 Core/Src/main.o
                                         0x54 (size before relaxing)
 .comment       0x0000000000000053       0x54 Core/Src/stm32f4xx_hal_msp.o
 .comment       0x0000000000000053       0x54 Core/Src/stm32f4xx_it.o
 .comment       0x0000000000000053       0x54 Core/Src/system_stm32f4xx.o
 .comment       0x0000000000000053       0x54 Drivers/STM32F4xx_HAL_Driver/Src/stm32f4xx_hal.o
 .comment       0x0000000000000053       0x54 Drivers/STM32F4xx_HAL_Driver/Src/stm32f4xx_hal_cortex.o
 .comment       0x0000000000000053       0x54 Drivers/STM32F4xx_HAL_Driver/Src/stm32f4xx_hal_gpio.o
 .comment       0x0000000000000053       0x54 Drivers/STM32F4xx_HAL_Driver/Src/stm32f4xx_hal_pcd.o
 .comment       0x0000000000000053       0x54 Drivers/STM32F4xx_HAL_Driver/Src/stm32f4xx_hal_pcd_ex.o
 .comment       0x0000000000000053       0x54 Drivers/STM32F4xx_HAL_Driver/Src/stm32f4xx_hal_rcc.o
 .comment       0x0000000000000053       0x54 Drivers/STM32F4xx_HAL_Driver/Src/stm32f4xx_ll_usb.o
 .comment       0x0000000000000053       0x54 Middlewares/ST/STM32_USB_Device_Library/Class/CDC/Src/usbd_cdc.o
 .comment       0x0000000000000053       0x54 Middlewares/ST/STM32_USB_Device_Library/Core/Src/usbd_core.o
 .comment       0x0000000000000053       0x54 Middlewares/ST/STM32_USB_Device_Library/Core/Src/usbd_ctlreq.o
 .comment       0x0000000000000053       0x54 Middlewares/ST/STM32_USB_Device_Library/Core/Src/usbd_ioreq.o
 .comment       0x0000000000000053       0x54 USB_DEVICE/App/usb_device.o
 .comment       0x0000000000000053       0x54 USB_DEVICE/App/usbd_cdc_if.o
 .comment       0x0000000000000053       0x54 USB_DEVICE/App/usbd_desc.o
 .comment       0x0000000000000053       0x54 USB_DEVICE/Target/usbd_conf.o

.debug_frame    0x0000000000000000     0x2b44
 .debug_frame   0x0000000000000000       0x94 Core/Src/main.o
 .debug_frame   0x0000000000000094       0x38 Core/Src/stm32f4xx_hal_msp.o
 .debug_frame   0x00000000000000cc      0x104 Core/Src/stm32f4xx_it.o
 .debug_frame   0x00000000000001d0       0x58 Core/Src/system_stm32f4xx.o
 .debug_frame   0x0000000000000228      0x374 Drivers/STM32F4xx_HAL_Driver/Src/stm32f4xx_hal.o
 .debug_frame   0x000000000000059c      0x498 Drivers/STM32F4xx_HAL_Driver/Src/stm32f4xx_hal_cortex.o
 .debug_frame   0x0000000000000a34      0x14c Drivers/STM32F4xx_HAL_Driver/Src/stm32f4xx_hal_gpio.o
 .debug_frame   0x0000000000000b80      0x574 Drivers/STM32F4xx_HAL_Driver/Src/stm32f4xx_hal_pcd.o
 .debug_frame   0x00000000000010f4       0xb0 Drivers/STM32F4xx_HAL_Driver/Src/stm32f4xx_hal_pcd_ex.o
 .debug_frame   0x00000000000011a4      0x1ec Drivers/STM32F4xx_HAL_Driver/Src/stm32f4xx_hal_rcc.o
 .debug_frame   0x0000000000001390      0x798 Drivers/STM32F4xx_HAL_Driver/Src/stm32f4xx_ll_usb.o
 .debug_frame   0x0000000000001b28      0x248 Middlewares/ST/STM32_USB_Device_Library/Class/CDC/Src/usbd_cdc.o
 .debug_frame   0x0000000000001d70      0x2f4 Middlewares/ST/STM32_USB_Device_Library/Core/Src/usbd_core.o
 .debug_frame   0x0000000000002064      0x23c Middlewares/ST/STM32_USB_Device_Library/Core/Src/usbd_ctlreq.o
 .debug_frame   0x00000000000022a0      0x10c Middlewares/ST/STM32_USB_Device_Library/Core/Src/usbd_ioreq.o
 .debug_frame   0x00000000000023ac       0x2c USB_DEVICE/App/usb_device.o
 .debug_frame   0x00000000000023d8       0xe4 USB_DEVICE/App/usbd_cdc_if.o
 .debug_frame   0x00000000000024bc      0x160 USB_DEVICE/App/usbd_desc.o
 .debug_frame   0x000000000000261c      0x47c USB_DEVICE/Target/usbd_conf.o
 .debug_frame   0x0000000000002a98       0x2c /opt/st/stm32cubeide_1.6.0/plugins/com.st.stm32cube.ide.mcu.externaltools.gnu-tools-for-stm32.9-2020-q2-update.linux64_1.5.0.202011040924/tools/bin/../lib/gcc/arm-none-eabi/9.3.1/../../../../arm-none-eabi/lib/thumb/v7e-m+fp/hard/libc_nano.a(lib_a-init.o)
 .debug_frame   0x0000000000002ac4       0x20 /opt/st/stm32cubeide_1.6.0/plugins/com.st.stm32cube.ide.mcu.externaltools.gnu-tools-for-stm32.9-2020-q2-update.linux64_1.5.0.202011040924/tools/bin/../lib/gcc/arm-none-eabi/9.3.1/../../../../arm-none-eabi/lib/thumb/v7e-m+fp/hard/libc_nano.a(lib_a-memset.o)
 .debug_frame   0x0000000000002ae4       0x2c /opt/st/stm32cubeide_1.6.0/plugins/com.st.stm32cube.ide.mcu.externaltools.gnu-tools-for-stm32.9-2020-q2-update.linux64_1.5.0.202011040924/tools/bin/../lib/gcc/arm-none-eabi/9.3.1/thumb/v7e-m+fp/hard/libgcc.a(_aeabi_uldivmod.o)
 .debug_frame   0x0000000000002b10       0x34 /opt/st/stm32cubeide_1.6.0/plugins/com.st.stm32cube.ide.mcu.externaltools.gnu-tools-for-stm32.9-2020-q2-update.linux64_1.5.0.202011040924/tools/bin/../lib/gcc/arm-none-eabi/9.3.1/thumb/v7e-m+fp/hard/libgcc.a(_udivmoddi4.o)
