Archive member included to satisfy reference by file (symbol)

c:/st/stm32cubeide_1.6.1/stm32cubeide/plugins/com.st.stm32cube.ide.mcu.externaltools.gnu-tools-for-stm32.9-2020-q2-update.win32_1.5.0.202011040924/tools/bin/../lib/gcc/arm-none-eabi/9.3.1/../../../../arm-none-eabi/lib/thumb/v7e-m+fp/hard\libc_nano.a(lib_a-errno.o)
                              Core/Src/syscalls.o (__errno)
c:/st/stm32cubeide_1.6.1/stm32cubeide/plugins/com.st.stm32cube.ide.mcu.externaltools.gnu-tools-for-stm32.9-2020-q2-update.win32_1.5.0.202011040924/tools/bin/../lib/gcc/arm-none-eabi/9.3.1/../../../../arm-none-eabi/lib/thumb/v7e-m+fp/hard\libc_nano.a(lib_a-exit.o)
                              c:/st/stm32cubeide_1.6.1/stm32cubeide/plugins/com.st.stm32cube.ide.mcu.externaltools.gnu-tools-for-stm32.9-2020-q2-update.win32_1.5.0.202011040924/tools/bin/../lib/gcc/arm-none-eabi/9.3.1/../../../../arm-none-eabi/lib/thumb/v7e-m+fp/hard/crt0.o (exit)
c:/st/stm32cubeide_1.6.1/stm32cubeide/plugins/com.st.stm32cube.ide.mcu.externaltools.gnu-tools-for-stm32.9-2020-q2-update.win32_1.5.0.202011040924/tools/bin/../lib/gcc/arm-none-eabi/9.3.1/../../../../arm-none-eabi/lib/thumb/v7e-m+fp/hard\libc_nano.a(lib_a-impure.o)
                              c:/st/stm32cubeide_1.6.1/stm32cubeide/plugins/com.st.stm32cube.ide.mcu.externaltools.gnu-tools-for-stm32.9-2020-q2-update.win32_1.5.0.202011040924/tools/bin/../lib/gcc/arm-none-eabi/9.3.1/../../../../arm-none-eabi/lib/thumb/v7e-m+fp/hard\libc_nano.a(lib_a-exit.o) (_global_impure_ptr)
c:/st/stm32cubeide_1.6.1/stm32cubeide/plugins/com.st.stm32cube.ide.mcu.externaltools.gnu-tools-for-stm32.9-2020-q2-update.win32_1.5.0.202011040924/tools/bin/../lib/gcc/arm-none-eabi/9.3.1/../../../../arm-none-eabi/lib/thumb/v7e-m+fp/hard\libc_nano.a(lib_a-init.o)
                              c:/st/stm32cubeide_1.6.1/stm32cubeide/plugins/com.st.stm32cube.ide.mcu.externaltools.gnu-tools-for-stm32.9-2020-q2-update.win32_1.5.0.202011040924/tools/bin/../lib/gcc/arm-none-eabi/9.3.1/../../../../arm-none-eabi/lib/thumb/v7e-m+fp/hard/crt0.o (__libc_init_array)
c:/st/stm32cubeide_1.6.1/stm32cubeide/plugins/com.st.stm32cube.ide.mcu.externaltools.gnu-tools-for-stm32.9-2020-q2-update.win32_1.5.0.202011040924/tools/bin/../lib/gcc/arm-none-eabi/9.3.1/../../../../arm-none-eabi/lib/thumb/v7e-m+fp/hard\libc_nano.a(lib_a-memset.o)
                              c:/st/stm32cubeide_1.6.1/stm32cubeide/plugins/com.st.stm32cube.ide.mcu.externaltools.gnu-tools-for-stm32.9-2020-q2-update.win32_1.5.0.202011040924/tools/bin/../lib/gcc/arm-none-eabi/9.3.1/../../../../arm-none-eabi/lib/thumb/v7e-m+fp/hard/crt0.o (memset)
c:/st/stm32cubeide_1.6.1/stm32cubeide/plugins/com.st.stm32cube.ide.mcu.externaltools.gnu-tools-for-stm32.9-2020-q2-update.win32_1.5.0.202011040924/tools/bin/../lib/gcc/arm-none-eabi/9.3.1/../../../../arm-none-eabi/lib/thumb/v7e-m+fp/hard\libc_nano.a(lib_a-strcat.o)
                              Core/Src/main.o (strcat)
c:/st/stm32cubeide_1.6.1/stm32cubeide/plugins/com.st.stm32cube.ide.mcu.externaltools.gnu-tools-for-stm32.9-2020-q2-update.win32_1.5.0.202011040924/tools/bin/../lib/gcc/arm-none-eabi/9.3.1/../../../../arm-none-eabi/lib/thumb/v7e-m+fp/hard\libc_nano.a(lib_a-strlen.o)
                              Core/Src/main.o (strlen)
c:/st/stm32cubeide_1.6.1/stm32cubeide/plugins/com.st.stm32cube.ide.mcu.externaltools.gnu-tools-for-stm32.9-2020-q2-update.win32_1.5.0.202011040924/tools/bin/../lib/gcc/arm-none-eabi/9.3.1/thumb/v7e-m+fp/hard\libgcc.a(_aeabi_uldivmod.o)
                              Drivers/STM32F4xx_HAL_Driver/Src/stm32f4xx_hal_rcc.o (__aeabi_uldivmod)
c:/st/stm32cubeide_1.6.1/stm32cubeide/plugins/com.st.stm32cube.ide.mcu.externaltools.gnu-tools-for-stm32.9-2020-q2-update.win32_1.5.0.202011040924/tools/bin/../lib/gcc/arm-none-eabi/9.3.1/thumb/v7e-m+fp/hard\libgcc.a(_udivmoddi4.o)
                              c:/st/stm32cubeide_1.6.1/stm32cubeide/plugins/com.st.stm32cube.ide.mcu.externaltools.gnu-tools-for-stm32.9-2020-q2-update.win32_1.5.0.202011040924/tools/bin/../lib/gcc/arm-none-eabi/9.3.1/thumb/v7e-m+fp/hard\libgcc.a(_aeabi_uldivmod.o) (__udivmoddi4)
c:/st/stm32cubeide_1.6.1/stm32cubeide/plugins/com.st.stm32cube.ide.mcu.externaltools.gnu-tools-for-stm32.9-2020-q2-update.win32_1.5.0.202011040924/tools/bin/../lib/gcc/arm-none-eabi/9.3.1/thumb/v7e-m+fp/hard\libgcc.a(_dvmd_tls.o)
                              c:/st/stm32cubeide_1.6.1/stm32cubeide/plugins/com.st.stm32cube.ide.mcu.externaltools.gnu-tools-for-stm32.9-2020-q2-update.win32_1.5.0.202011040924/tools/bin/../lib/gcc/arm-none-eabi/9.3.1/thumb/v7e-m+fp/hard\libgcc.a(_aeabi_uldivmod.o) (__aeabi_ldiv0)

Allocating common symbols
Common symbol       size              file

hdma_sdio_rx        0x60              Core/Src/main.o
retSD               0x1               FATFS/App/fatfs.o
hUsbDeviceFS        0x2d0             USB_DEVICE/App/usb_device.o
hpcd_USB_OTG_FS     0x408             USB_DEVICE/Target/usbd_conf.o
[...]
Memory Configuration

Name             Origin             Length             Attributes
CCMRAM           0x0000000010000000 0x0000000000010000 xrw
RAM              0x0000000020000000 0x0000000000020000 xrw
FLASH            0x0000000008000000 0x0000000000100000 xr
*default*        0x0000000000000000 0xffffffffffffffff

Linker script and memory map

LOAD c:/st/stm32cubeide_1.6.1/stm32cubeide/plugins/com.st.stm32cube.ide.mcu.externaltools.gnu-tools-for-stm32.9-2020-q2-update.win32_1.5.0.202011040924/tools/bin/../lib/gcc/arm-none-eabi/9.3.1/thumb/v7e-m+fp/hard/crti.o
LOAD c:/st/stm32cubeide_1.6.1/stm32cubeide/plugins/com.st.stm32cube.ide.mcu.externaltools.gnu-tools-for-stm32.9-2020-q2-update.win32_1.5.0.202011040924/tools/bin/../lib/gcc/arm-none-eabi/9.3.1/thumb/v7e-m+fp/hard/crtbegin.o
LOAD c:/st/stm32cubeide_1.6.1/stm32cubeide/plugins/com.st.stm32cube.ide.mcu.externaltools.gnu-tools-for-stm32.9-2020-q2-update.win32_1.5.0.202011040924/tools/bin/../lib/gcc/arm-none-eabi/9.3.1/../../../../arm-none-eabi/lib/thumb/v7e-m+fp/hard/crt0.o
LOAD Core/Src/main.o
LOAD Core/Src/stm32f4xx_hal_msp.o
LOAD Core/Src/stm32f4xx_it.o
LOAD Core/Src/syscalls.o
LOAD Core/Src/sysmem.o
LOAD Core/Src/system_stm32f4xx.o
LOAD Core/Startup/startup_stm32f405rgtx.o
LOAD Drivers/STM32F4xx_HAL_Driver/Src/stm32f4xx_hal.o
LOAD Drivers/STM32F4xx_HAL_Driver/Src/stm32f4xx_hal_cortex.o
LOAD Drivers/STM32F4xx_HAL_Driver/Src/stm32f4xx_hal_dma.o
LOAD Drivers/STM32F4xx_HAL_Driver/Src/stm32f4xx_hal_dma_ex.o
LOAD Drivers/STM32F4xx_HAL_Driver/Src/stm32f4xx_hal_exti.o
LOAD Drivers/STM32F4xx_HAL_Driver/Src/stm32f4xx_hal_flash.o
LOAD Drivers/STM32F4xx_HAL_Driver/Src/stm32f4xx_hal_flash_ex.o
LOAD Drivers/STM32F4xx_HAL_Driver/Src/stm32f4xx_hal_flash_ramfunc.o
LOAD Drivers/STM32F4xx_HAL_Driver/Src/stm32f4xx_hal_gpio.o
LOAD Drivers/STM32F4xx_HAL_Driver/Src/stm32f4xx_hal_pcd.o
LOAD Drivers/STM32F4xx_HAL_Driver/Src/stm32f4xx_hal_pcd_ex.o
LOAD Drivers/STM32F4xx_HAL_Driver/Src/stm32f4xx_hal_pwr.o
LOAD Drivers/STM32F4xx_HAL_Driver/Src/stm32f4xx_hal_pwr_ex.o
LOAD Drivers/STM32F4xx_HAL_Driver/Src/stm32f4xx_hal_rcc.o
LOAD Drivers/STM32F4xx_HAL_Driver/Src/stm32f4xx_hal_rcc_ex.o
LOAD Drivers/STM32F4xx_HAL_Driver/Src/stm32f4xx_hal_sd.o
LOAD Drivers/STM32F4xx_HAL_Driver/Src/stm32f4xx_hal_tim.o
LOAD Drivers/STM32F4xx_HAL_Driver/Src/stm32f4xx_hal_tim_ex.o
LOAD Drivers/STM32F4xx_HAL_Driver/Src/stm32f4xx_ll_sdmmc.o
LOAD Drivers/STM32F4xx_HAL_Driver/Src/stm32f4xx_ll_usb.o
LOAD FATFS/App/fatfs.o
LOAD FATFS/Target/bsp_driver_sd.o
LOAD FATFS/Target/fatfs_platform.o
LOAD FATFS/Target/sd_diskio.o
LOAD Middlewares/ST/STM32_USB_Device_Library/Class/CDC/Src/usbd_cdc.o
LOAD Middlewares/ST/STM32_USB_Device_Library/Core/Src/usbd_core.o
LOAD Middlewares/ST/STM32_USB_Device_Library/Core/Src/usbd_ctlreq.o
LOAD Middlewares/ST/STM32_USB_Device_Library/Core/Src/usbd_ioreq.o
LOAD Middlewares/Third_Party/FatFs/src/diskio.o
LOAD Middlewares/Third_Party/FatFs/src/ff.o
LOAD Middlewares/Third_Party/FatFs/src/ff_gen_drv.o
LOAD Middlewares/Third_Party/FatFs/src/option/syscall.o
LOAD USB_DEVICE/App/usb_device.o
LOAD USB_DEVICE/App/usbd_cdc_if.o
LOAD USB_DEVICE/App/usbd_desc.o
LOAD USB_DEVICE/Target/usbd_conf.o
START GROUP
LOAD c:/st/stm32cubeide_1.6.1/stm32cubeide/plugins/com.st.stm32cube.ide.mcu.externaltools.gnu-tools-for-stm32.9-2020-q2-update.win32_1.5.0.202011040924/tools/bin/../lib/gcc/arm-none-eabi/9.3.1/../../../../arm-none-eabi/lib/thumb/v7e-m+fp/hard\libc_nano.a
LOAD c:/st/stm32cubeide_1.6.1/stm32cubeide/plugins/com.st.stm32cube.ide.mcu.externaltools.gnu-tools-for-stm32.9-2020-q2-update.win32_1.5.0.202011040924/tools/bin/../lib/gcc/arm-none-eabi/9.3.1/../../../../arm-none-eabi/lib/thumb/v7e-m+fp/hard\libm.a
END GROUP
START GROUP
LOAD c:/st/stm32cubeide_1.6.1/stm32cubeide/plugins/com.st.stm32cube.ide.mcu.externaltools.gnu-tools-for-stm32.9-2020-q2-update.win32_1.5.0.202011040924/tools/bin/../lib/gcc/arm-none-eabi/9.3.1/thumb/v7e-m+fp/hard\libgcc.a
LOAD c:/st/stm32cubeide_1.6.1/stm32cubeide/plugins/com.st.stm32cube.ide.mcu.externaltools.gnu-tools-for-stm32.9-2020-q2-update.win32_1.5.0.202011040924/tools/bin/../lib/gcc/arm-none-eabi/9.3.1/../../../../arm-none-eabi/lib/thumb/v7e-m+fp/hard\libc_nano.a
END GROUP
START GROUP
LOAD c:/st/stm32cubeide_1.6.1/stm32cubeide/plugins/com.st.stm32cube.ide.mcu.externaltools.gnu-tools-for-stm32.9-2020-q2-update.win32_1.5.0.202011040924/tools/bin/../lib/gcc/arm-none-eabi/9.3.1/thumb/v7e-m+fp/hard\libgcc.a
LOAD c:/st/stm32cubeide_1.6.1/stm32cubeide/plugins/com.st.stm32cube.ide.mcu.externaltools.gnu-tools-for-stm32.9-2020-q2-update.win32_1.5.0.202011040924/tools/bin/../lib/gcc/arm-none-eabi/9.3.1/../../../../arm-none-eabi/lib/thumb/v7e-m+fp/hard\libc_nano.a
LOAD c:/st/stm32cubeide_1.6.1/stm32cubeide/plugins/com.st.stm32cube.ide.mcu.externaltools.gnu-tools-for-stm32.9-2020-q2-update.win32_1.5.0.202011040924/tools/bin/../lib/gcc/arm-none-eabi/9.3.1/../../../../arm-none-eabi/lib/thumb/v7e-m+fp/hard\libnosys.a
END GROUP
START GROUP
LOAD c:/st/stm32cubeide_1.6.1/stm32cubeide/plugins/com.st.stm32cube.ide.mcu.externaltools.gnu-tools-for-stm32.9-2020-q2-update.win32_1.5.0.202011040924/tools/bin/../lib/gcc/arm-none-eabi/9.3.1/thumb/v7e-m+fp/hard\libgcc.a
LOAD c:/st/stm32cubeide_1.6.1/stm32cubeide/plugins/com.st.stm32cube.ide.mcu.externaltools.gnu-tools-for-stm32.9-2020-q2-update.win32_1.5.0.202011040924/tools/bin/../lib/gcc/arm-none-eabi/9.3.1/../../../../arm-none-eabi/lib/thumb/v7e-m+fp/hard\libc_nano.a
LOAD c:/st/stm32cubeide_1.6.1/stm32cubeide/plugins/com.st.stm32cube.ide.mcu.externaltools.gnu-tools-for-stm32.9-2020-q2-update.win32_1.5.0.202011040924/tools/bin/../lib/gcc/arm-none-eabi/9.3.1/../../../../arm-none-eabi/lib/thumb/v7e-m+fp/hard\libnosys.a
END GROUP
LOAD c:/st/stm32cubeide_1.6.1/stm32cubeide/plugins/com.st.stm32cube.ide.mcu.externaltools.gnu-tools-for-stm32.9-2020-q2-update.win32_1.5.0.202011040924/tools/bin/../lib/gcc/arm-none-eabi/9.3.1/thumb/v7e-m+fp/hard/crtend.o
LOAD c:/st/stm32cubeide_1.6.1/stm32cubeide/plugins/com.st.stm32cube.ide.mcu.externaltools.gnu-tools-for-stm32.9-2020-q2-update.win32_1.5.0.202011040924/tools/bin/../lib/gcc/arm-none-eabi/9.3.1/thumb/v7e-m+fp/hard/crtn.o
                0x0000000020020000                _estack = (ORIGIN (RAM) + LENGTH (RAM))
                0x0000000000000200                _Min_Heap_Size = 0x200
                0x0000000000000400                _Min_Stack_Size = 0x400

.isr_vector     0x0000000008000000      0x188
                0x0000000008000000                . = ALIGN (0x4)
 *(.isr_vector)
 .isr_vector    0x0000000008000000      0x188 Core/Startup/startup_stm32f405rgtx.o
                0x0000000008000000                g_pfnVectors
                0x0000000008000188                . = ALIGN (0x4)

.text           0x0000000008000188     0xba74
                0x0000000008000188                . = ALIGN (0x4)
 *(.text)
 .text          0x0000000008000188       0x40 c:/st/stm32cubeide_1.6.1/stm32cubeide/plugins/com.st.stm32cube.ide.mcu.externaltools.gnu-tools-for-stm32.9-2020-q2-update.win32_1.5.0.202011040924/tools/bin/../lib/gcc/arm-none-eabi/9.3.1/thumb/v7e-m+fp/hard/crtbegin.o
 .text          0x00000000080001c8       0x10 c:/st/stm32cubeide_1.6.1/stm32cubeide/plugins/com.st.stm32cube.ide.mcu.externaltools.gnu-tools-for-stm32.9-2020-q2-update.win32_1.5.0.202011040924/tools/bin/../lib/gcc/arm-none-eabi/9.3.1/../../../../arm-none-eabi/lib/thumb/v7e-m+fp/hard\libc_nano.a(lib_a-strlen.o)
                0x00000000080001c8                strlen
 .text          0x00000000080001d8       0x30 c:/st/stm32cubeide_1.6.1/stm32cubeide/plugins/com.st.stm32cube.ide.mcu.externaltools.gnu-tools-for-stm32.9-2020-q2-update.win32_1.5.0.202011040924/tools/bin/../lib/gcc/arm-none-eabi/9.3.1/thumb/v7e-m+fp/hard\libgcc.a(_aeabi_uldivmod.o)
                0x00000000080001d8                __aeabi_uldivmod
 .text          0x0000000008000208      0x2c4 c:/st/stm32cubeide_1.6.1/stm32cubeide/plugins/com.st.stm32cube.ide.mcu.externaltools.gnu-tools-for-stm32.9-2020-q2-update.win32_1.5.0.202011040924/tools/bin/../lib/gcc/arm-none-eabi/9.3.1/thumb/v7e-m+fp/hard\libgcc.a(_udivmoddi4.o)
                0x0000000008000208                __udivmoddi4
 .text          0x00000000080004cc        0x4 c:/st/stm32cubeide_1.6.1/stm32cubeide/plugins/com.st.stm32cube.ide.mcu.externaltools.gnu-tools-for-stm32.9-2020-q2-update.win32_1.5.0.202011040924/tools/bin/../lib/gcc/arm-none-eabi/9.3.1/thumb/v7e-m+fp/hard\libgcc.a(_dvmd_tls.o)
                0x00000000080004cc                __aeabi_idiv0
                0x00000000080004cc                __aeabi_ldiv0
 *(.text*)
 .text.main     0x00000000080004d0       0xb0 Core/Src/main.o
                0x00000000080004d0                main
 .text.SystemClock_Config
                0x0000000008000580       0xd4 Core/Src/main.o
                0x0000000008000580                SystemClock_Config
 .text.MX_SDIO_SD_Init
                0x0000000008000654       0x40 Core/Src/main.o
 .text.MX_DMA_Init
                0x0000000008000694       0x50 Core/Src/main.o
 .text.MX_GPIO_Init
                0x00000000080006e4       0xf8 Core/Src/main.o
 .text.PrintVCP
                0x00000000080007dc       0x34 Core/Src/main.o
                0x00000000080007dc                PrintVCP
 .text.AppendToFile
                0x0000000008000810      0x130 Core/Src/main.o
                0x0000000008000810                AppendToFile
 .text.BlinkLED
                0x0000000008000940       0x3c Core/Src/main.o
                0x0000000008000940                BlinkLED
 .text.Error_Handler
                0x000000000800097c        0xa Core/Src/main.o
                0x000000000800097c                Error_Handler
 *fill*         0x0000000008000986        0x2 
 .text.HAL_MspInit
                0x0000000008000988       0x50 Core/Src/stm32f4xx_hal_msp.o
                0x0000000008000988                HAL_MspInit
 .text.HAL_SD_MspInit
                0x00000000080009d8      0x200 Core/Src/stm32f4xx_hal_msp.o
                0x00000000080009d8                HAL_SD_MspInit
 .text.NMI_Handler
                0x0000000008000bd8        0x6 Core/Src/stm32f4xx_it.o
                0x0000000008000bd8                NMI_Handler
 .text.HardFault_Handler
                0x0000000008000bde        0x6 Core/Src/stm32f4xx_it.o
                0x0000000008000bde                HardFault_Handler
 .text.MemManage_Handler
                0x0000000008000be4        0x6 Core/Src/stm32f4xx_it.o
                0x0000000008000be4                MemManage_Handler
 .text.BusFault_Handler
                0x0000000008000bea        0x6 Core/Src/stm32f4xx_it.o
                0x0000000008000bea                BusFault_Handler
 .text.UsageFault_Handler
                0x0000000008000bf0        0x6 Core/Src/stm32f4xx_it.o
                0x0000000008000bf0                UsageFault_Handler
 .text.SVC_Handler
                0x0000000008000bf6        0xe Core/Src/stm32f4xx_it.o
                0x0000000008000bf6                SVC_Handler
 .text.DebugMon_Handler
                0x0000000008000c04        0xe Core/Src/stm32f4xx_it.o
                0x0000000008000c04                DebugMon_Handler
 .text.PendSV_Handler
                0x0000000008000c12        0xe Core/Src/stm32f4xx_it.o
                0x0000000008000c12                PendSV_Handler
 .text.SysTick_Handler
                0x0000000008000c20        0xc Core/Src/stm32f4xx_it.o
                0x0000000008000c20                SysTick_Handler
 .text.SDIO_IRQHandler
                0x0000000008000c2c       0x14 Core/Src/stm32f4xx_it.o
                0x0000000008000c2c                SDIO_IRQHandler
 .text.DMA2_Stream3_IRQHandler
                0x0000000008000c40       0x14 Core/Src/stm32f4xx_it.o
                0x0000000008000c40                DMA2_Stream3_IRQHandler
 .text.OTG_FS_IRQHandler
                0x0000000008000c54       0x14 Core/Src/stm32f4xx_it.o
                0x0000000008000c54                OTG_FS_IRQHandler
 .text.DMA2_Stream6_IRQHandler
                0x0000000008000c68       0x14 Core/Src/stm32f4xx_it.o
                0x0000000008000c68                DMA2_Stream6_IRQHandler
 .text.SystemInit
                0x0000000008000c7c       0x24 Core/Src/system_stm32f4xx.o
                0x0000000008000c7c                SystemInit
 .text.Reset_Handler
                0x0000000008000ca0       0x50 Core/Startup/startup_stm32f405rgtx.o
                0x0000000008000ca0                Reset_Handler
 .text.Default_Handler
                0x0000000008000cf0        0x2 Core/Startup/startup_stm32f405rgtx.o
                0x0000000008000cf0                RTC_Alarm_IRQHandler
                0x0000000008000cf0                HASH_RNG_IRQHandler
                0x0000000008000cf0                EXTI2_IRQHandler
                0x0000000008000cf0                TIM8_CC_IRQHandler
                0x0000000008000cf0                TIM1_CC_IRQHandler
                0x0000000008000cf0                DMA2_Stream5_IRQHandler
                0x0000000008000cf0                DMA1_Stream5_IRQHandler
                0x0000000008000cf0                PVD_IRQHandler
                0x0000000008000cf0                TAMP_STAMP_IRQHandler
                0x0000000008000cf0                CAN2_RX1_IRQHandler
                0x0000000008000cf0                EXTI3_IRQHandler
                0x0000000008000cf0                TIM8_TRG_COM_TIM14_IRQHandler
                0x0000000008000cf0                TIM1_UP_TIM10_IRQHandler
                0x0000000008000cf0                TIM8_UP_TIM13_IRQHandler
                0x0000000008000cf0                I2C3_ER_IRQHandler
                0x0000000008000cf0                EXTI0_IRQHandler
                0x0000000008000cf0                I2C2_EV_IRQHandler
                0x0000000008000cf0                DMA1_Stream2_IRQHandler
                0x0000000008000cf0                CAN1_RX0_IRQHandler
                0x0000000008000cf0                FPU_IRQHandler
                0x0000000008000cf0                OTG_HS_WKUP_IRQHandler
                0x0000000008000cf0                CAN2_SCE_IRQHandler
                0x0000000008000cf0                DMA2_Stream2_IRQHandler
                0x0000000008000cf0                SPI1_IRQHandler
                0x0000000008000cf0                TIM6_DAC_IRQHandler
                0x0000000008000cf0                TIM1_BRK_TIM9_IRQHandler
                0x0000000008000cf0                CAN2_RX0_IRQHandler
                0x0000000008000cf0                USART6_IRQHandler
                0x0000000008000cf0                USART3_IRQHandler
                0x0000000008000cf0                CAN1_RX1_IRQHandler
                0x0000000008000cf0                UART5_IRQHandler
                0x0000000008000cf0                DMA2_Stream0_IRQHandler
                0x0000000008000cf0                TIM4_IRQHandler
                0x0000000008000cf0                I2C1_EV_IRQHandler
                0x0000000008000cf0                DMA1_Stream6_IRQHandler
                0x0000000008000cf0                DMA1_Stream1_IRQHandler
                0x0000000008000cf0                UART4_IRQHandler
                0x0000000008000cf0                TIM3_IRQHandler
                0x0000000008000cf0                RCC_IRQHandler
                0x0000000008000cf0                TIM8_BRK_TIM12_IRQHandler
                0x0000000008000cf0                Default_Handler
                0x0000000008000cf0                EXTI15_10_IRQHandler
                0x0000000008000cf0                ADC_IRQHandler
                0x0000000008000cf0                DMA1_Stream7_IRQHandler
                0x0000000008000cf0                TIM7_IRQHandler
                0x0000000008000cf0                CAN2_TX_IRQHandler
                0x0000000008000cf0                TIM5_IRQHandler
                0x0000000008000cf0                DMA2_Stream7_IRQHandler
                0x0000000008000cf0                I2C3_EV_IRQHandler
                0x0000000008000cf0                EXTI9_5_IRQHandler
                0x0000000008000cf0                RTC_WKUP_IRQHandler
                0x0000000008000cf0                SPI2_IRQHandler
                0x0000000008000cf0                OTG_HS_EP1_IN_IRQHandler
                0x0000000008000cf0                DMA1_Stream0_IRQHandler
                0x0000000008000cf0                CAN1_TX_IRQHandler
                0x0000000008000cf0                EXTI4_IRQHandler
                0x0000000008000cf0                FSMC_IRQHandler
                0x0000000008000cf0                OTG_HS_EP1_OUT_IRQHandler
                0x0000000008000cf0                WWDG_IRQHandler
                0x0000000008000cf0                TIM2_IRQHandler
                0x0000000008000cf0                OTG_FS_WKUP_IRQHandler
                0x0000000008000cf0                TIM1_TRG_COM_TIM11_IRQHandler
                0x0000000008000cf0                OTG_HS_IRQHandler
                0x0000000008000cf0                EXTI1_IRQHandler
                0x0000000008000cf0                USART2_IRQHandler
                0x0000000008000cf0                I2C2_ER_IRQHandler
                0x0000000008000cf0                DMA2_Stream1_IRQHandler
                0x0000000008000cf0                CAN1_SCE_IRQHandler
                0x0000000008000cf0                FLASH_IRQHandler
                0x0000000008000cf0                DMA2_Stream4_IRQHandler
                0x0000000008000cf0                USART1_IRQHandler
                0x0000000008000cf0                SPI3_IRQHandler
                0x0000000008000cf0                DMA1_Stream4_IRQHandler
                0x0000000008000cf0                I2C1_ER_IRQHandler
                0x0000000008000cf0                DMA1_Stream3_IRQHandler
 *fill*         0x0000000008000cf2        0x2 
 .text.HAL_Init
                0x0000000008000cf4       0x44 Drivers/STM32F4xx_HAL_Driver/Src/stm32f4xx_hal.o
                0x0000000008000cf4                HAL_Init
 .text.HAL_InitTick
                0x0000000008000d38       0x60 Drivers/STM32F4xx_HAL_Driver/Src/stm32f4xx_hal.o
                0x0000000008000d38                HAL_InitTick
 .text.HAL_IncTick
                0x0000000008000d98       0x28 Drivers/STM32F4xx_HAL_Driver/Src/stm32f4xx_hal.o
                0x0000000008000d98                HAL_IncTick
 .text.HAL_GetTick
                0x0000000008000dc0       0x18 Drivers/STM32F4xx_HAL_Driver/Src/stm32f4xx_hal.o
                0x0000000008000dc0                HAL_GetTick
 .text.HAL_Delay
                0x0000000008000dd8       0x48 Drivers/STM32F4xx_HAL_Driver/Src/stm32f4xx_hal.o
                0x0000000008000dd8                HAL_Delay
 .text.__NVIC_SetPriorityGrouping
                0x0000000008000e20       0x48 Drivers/STM32F4xx_HAL_Driver/Src/stm32f4xx_hal_cortex.o
 .text.__NVIC_GetPriorityGrouping
                0x0000000008000e68       0x1c Drivers/STM32F4xx_HAL_Driver/Src/stm32f4xx_hal_cortex.o
 .text.__NVIC_EnableIRQ
                0x0000000008000e84       0x3c Drivers/STM32F4xx_HAL_Driver/Src/stm32f4xx_hal_cortex.o
 .text.__NVIC_SetPriority
                0x0000000008000ec0       0x54 Drivers/STM32F4xx_HAL_Driver/Src/stm32f4xx_hal_cortex.o
 .text.NVIC_EncodePriority
                0x0000000008000f14       0x66 Drivers/STM32F4xx_HAL_Driver/Src/stm32f4xx_hal_cortex.o
 *fill*         0x0000000008000f7a        0x2 
 .text.SysTick_Config
                0x0000000008000f7c       0x44 Drivers/STM32F4xx_HAL_Driver/Src/stm32f4xx_hal_cortex.o
 .text.HAL_NVIC_SetPriorityGrouping
                0x0000000008000fc0       0x16 Drivers/STM32F4xx_HAL_Driver/Src/stm32f4xx_hal_cortex.o
                0x0000000008000fc0                HAL_NVIC_SetPriorityGrouping
 .text.HAL_NVIC_SetPriority
                0x0000000008000fd6       0x38 Drivers/STM32F4xx_HAL_Driver/Src/stm32f4xx_hal_cortex.o
                0x0000000008000fd6                HAL_NVIC_SetPriority
 .text.HAL_NVIC_EnableIRQ
                0x000000000800100e       0x1c Drivers/STM32F4xx_HAL_Driver/Src/stm32f4xx_hal_cortex.o
                0x000000000800100e                HAL_NVIC_EnableIRQ
 .text.HAL_SYSTICK_Config
                0x000000000800102a       0x18 Drivers/STM32F4xx_HAL_Driver/Src/stm32f4xx_hal_cortex.o
                0x000000000800102a                HAL_SYSTICK_Config
 *fill*         0x0000000008001042        0x2 
 .text.HAL_DMA_Init
                0x0000000008001044      0x15c Drivers/STM32F4xx_HAL_Driver/Src/stm32f4xx_hal_dma.o
                0x0000000008001044                HAL_DMA_Init
 .text.HAL_DMA_Start_IT
                0x00000000080011a0       0xb0 Drivers/STM32F4xx_HAL_Driver/Src/stm32f4xx_hal_dma.o
                0x00000000080011a0                HAL_DMA_Start_IT
 .text.HAL_DMA_Abort_IT
                0x0000000008001250       0x44 Drivers/STM32F4xx_HAL_Driver/Src/stm32f4xx_hal_dma.o
                0x0000000008001250                HAL_DMA_Abort_IT
 .text.HAL_DMA_IRQHandler
                0x0000000008001294      0x314 Drivers/STM32F4xx_HAL_Driver/Src/stm32f4xx_hal_dma.o
                0x0000000008001294                HAL_DMA_IRQHandler
 .text.HAL_DMA_GetError
                0x00000000080015a8       0x18 Drivers/STM32F4xx_HAL_Driver/Src/stm32f4xx_hal_dma.o
                0x00000000080015a8                HAL_DMA_GetError
 .text.DMA_SetConfig
                0x00000000080015c0       0x5c Drivers/STM32F4xx_HAL_Driver/Src/stm32f4xx_hal_dma.o
 .text.DMA_CalcBaseAndBitshift
                0x000000000800161c       0x6c Drivers/STM32F4xx_HAL_Driver/Src/stm32f4xx_hal_dma.o
 .text.DMA_CheckFifoParam
                0x0000000008001688       0xf8 Drivers/STM32F4xx_HAL_Driver/Src/stm32f4xx_hal_dma.o
 .text.HAL_GPIO_Init
                0x0000000008001780      0x338 Drivers/STM32F4xx_HAL_Driver/Src/stm32f4xx_hal_gpio.o
                0x0000000008001780                HAL_GPIO_Init
 .text.HAL_GPIO_ReadPin
                0x0000000008001ab8       0x30 Drivers/STM32F4xx_HAL_Driver/Src/stm32f4xx_hal_gpio.o
                0x0000000008001ab8                HAL_GPIO_ReadPin
 .text.HAL_GPIO_WritePin
                0x0000000008001ae8       0x32 Drivers/STM32F4xx_HAL_Driver/Src/stm32f4xx_hal_gpio.o
                0x0000000008001ae8                HAL_GPIO_WritePin
 .text.HAL_GPIO_TogglePin
                0x0000000008001b1a       0x34 Drivers/STM32F4xx_HAL_Driver/Src/stm32f4xx_hal_gpio.o
                0x0000000008001b1a                HAL_GPIO_TogglePin
 .text.HAL_PCD_Init
                0x0000000008001b4e      0x23a Drivers/STM32F4xx_HAL_Driver/Src/stm32f4xx_hal_pcd.o
                0x0000000008001b4e                HAL_PCD_Init
 .text.HAL_PCD_Start
                0x0000000008001d88       0x66 Drivers/STM32F4xx_HAL_Driver/Src/stm32f4xx_hal_pcd.o
                0x0000000008001d88                HAL_PCD_Start
 .text.HAL_PCD_IRQHandler
                0x0000000008001dee      0x764 Drivers/STM32F4xx_HAL_Driver/Src/stm32f4xx_hal_pcd.o
                0x0000000008001dee                HAL_PCD_IRQHandler
 .text.HAL_PCD_SetAddress
                0x0000000008002552       0x4a Drivers/STM32F4xx_HAL_Driver/Src/stm32f4xx_hal_pcd.o
                0x0000000008002552                HAL_PCD_SetAddress
 .text.HAL_PCD_EP_Open
                0x000000000800259c       0xd0 Drivers/STM32F4xx_HAL_Driver/Src/stm32f4xx_hal_pcd.o
                0x000000000800259c                HAL_PCD_EP_Open
 .text.HAL_PCD_EP_Close
                0x000000000800266c       0x94 Drivers/STM32F4xx_HAL_Driver/Src/stm32f4xx_hal_pcd.o
                0x000000000800266c                HAL_PCD_EP_Close
 .text.HAL_PCD_EP_Receive
                0x0000000008002700       0x96 Drivers/STM32F4xx_HAL_Driver/Src/stm32f4xx_hal_pcd.o
                0x0000000008002700                HAL_PCD_EP_Receive
 .text.HAL_PCD_EP_GetRxCount
                0x0000000008002796       0x30 Drivers/STM32F4xx_HAL_Driver/Src/stm32f4xx_hal_pcd.o
                0x0000000008002796                HAL_PCD_EP_GetRxCount
 .text.HAL_PCD_EP_Transmit
                0x00000000080027c6       0x94 Drivers/STM32F4xx_HAL_Driver/Src/stm32f4xx_hal_pcd.o
                0x00000000080027c6                HAL_PCD_EP_Transmit
 .text.HAL_PCD_EP_SetStall
                0x000000000800285a       0xc8 Drivers/STM32F4xx_HAL_Driver/Src/stm32f4xx_hal_pcd.o
                0x000000000800285a                HAL_PCD_EP_SetStall
 .text.HAL_PCD_EP_ClrStall
                0x0000000008002922       0xac Drivers/STM32F4xx_HAL_Driver/Src/stm32f4xx_hal_pcd.o
                0x0000000008002922                HAL_PCD_EP_ClrStall
 .text.PCD_WriteEmptyTxFifo
                0x00000000080029ce      0x11a Drivers/STM32F4xx_HAL_Driver/Src/stm32f4xx_hal_pcd.o
 .text.PCD_EP_OutXfrComplete_int
                0x0000000008002ae8      0x218 Drivers/STM32F4xx_HAL_Driver/Src/stm32f4xx_hal_pcd.o
 .text.PCD_EP_OutSetupPacket_int
                0x0000000008002d00       0x8c Drivers/STM32F4xx_HAL_Driver/Src/stm32f4xx_hal_pcd.o
 .text.HAL_PCDEx_SetTxFiFo
                0x0000000008002d8c       0x8e Drivers/STM32F4xx_HAL_Driver/Src/stm32f4xx_hal_pcd_ex.o
                0x0000000008002d8c                HAL_PCDEx_SetTxFiFo
 .text.HAL_PCDEx_SetRxFiFo
                0x0000000008002e1a       0x22 Drivers/STM32F4xx_HAL_Driver/Src/stm32f4xx_hal_pcd_ex.o
                0x0000000008002e1a                HAL_PCDEx_SetRxFiFo
 .text.HAL_PCDEx_LPM_Callback
                0x0000000008002e3c       0x18 Drivers/STM32F4xx_HAL_Driver/Src/stm32f4xx_hal_pcd_ex.o
                0x0000000008002e3c                HAL_PCDEx_LPM_Callback
 .text.HAL_RCC_OscConfig
                0x0000000008002e54      0x4f0 Drivers/STM32F4xx_HAL_Driver/Src/stm32f4xx_hal_rcc.o
                0x0000000008002e54                HAL_RCC_OscConfig
 .text.HAL_RCC_ClockConfig
                0x0000000008003344      0x1cc Drivers/STM32F4xx_HAL_Driver/Src/stm32f4xx_hal_rcc.o
                0x0000000008003344                HAL_RCC_ClockConfig
 .text.HAL_RCC_GetSysClockFreq
                0x0000000008003510      0x16c Drivers/STM32F4xx_HAL_Driver/Src/stm32f4xx_hal_rcc.o
                0x0000000008003510                HAL_RCC_GetSysClockFreq
 .text.HAL_RCC_GetHCLKFreq
                0x000000000800367c       0x18 Drivers/STM32F4xx_HAL_Driver/Src/stm32f4xx_hal_rcc.o
                0x000000000800367c                HAL_RCC_GetHCLKFreq
 .text.HAL_SD_Init
                0x0000000008003694       0x60 Drivers/STM32F4xx_HAL_Driver/Src/stm32f4xx_hal_sd.o
                0x0000000008003694                HAL_SD_Init
 .text.HAL_SD_InitCard
                0x00000000080036f4       0xfc Drivers/STM32F4xx_HAL_Driver/Src/stm32f4xx_hal_sd.o
                0x00000000080036f4                HAL_SD_InitCard
 .text.HAL_SD_ReadBlocks_DMA
                0x00000000080037f0      0x1c4 Drivers/STM32F4xx_HAL_Driver/Src/stm32f4xx_hal_sd.o
                0x00000000080037f0                HAL_SD_ReadBlocks_DMA
 .text.HAL_SD_WriteBlocks_DMA
                0x00000000080039b4      0x1cc Drivers/STM32F4xx_HAL_Driver/Src/stm32f4xx_hal_sd.o
                0x00000000080039b4                HAL_SD_WriteBlocks_DMA
 .text.HAL_SD_IRQHandler
                0x0000000008003b80      0x30c Drivers/STM32F4xx_HAL_Driver/Src/stm32f4xx_hal_sd.o
                0x0000000008003b80                HAL_SD_IRQHandler
 .text.HAL_SD_ErrorCallback
                0x0000000008003e8c       0x14 Drivers/STM32F4xx_HAL_Driver/Src/stm32f4xx_hal_sd.o
                0x0000000008003e8c                HAL_SD_ErrorCallback
 .text.HAL_SD_GetCardCSD
                0x0000000008003ea0      0x348 Drivers/STM32F4xx_HAL_Driver/Src/stm32f4xx_hal_sd.o
                0x0000000008003ea0                HAL_SD_GetCardCSD
 .text.HAL_SD_GetCardInfo
                0x00000000080041e8       0x58 Drivers/STM32F4xx_HAL_Driver/Src/stm32f4xx_hal_sd.o
                0x00000000080041e8                HAL_SD_GetCardInfo
 .text.HAL_SD_ConfigWideBusOperation
                0x0000000008004240      0x134 Drivers/STM32F4xx_HAL_Driver/Src/stm32f4xx_hal_sd.o
                0x0000000008004240                HAL_SD_ConfigWideBusOperation
 .text.HAL_SD_GetCardState
                0x0000000008004374       0x40 Drivers/STM32F4xx_HAL_Driver/Src/stm32f4xx_hal_sd.o
                0x0000000008004374                HAL_SD_GetCardState
 .text.SD_DMATransmitCplt
                0x00000000080043b4       0x2a Drivers/STM32F4xx_HAL_Driver/Src/stm32f4xx_hal_sd.o
 .text.SD_DMAReceiveCplt
                0x00000000080043de       0x70 Drivers/STM32F4xx_HAL_Driver/Src/stm32f4xx_hal_sd.o
 *fill*         0x000000000800444e        0x2 
 .text.SD_DMAError
                0x0000000008004450       0xa4 Drivers/STM32F4xx_HAL_Driver/Src/stm32f4xx_hal_sd.o
 .text.SD_DMATxAbort
                0x00000000080044f4       0x6e Drivers/STM32F4xx_HAL_Driver/Src/stm32f4xx_hal_sd.o
 .text.SD_DMARxAbort
                0x0000000008004562       0x6e Drivers/STM32F4xx_HAL_Driver/Src/stm32f4xx_hal_sd.o
 .text.SD_InitCard
                0x00000000080045d0      0x198 Drivers/STM32F4xx_HAL_Driver/Src/stm32f4xx_hal_sd.o
 .text.SD_PowerON
                0x0000000008004768      0x11c Drivers/STM32F4xx_HAL_Driver/Src/stm32f4xx_hal_sd.o
 .text.SD_SendStatus
                0x0000000008004884       0x50 Drivers/STM32F4xx_HAL_Driver/Src/stm32f4xx_hal_sd.o
 .text.SD_WideBus_Enable
                0x00000000080048d4       0x96 Drivers/STM32F4xx_HAL_Driver/Src/stm32f4xx_hal_sd.o
 .text.SD_WideBus_Disable
                0x000000000800496a       0x96 Drivers/STM32F4xx_HAL_Driver/Src/stm32f4xx_hal_sd.o
 .text.SD_FindSCR
                0x0000000008004a00      0x1a6 Drivers/STM32F4xx_HAL_Driver/Src/stm32f4xx_hal_sd.o
 .text.SD_Read_IT
                0x0000000008004ba6       0xa2 Drivers/STM32F4xx_HAL_Driver/Src/stm32f4xx_hal_sd.o
 .text.SD_Write_IT
                0x0000000008004c48       0xaa Drivers/STM32F4xx_HAL_Driver/Src/stm32f4xx_hal_sd.o
 .text.SDIO_Init
                0x0000000008004cf2       0x56 Drivers/STM32F4xx_HAL_Driver/Src/stm32f4xx_ll_sdmmc.o
                0x0000000008004cf2                SDIO_Init
 .text.SDIO_ReadFIFO
                0x0000000008004d48       0x1a Drivers/STM32F4xx_HAL_Driver/Src/stm32f4xx_ll_sdmmc.o
                0x0000000008004d48                SDIO_ReadFIFO
 .text.SDIO_WriteFIFO
                0x0000000008004d62       0x22 Drivers/STM32F4xx_HAL_Driver/Src/stm32f4xx_ll_sdmmc.o
                0x0000000008004d62                SDIO_WriteFIFO
 .text.SDIO_PowerState_ON
                0x0000000008004d84       0x1e Drivers/STM32F4xx_HAL_Driver/Src/stm32f4xx_ll_sdmmc.o
                0x0000000008004d84                SDIO_PowerState_ON
 .text.SDIO_GetPowerState
                0x0000000008004da2       0x1c Drivers/STM32F4xx_HAL_Driver/Src/stm32f4xx_ll_sdmmc.o
                0x0000000008004da2                SDIO_GetPowerState
 .text.SDIO_SendCommand
                0x0000000008004dbe       0x54 Drivers/STM32F4xx_HAL_Driver/Src/stm32f4xx_ll_sdmmc.o
                0x0000000008004dbe                SDIO_SendCommand
 .text.SDIO_GetCommandResponse
                0x0000000008004e12       0x1a Drivers/STM32F4xx_HAL_Driver/Src/stm32f4xx_ll_sdmmc.o
                0x0000000008004e12                SDIO_GetCommandResponse
 .text.SDIO_GetResponse
                0x0000000008004e2c       0x26 Drivers/STM32F4xx_HAL_Driver/Src/stm32f4xx_ll_sdmmc.o
                0x0000000008004e2c                SDIO_GetResponse
 .text.SDIO_ConfigData
                0x0000000008004e52       0x58 Drivers/STM32F4xx_HAL_Driver/Src/stm32f4xx_ll_sdmmc.o
                0x0000000008004e52                SDIO_ConfigData
 .text.SDMMC_CmdBlockLength
                0x0000000008004eaa       0x44 Drivers/STM32F4xx_HAL_Driver/Src/stm32f4xx_ll_sdmmc.o
                0x0000000008004eaa                SDMMC_CmdBlockLength
 .text.SDMMC_CmdReadSingleBlock
                0x0000000008004eee       0x44 Drivers/STM32F4xx_HAL_Driver/Src/stm32f4xx_ll_sdmmc.o
                0x0000000008004eee                SDMMC_CmdReadSingleBlock
 .text.SDMMC_CmdReadMultiBlock
                0x0000000008004f32       0x44 Drivers/STM32F4xx_HAL_Driver/Src/stm32f4xx_ll_sdmmc.o
                0x0000000008004f32                SDMMC_CmdReadMultiBlock
 .text.SDMMC_CmdWriteSingleBlock
                0x0000000008004f76       0x44 Drivers/STM32F4xx_HAL_Driver/Src/stm32f4xx_ll_sdmmc.o
                0x0000000008004f76                SDMMC_CmdWriteSingleBlock
 .text.SDMMC_CmdWriteMultiBlock
                0x0000000008004fba       0x44 Drivers/STM32F4xx_HAL_Driver/Src/stm32f4xx_ll_sdmmc.o
                0x0000000008004fba                SDMMC_CmdWriteMultiBlock
 *fill*         0x0000000008004ffe        0x2 
 .text.SDMMC_CmdStopTransfer
                0x0000000008005000       0x44 Drivers/STM32F4xx_HAL_Driver/Src/stm32f4xx_ll_sdmmc.o
                0x0000000008005000                SDMMC_CmdStopTransfer
 .text.SDMMC_CmdSelDesel
                0x0000000008005044       0x46 Drivers/STM32F4xx_HAL_Driver/Src/stm32f4xx_ll_sdmmc.o
                0x0000000008005044                SDMMC_CmdSelDesel
 .text.SDMMC_CmdGoIdleState
                0x000000000800508a       0x3c Drivers/STM32F4xx_HAL_Driver/Src/stm32f4xx_ll_sdmmc.o
                0x000000000800508a                SDMMC_CmdGoIdleState
 .text.SDMMC_CmdOperCond
                0x00000000080050c6       0x3e Drivers/STM32F4xx_HAL_Driver/Src/stm32f4xx_ll_sdmmc.o
                0x00000000080050c6                SDMMC_CmdOperCond
 .text.SDMMC_CmdAppCommand
                0x0000000008005104       0x44 Drivers/STM32F4xx_HAL_Driver/Src/stm32f4xx_ll_sdmmc.o
                0x0000000008005104                SDMMC_CmdAppCommand
 .text.SDMMC_CmdAppOperCommand
                0x0000000008005148       0x46 Drivers/STM32F4xx_HAL_Driver/Src/stm32f4xx_ll_sdmmc.o
                0x0000000008005148                SDMMC_CmdAppOperCommand
 .text.SDMMC_CmdBusWidth
                0x000000000800518e       0x44 Drivers/STM32F4xx_HAL_Driver/Src/stm32f4xx_ll_sdmmc.o
                0x000000000800518e                SDMMC_CmdBusWidth
 .text.SDMMC_CmdSendSCR
                0x00000000080051d2       0x42 Drivers/STM32F4xx_HAL_Driver/Src/stm32f4xx_ll_sdmmc.o
                0x00000000080051d2                SDMMC_CmdSendSCR
 .text.SDMMC_CmdSendCID
                0x0000000008005214       0x3c Drivers/STM32F4xx_HAL_Driver/Src/stm32f4xx_ll_sdmmc.o
                0x0000000008005214                SDMMC_CmdSendCID
 .text.SDMMC_CmdSendCSD
                0x0000000008005250       0x3e Drivers/STM32F4xx_HAL_Driver/Src/stm32f4xx_ll_sdmmc.o
                0x0000000008005250                SDMMC_CmdSendCSD
 .text.SDMMC_CmdSetRelAdd
                0x000000000800528e       0x42 Drivers/STM32F4xx_HAL_Driver/Src/stm32f4xx_ll_sdmmc.o
                0x000000000800528e                SDMMC_CmdSetRelAdd
 .text.SDMMC_CmdSendStatus
                0x00000000080052d0       0x44 Drivers/STM32F4xx_HAL_Driver/Src/stm32f4xx_ll_sdmmc.o
                0x00000000080052d0                SDMMC_CmdSendStatus
 .text.SDMMC_GetCmdError
                0x0000000008005314       0x58 Drivers/STM32F4xx_HAL_Driver/Src/stm32f4xx_ll_sdmmc.o
 .text.SDMMC_GetCmdResp1
                0x000000000800536c      0x1dc Drivers/STM32F4xx_HAL_Driver/Src/stm32f4xx_ll_sdmmc.o
 .text.SDMMC_GetCmdResp2
                0x0000000008005548       0x90 Drivers/STM32F4xx_HAL_Driver/Src/stm32f4xx_ll_sdmmc.o
 .text.SDMMC_GetCmdResp3
                0x00000000080055d8       0x7c Drivers/STM32F4xx_HAL_Driver/Src/stm32f4xx_ll_sdmmc.o
 .text.SDMMC_GetCmdResp6
                0x0000000008005654       0xec Drivers/STM32F4xx_HAL_Driver/Src/stm32f4xx_ll_sdmmc.o
 .text.SDMMC_GetCmdResp7
                0x0000000008005740       0x9c Drivers/STM32F4xx_HAL_Driver/Src/stm32f4xx_ll_sdmmc.o
 .text.USB_CoreInit
                0x00000000080057dc       0xc2 Drivers/STM32F4xx_HAL_Driver/Src/stm32f4xx_ll_usb.o
                0x00000000080057dc                USB_CoreInit
 *fill*         0x000000000800589e        0x2 
 .text.USB_SetTurnaroundTime
                0x00000000080058a0      0x144 Drivers/STM32F4xx_HAL_Driver/Src/stm32f4xx_ll_usb.o
                0x00000000080058a0                USB_SetTurnaroundTime
 .text.USB_EnableGlobalInt
                0x00000000080059e4       0x22 Drivers/STM32F4xx_HAL_Driver/Src/stm32f4xx_ll_usb.o
                0x00000000080059e4                USB_EnableGlobalInt
 .text.USB_DisableGlobalInt
                0x0000000008005a06       0x22 Drivers/STM32F4xx_HAL_Driver/Src/stm32f4xx_ll_usb.o
                0x0000000008005a06                USB_DisableGlobalInt
 .text.USB_SetCurrentMode
                0x0000000008005a28       0x98 Drivers/STM32F4xx_HAL_Driver/Src/stm32f4xx_ll_usb.o
                0x0000000008005a28                USB_SetCurrentMode
 .text.USB_DevInit
                0x0000000008005ac0      0x2c8 Drivers/STM32F4xx_HAL_Driver/Src/stm32f4xx_ll_usb.o
                0x0000000008005ac0                USB_DevInit
 .text.USB_FlushTxFifo
                0x0000000008005d88       0x48 Drivers/STM32F4xx_HAL_Driver/Src/stm32f4xx_ll_usb.o
                0x0000000008005d88                USB_FlushTxFifo
 .text.USB_FlushRxFifo
                0x0000000008005dd0       0x40 Drivers/STM32F4xx_HAL_Driver/Src/stm32f4xx_ll_usb.o
                0x0000000008005dd0                USB_FlushRxFifo
 .text.USB_SetDevSpeed
                0x0000000008005e10       0x32 Drivers/STM32F4xx_HAL_Driver/Src/stm32f4xx_ll_usb.o
                0x0000000008005e10                USB_SetDevSpeed
 .text.USB_GetDevSpeed
                0x0000000008005e42       0x4a Drivers/STM32F4xx_HAL_Driver/Src/stm32f4xx_ll_usb.o
                0x0000000008005e42                USB_GetDevSpeed
 .text.USB_ActivateEndpoint
                0x0000000008005e8c      0x10e Drivers/STM32F4xx_HAL_Driver/Src/stm32f4xx_ll_usb.o
                0x0000000008005e8c                USB_ActivateEndpoint
 *fill*         0x0000000008005f9a        0x2 
 .text.USB_DeactivateEndpoint
                0x0000000008005f9c      0x1b8 Drivers/STM32F4xx_HAL_Driver/Src/stm32f4xx_ll_usb.o
                0x0000000008005f9c                USB_DeactivateEndpoint
 .text.USB_EPStartXfer
                0x0000000008006154      0x488 Drivers/STM32F4xx_HAL_Driver/Src/stm32f4xx_ll_usb.o
                0x0000000008006154                USB_EPStartXfer
 .text.USB_EP0StartXfer
                0x00000000080065dc      0x2a6 Drivers/STM32F4xx_HAL_Driver/Src/stm32f4xx_ll_usb.o
                0x00000000080065dc                USB_EP0StartXfer
 .text.USB_WritePacket
                0x0000000008006882       0x7c Drivers/STM32F4xx_HAL_Driver/Src/stm32f4xx_ll_usb.o
                0x0000000008006882                USB_WritePacket
 .text.USB_ReadPacket
                0x00000000080068fe       0xb0 Drivers/STM32F4xx_HAL_Driver/Src/stm32f4xx_ll_usb.o
                0x00000000080068fe                USB_ReadPacket
 .text.USB_EPSetStall
                0x00000000080069ae       0xdc Drivers/STM32F4xx_HAL_Driver/Src/stm32f4xx_ll_usb.o
                0x00000000080069ae                USB_EPSetStall
 .text.USB_EPClearStall
                0x0000000008006a8a       0xcc Drivers/STM32F4xx_HAL_Driver/Src/stm32f4xx_ll_usb.o
                0x0000000008006a8a                USB_EPClearStall
 .text.USB_SetDevAddress
                0x0000000008006b56       0x4c Drivers/STM32F4xx_HAL_Driver/Src/stm32f4xx_ll_usb.o
                0x0000000008006b56                USB_SetDevAddress
 .text.USB_DevConnect
                0x0000000008006ba2       0x42 Drivers/STM32F4xx_HAL_Driver/Src/stm32f4xx_ll_usb.o
                0x0000000008006ba2                USB_DevConnect
 .text.USB_DevDisconnect
                0x0000000008006be4       0x42 Drivers/STM32F4xx_HAL_Driver/Src/stm32f4xx_ll_usb.o
                0x0000000008006be4                USB_DevDisconnect
 .text.USB_ReadInterrupts
                0x0000000008006c26       0x26 Drivers/STM32F4xx_HAL_Driver/Src/stm32f4xx_ll_usb.o
                0x0000000008006c26                USB_ReadInterrupts
 .text.USB_ReadDevAllOutEpInterrupt
                0x0000000008006c4c       0x34 Drivers/STM32F4xx_HAL_Driver/Src/stm32f4xx_ll_usb.o
                0x0000000008006c4c                USB_ReadDevAllOutEpInterrupt
 .text.USB_ReadDevAllInEpInterrupt
                0x0000000008006c80       0x34 Drivers/STM32F4xx_HAL_Driver/Src/stm32f4xx_ll_usb.o
                0x0000000008006c80                USB_ReadDevAllInEpInterrupt
 .text.USB_ReadDevOutEPInterrupt
                0x0000000008006cb4       0x3c Drivers/STM32F4xx_HAL_Driver/Src/stm32f4xx_ll_usb.o
                0x0000000008006cb4                USB_ReadDevOutEPInterrupt
 .text.USB_ReadDevInEPInterrupt
                0x0000000008006cf0       0x5c Drivers/STM32F4xx_HAL_Driver/Src/stm32f4xx_ll_usb.o
                0x0000000008006cf0                USB_ReadDevInEPInterrupt
 .text.USB_GetMode
                0x0000000008006d4c       0x1c Drivers/STM32F4xx_HAL_Driver/Src/stm32f4xx_ll_usb.o
                0x0000000008006d4c                USB_GetMode
 .text.USB_ActivateSetup
                0x0000000008006d68       0x46 Drivers/STM32F4xx_HAL_Driver/Src/stm32f4xx_ll_usb.o
                0x0000000008006d68                USB_ActivateSetup
 *fill*         0x0000000008006dae        0x2 
 .text.USB_EP0_OutStart
                0x0000000008006db0       0xbc Drivers/STM32F4xx_HAL_Driver/Src/stm32f4xx_ll_usb.o
                0x0000000008006db0                USB_EP0_OutStart
 .text.USB_CoreReset
                0x0000000008006e6c       0x64 Drivers/STM32F4xx_HAL_Driver/Src/stm32f4xx_ll_usb.o
 .text.MX_FATFS_Init
                0x0000000008006ed0       0x24 FATFS/App/fatfs.o
                0x0000000008006ed0                MX_FATFS_Init
 .text.get_fattime
                0x0000000008006ef4       0x10 FATFS/App/fatfs.o
                0x0000000008006ef4                get_fattime
 .text.BSP_SD_Init
                0x0000000008006f04       0x4c FATFS/Target/bsp_driver_sd.o
                0x0000000008006f04                BSP_SD_Init
 .text.BSP_SD_ReadBlocks_DMA
                0x0000000008006f50       0x34 FATFS/Target/bsp_driver_sd.o
                0x0000000008006f50                BSP_SD_ReadBlocks_DMA
 .text.BSP_SD_WriteBlocks_DMA
                0x0000000008006f84       0x34 FATFS/Target/bsp_driver_sd.o
                0x0000000008006f84                BSP_SD_WriteBlocks_DMA
 .text.BSP_SD_GetCardState
                0x0000000008006fb8       0x20 FATFS/Target/bsp_driver_sd.o
                0x0000000008006fb8                BSP_SD_GetCardState
 .text.BSP_SD_GetCardInfo
                0x0000000008006fd8       0x1c FATFS/Target/bsp_driver_sd.o
                0x0000000008006fd8                BSP_SD_GetCardInfo
 .text.HAL_SD_AbortCallback
                0x0000000008006ff4       0x14 FATFS/Target/bsp_driver_sd.o
                0x0000000008006ff4                HAL_SD_AbortCallback
 .text.HAL_SD_TxCpltCallback
                0x0000000008007008       0x14 FATFS/Target/bsp_driver_sd.o
                0x0000000008007008                HAL_SD_TxCpltCallback
 .text.HAL_SD_RxCpltCallback
                0x000000000800701c       0x14 FATFS/Target/bsp_driver_sd.o
                0x000000000800701c                HAL_SD_RxCpltCallback
 .text.BSP_SD_AbortCallback
                0x0000000008007030        0xe FATFS/Target/bsp_driver_sd.o
                0x0000000008007030                BSP_SD_AbortCallback
 .text.BSP_SD_IsDetected
                0x000000000800703e       0x24 FATFS/Target/bsp_driver_sd.o
                0x000000000800703e                BSP_SD_IsDetected
 *fill*         0x0000000008007062        0x2 
 .text.BSP_PlatformIsDetected
                0x0000000008007064       0x2c FATFS/Target/fatfs_platform.o
                0x0000000008007064                BSP_PlatformIsDetected
 .text.SD_CheckStatusWithTimeout
                0x0000000008007090       0x3a FATFS/Target/sd_diskio.o
 *fill*         0x00000000080070ca        0x2 
 .text.SD_CheckStatus
                0x00000000080070cc       0x3c FATFS/Target/sd_diskio.o
 .text.SD_initialize
                0x0000000008007108       0x38 FATFS/Target/sd_diskio.o
                0x0000000008007108                SD_initialize
 .text.SD_status
                0x0000000008007140       0x1c FATFS/Target/sd_diskio.o
                0x0000000008007140                SD_status
 .text.SD_read  0x000000000800715c       0xac FATFS/Target/sd_diskio.o
                0x000000000800715c                SD_read
 .text.SD_write
                0x0000000008007208       0xac FATFS/Target/sd_diskio.o
                0x0000000008007208                SD_write
 .text.SD_ioctl
                0x00000000080072b4       0xb0 FATFS/Target/sd_diskio.o
                0x00000000080072b4                SD_ioctl
 .text.BSP_SD_WriteCpltCallback
                0x0000000008007364       0x18 FATFS/Target/sd_diskio.o
                0x0000000008007364                BSP_SD_WriteCpltCallback
 .text.BSP_SD_ReadCpltCallback
                0x000000000800737c       0x18 FATFS/Target/sd_diskio.o
                0x000000000800737c                BSP_SD_ReadCpltCallback
 .text.USBD_CDC_Init
                0x0000000008007394       0xfe Middlewares/ST/STM32_USB_Device_Library/Class/CDC/Src/usbd_cdc.o
 .text.USBD_CDC_DeInit
                0x0000000008007492       0x74 Middlewares/ST/STM32_USB_Device_Library/Class/CDC/Src/usbd_cdc.o
 *fill*         0x0000000008007506        0x2 
 .text.USBD_CDC_Setup
                0x0000000008007508      0x190 Middlewares/ST/STM32_USB_Device_Library/Class/CDC/Src/usbd_cdc.o
 .text.USBD_CDC_DataIn
                0x0000000008007698       0xca Middlewares/ST/STM32_USB_Device_Library/Class/CDC/Src/usbd_cdc.o
 .text.USBD_CDC_DataOut
                0x0000000008007762       0x56 Middlewares/ST/STM32_USB_Device_Library/Class/CDC/Src/usbd_cdc.o
 .text.USBD_CDC_EP0_RxReady
                0x00000000080077b8       0x5a Middlewares/ST/STM32_USB_Device_Library/Class/CDC/Src/usbd_cdc.o
 *fill*         0x0000000008007812        0x2 
 .text.USBD_CDC_GetFSCfgDesc
                0x0000000008007814       0x20 Middlewares/ST/STM32_USB_Device_Library/Class/CDC/Src/usbd_cdc.o
 .text.USBD_CDC_GetHSCfgDesc
                0x0000000008007834       0x20 Middlewares/ST/STM32_USB_Device_Library/Class/CDC/Src/usbd_cdc.o
 .text.USBD_CDC_GetOtherSpeedCfgDesc
                0x0000000008007854       0x20 Middlewares/ST/STM32_USB_Device_Library/Class/CDC/Src/usbd_cdc.o
 .text.USBD_CDC_GetDeviceQualifierDescriptor
                0x0000000008007874       0x20 Middlewares/ST/STM32_USB_Device_Library/Class/CDC/Src/usbd_cdc.o
                0x0000000008007874                USBD_CDC_GetDeviceQualifierDescriptor
 .text.USBD_CDC_RegisterInterface
                0x0000000008007894       0x2a Middlewares/ST/STM32_USB_Device_Library/Class/CDC/Src/usbd_cdc.o
                0x0000000008007894                USBD_CDC_RegisterInterface
 .text.USBD_CDC_SetTxBuffer
                0x00000000080078be       0x3c Middlewares/ST/STM32_USB_Device_Library/Class/CDC/Src/usbd_cdc.o
                0x00000000080078be                USBD_CDC_SetTxBuffer
 .text.USBD_CDC_SetRxBuffer
                0x00000000080078fa       0x32 Middlewares/ST/STM32_USB_Device_Library/Class/CDC/Src/usbd_cdc.o
                0x00000000080078fa                USBD_CDC_SetRxBuffer
 .text.USBD_CDC_TransmitPacket
                0x000000000800792c       0x60 Middlewares/ST/STM32_USB_Device_Library/Class/CDC/Src/usbd_cdc.o
                0x000000000800792c                USBD_CDC_TransmitPacket
 .text.USBD_CDC_ReceivePacket
                0x000000000800798c       0x54 Middlewares/ST/STM32_USB_Device_Library/Class/CDC/Src/usbd_cdc.o
                0x000000000800798c                USBD_CDC_ReceivePacket
 .text.USBD_Init
                0x00000000080079e0       0x60 Middlewares/ST/STM32_USB_Device_Library/Core/Src/usbd_core.o
                0x00000000080079e0                USBD_Init
 .text.USBD_RegisterClass
                0x0000000008007a40       0x4e Middlewares/ST/STM32_USB_Device_Library/Core/Src/usbd_core.o
                0x0000000008007a40                USBD_RegisterClass
 .text.USBD_Start
                0x0000000008007a8e       0x18 Middlewares/ST/STM32_USB_Device_Library/Core/Src/usbd_core.o
                0x0000000008007a8e                USBD_Start
 .text.USBD_RunTestMode
                0x0000000008007aa6       0x16 Middlewares/ST/STM32_USB_Device_Library/Core/Src/usbd_core.o
                0x0000000008007aa6                USBD_RunTestMode
 .text.USBD_SetClassConfig
                0x0000000008007abc       0x38 Middlewares/ST/STM32_USB_Device_Library/Core/Src/usbd_core.o
                0x0000000008007abc                USBD_SetClassConfig
 .text.USBD_ClrClassConfig
                0x0000000008007af4       0x30 Middlewares/ST/STM32_USB_Device_Library/Core/Src/usbd_core.o
                0x0000000008007af4                USBD_ClrClassConfig
 .text.USBD_LL_SetupStage
                0x0000000008007b24       0xaa Middlewares/ST/STM32_USB_Device_Library/Core/Src/usbd_core.o
                0x0000000008007b24                USBD_LL_SetupStage
 .text.USBD_LL_DataOutStage
                0x0000000008007bce       0xc6 Middlewares/ST/STM32_USB_Device_Library/Core/Src/usbd_core.o
                0x0000000008007bce                USBD_LL_DataOutStage
 .text.USBD_LL_DataInStage
                0x0000000008007c94      0x12c Middlewares/ST/STM32_USB_Device_Library/Core/Src/usbd_core.o
                0x0000000008007c94                USBD_LL_DataInStage
 .text.USBD_LL_Reset
                0x0000000008007dc0       0x9c Middlewares/ST/STM32_USB_Device_Library/Core/Src/usbd_core.o
                0x0000000008007dc0                USBD_LL_Reset
 .text.USBD_LL_SetSpeed
                0x0000000008007e5c       0x20 Middlewares/ST/STM32_USB_Device_Library/Core/Src/usbd_core.o
                0x0000000008007e5c                USBD_LL_SetSpeed
 .text.USBD_LL_Suspend
                0x0000000008007e7c       0x2c Middlewares/ST/STM32_USB_Device_Library/Core/Src/usbd_core.o
                0x0000000008007e7c                USBD_LL_Suspend
 .text.USBD_LL_Resume
                0x0000000008007ea8       0x30 Middlewares/ST/STM32_USB_Device_Library/Core/Src/usbd_core.o
                0x0000000008007ea8                USBD_LL_Resume
 .text.USBD_LL_SOF
                0x0000000008007ed8       0x44 Middlewares/ST/STM32_USB_Device_Library/Core/Src/usbd_core.o
                0x0000000008007ed8                USBD_LL_SOF
 .text.USBD_LL_IsoINIncomplete
                0x0000000008007f1c       0x4c Middlewares/ST/STM32_USB_Device_Library/Core/Src/usbd_core.o
                0x0000000008007f1c                USBD_LL_IsoINIncomplete
 .text.USBD_LL_IsoOUTIncomplete
                0x0000000008007f68       0x4c Middlewares/ST/STM32_USB_Device_Library/Core/Src/usbd_core.o
                0x0000000008007f68                USBD_LL_IsoOUTIncomplete
 .text.USBD_LL_DevConnected
                0x0000000008007fb4       0x16 Middlewares/ST/STM32_USB_Device_Library/Core/Src/usbd_core.o
                0x0000000008007fb4                USBD_LL_DevConnected
 .text.USBD_LL_DevDisconnected
                0x0000000008007fca       0x38 Middlewares/ST/STM32_USB_Device_Library/Core/Src/usbd_core.o
                0x0000000008007fca                USBD_LL_DevDisconnected
 .text.SWAPBYTE
                0x0000000008008002       0x3c Middlewares/ST/STM32_USB_Device_Library/Core/Src/usbd_ctlreq.o
 *fill*         0x000000000800803e        0x2 
 .text.USBD_StdDevReq
                0x0000000008008040       0xdc Middlewares/ST/STM32_USB_Device_Library/Core/Src/usbd_ctlreq.o
                0x0000000008008040                USBD_StdDevReq
 .text.USBD_StdItfReq
                0x000000000800811c       0x92 Middlewares/ST/STM32_USB_Device_Library/Core/Src/usbd_ctlreq.o
                0x000000000800811c                USBD_StdItfReq
 .text.USBD_StdEPReq
                0x00000000080081ae      0x2c4 Middlewares/ST/STM32_USB_Device_Library/Core/Src/usbd_ctlreq.o
                0x00000000080081ae                USBD_StdEPReq
 *fill*         0x0000000008008472        0x2 
 .text.USBD_GetDescriptor
                0x0000000008008474      0x2d4 Middlewares/ST/STM32_USB_Device_Library/Core/Src/usbd_ctlreq.o
 .text.USBD_SetAddress
                0x0000000008008748       0x88 Middlewares/ST/STM32_USB_Device_Library/Core/Src/usbd_ctlreq.o
 .text.USBD_SetConfig
                0x00000000080087d0      0x14c Middlewares/ST/STM32_USB_Device_Library/Core/Src/usbd_ctlreq.o
 .text.USBD_GetConfig
                0x000000000800891c       0x6c Middlewares/ST/STM32_USB_Device_Library/Core/Src/usbd_ctlreq.o
 .text.USBD_GetStatus
                0x0000000008008988       0x68 Middlewares/ST/STM32_USB_Device_Library/Core/Src/usbd_ctlreq.o
 .text.USBD_SetFeature
                0x00000000080089f0       0x28 Middlewares/ST/STM32_USB_Device_Library/Core/Src/usbd_ctlreq.o
 .text.USBD_ClrFeature
                0x0000000008008a18       0x44 Middlewares/ST/STM32_USB_Device_Library/Core/Src/usbd_ctlreq.o
 .text.USBD_ParseSetupRequest
                0x0000000008008a5c       0x74 Middlewares/ST/STM32_USB_Device_Library/Core/Src/usbd_ctlreq.o
                0x0000000008008a5c                USBD_ParseSetupRequest
 .text.USBD_CtlError
                0x0000000008008ad0       0x22 Middlewares/ST/STM32_USB_Device_Library/Core/Src/usbd_ctlreq.o
                0x0000000008008ad0                USBD_CtlError
 .text.USBD_GetString
                0x0000000008008af2       0x8c Middlewares/ST/STM32_USB_Device_Library/Core/Src/usbd_ctlreq.o
                0x0000000008008af2                USBD_GetString
 .text.USBD_GetLen
                0x0000000008008b7e       0x34 Middlewares/ST/STM32_USB_Device_Library/Core/Src/usbd_ctlreq.o
 .text.USBD_CtlSendData
                0x0000000008008bb2       0x36 Middlewares/ST/STM32_USB_Device_Library/Core/Src/usbd_ioreq.o
                0x0000000008008bb2                USBD_CtlSendData
 .text.USBD_CtlContinueSendData
                0x0000000008008be8       0x22 Middlewares/ST/STM32_USB_Device_Library/Core/Src/usbd_ioreq.o
                0x0000000008008be8                USBD_CtlContinueSendData
 .text.USBD_CtlPrepareRx
                0x0000000008008c0a       0x3a Middlewares/ST/STM32_USB_Device_Library/Core/Src/usbd_ioreq.o
                0x0000000008008c0a                USBD_CtlPrepareRx
 .text.USBD_CtlContinueRx
                0x0000000008008c44       0x22 Middlewares/ST/STM32_USB_Device_Library/Core/Src/usbd_ioreq.o
                0x0000000008008c44                USBD_CtlContinueRx
 .text.USBD_CtlSendStatus
                0x0000000008008c66       0x26 Middlewares/ST/STM32_USB_Device_Library/Core/Src/usbd_ioreq.o
                0x0000000008008c66                USBD_CtlSendStatus
 .text.USBD_CtlReceiveStatus
                0x0000000008008c8c       0x26 Middlewares/ST/STM32_USB_Device_Library/Core/Src/usbd_ioreq.o
                0x0000000008008c8c                USBD_CtlReceiveStatus
 *fill*         0x0000000008008cb2        0x2 
 .text.disk_status
                0x0000000008008cb4       0x34 Middlewares/Third_Party/FatFs/src/diskio.o
                0x0000000008008cb4                disk_status
 .text.disk_initialize
                0x0000000008008ce8       0x4c Middlewares/Third_Party/FatFs/src/diskio.o
                0x0000000008008ce8                disk_initialize
 .text.disk_read
                0x0000000008008d34       0x40 Middlewares/Third_Party/FatFs/src/diskio.o
                0x0000000008008d34                disk_read
 .text.disk_write
                0x0000000008008d74       0x40 Middlewares/Third_Party/FatFs/src/diskio.o
                0x0000000008008d74                disk_write
 .text.disk_ioctl
                0x0000000008008db4       0x3c Middlewares/Third_Party/FatFs/src/diskio.o
                0x0000000008008db4                disk_ioctl
 .text.ld_word  0x0000000008008df0       0x30 Middlewares/Third_Party/FatFs/src/ff.o
 .text.ld_dword
                0x0000000008008e20       0x46 Middlewares/Third_Party/FatFs/src/ff.o
 .text.st_word  0x0000000008008e66       0x36 Middlewares/Third_Party/FatFs/src/ff.o
 .text.st_dword
                0x0000000008008e9c       0x58 Middlewares/Third_Party/FatFs/src/ff.o
 .text.mem_cpy  0x0000000008008ef4       0x42 Middlewares/Third_Party/FatFs/src/ff.o
 .text.mem_set  0x0000000008008f36       0x36 Middlewares/Third_Party/FatFs/src/ff.o
 .text.mem_cmp  0x0000000008008f6c       0x4e Middlewares/Third_Party/FatFs/src/ff.o
 .text.chk_chr  0x0000000008008fba       0x36 Middlewares/Third_Party/FatFs/src/ff.o
 .text.chk_lock
                0x0000000008008ff0       0xb8 Middlewares/Third_Party/FatFs/src/ff.o
 .text.enq_lock
                0x00000000080090a8       0x44 Middlewares/Third_Party/FatFs/src/ff.o
 .text.inc_lock
                0x00000000080090ec      0x11c Middlewares/Third_Party/FatFs/src/ff.o
 .text.dec_lock
                0x0000000008009208       0x78 Middlewares/Third_Party/FatFs/src/ff.o
 .text.clear_lock
                0x0000000008009280       0x48 Middlewares/Third_Party/FatFs/src/ff.o
 .text.sync_window
                0x00000000080092c8       0x88 Middlewares/Third_Party/FatFs/src/ff.o
 .text.move_window
                0x0000000008009350       0x5a Middlewares/Third_Party/FatFs/src/ff.o
 *fill*         0x00000000080093aa        0x2 
 .text.sync_fs  0x00000000080093ac       0xdc Middlewares/Third_Party/FatFs/src/ff.o
 .text.clust2sect
                0x0000000008009488       0x3e Middlewares/Third_Party/FatFs/src/ff.o
 .text.get_fat  0x00000000080094c6      0x150 Middlewares/Third_Party/FatFs/src/ff.o
 .text.put_fat  0x0000000008009616      0x1d8 Middlewares/Third_Party/FatFs/src/ff.o
 .text.remove_chain
                0x00000000080097ee       0xca Middlewares/Third_Party/FatFs/src/ff.o
 .text.create_chain
                0x00000000080098b8      0x130 Middlewares/Third_Party/FatFs/src/ff.o
 .text.clmt_clust
                0x00000000080099e8       0x68 Middlewares/Third_Party/FatFs/src/ff.o
 .text.dir_sdi  0x0000000008009a50       0xf6 Middlewares/Third_Party/FatFs/src/ff.o
 .text.dir_next
                0x0000000008009b46      0x18a Middlewares/Third_Party/FatFs/src/ff.o
 .text.dir_alloc
                0x0000000008009cd0       0x8e Middlewares/Third_Party/FatFs/src/ff.o
 .text.ld_clust
                0x0000000008009d5e       0x3e Middlewares/Third_Party/FatFs/src/ff.o
 .text.st_clust
                0x0000000008009d9c       0x40 Middlewares/Third_Party/FatFs/src/ff.o
 .text.dir_find
                0x0000000008009ddc       0xaa Middlewares/Third_Party/FatFs/src/ff.o
 .text.dir_register
                0x0000000008009e86       0x64 Middlewares/Third_Party/FatFs/src/ff.o
 *fill*         0x0000000008009eea        0x2 
 .text.create_name
                0x0000000008009eec      0x128 Middlewares/Third_Party/FatFs/src/ff.o
 .text.follow_path
                0x000000000800a014       0xe2 Middlewares/Third_Party/FatFs/src/ff.o
 .text.get_ldnumber
                0x000000000800a0f6       0x88 Middlewares/Third_Party/FatFs/src/ff.o
 *fill*         0x000000000800a17e        0x2 
 .text.check_fs
                0x000000000800a180       0xac Middlewares/Third_Party/FatFs/src/ff.o
 .text.find_volume
                0x000000000800a22c      0x498 Middlewares/Third_Party/FatFs/src/ff.o
 .text.validate
                0x000000000800a6c4       0x6a Middlewares/Third_Party/FatFs/src/ff.o
 *fill*         0x000000000800a72e        0x2 
 .text.f_mount  0x000000000800a730       0x8c Middlewares/Third_Party/FatFs/src/ff.o
                0x000000000800a730                f_mount
 .text.f_open   0x000000000800a7bc      0x37c Middlewares/Third_Party/FatFs/src/ff.o
                0x000000000800a7bc                f_open
 .text.f_write  0x000000000800ab38      0x2ea Middlewares/Third_Party/FatFs/src/ff.o
                0x000000000800ab38                f_write
 .text.f_sync   0x000000000800ae22       0xfc Middlewares/Third_Party/FatFs/src/ff.o
                0x000000000800ae22                f_sync
 .text.f_close  0x000000000800af1e       0x54 Middlewares/Third_Party/FatFs/src/ff.o
                0x000000000800af1e                f_close
 *fill*         0x000000000800af72        0x2 
 .text.FATFS_LinkDriverEx
                0x000000000800af74       0x98 Middlewares/Third_Party/FatFs/src/ff_gen_drv.o
                0x000000000800af74                FATFS_LinkDriverEx
 .text.FATFS_LinkDriver
                0x000000000800b00c       0x1e Middlewares/Third_Party/FatFs/src/ff_gen_drv.o
                0x000000000800b00c                FATFS_LinkDriver
 *fill*         0x000000000800b02a        0x2 
 .text.FATFS_UnLinkDriverEx
                0x000000000800b02c       0x70 Middlewares/Third_Party/FatFs/src/ff_gen_drv.o
                0x000000000800b02c                FATFS_UnLinkDriverEx
 .text.FATFS_UnLinkDriver
                0x000000000800b09c       0x1a Middlewares/Third_Party/FatFs/src/ff_gen_drv.o
                0x000000000800b09c                FATFS_UnLinkDriver
 *fill*         0x000000000800b0b6        0x2 
 .text.MX_USB_DEVICE_Init
                0x000000000800b0b8       0x60 USB_DEVICE/App/usb_device.o
                0x000000000800b0b8                MX_USB_DEVICE_Init
 .text.CDC_Init_FS
                0x000000000800b118       0x28 USB_DEVICE/App/usbd_cdc_if.o
 .text.CDC_DeInit_FS
                0x000000000800b140       0x10 USB_DEVICE/App/usbd_cdc_if.o
 .text.CDC_Control_FS
                0x000000000800b150      0x13c USB_DEVICE/App/usbd_cdc_if.o
 .text.CDC_Receive_FS
                0x000000000800b28c       0x28 USB_DEVICE/App/usbd_cdc_if.o
 .text.CDC_Transmit_FS
                0x000000000800b2b4       0x4c USB_DEVICE/App/usbd_cdc_if.o
                0x000000000800b2b4                CDC_Transmit_FS
 .text.CDC_TransmitCplt_FS
                0x000000000800b300       0x22 USB_DEVICE/App/usbd_cdc_if.o
 *fill*         0x000000000800b322        0x2 
 .text.USBD_FS_DeviceDescriptor
                0x000000000800b324       0x24 USB_DEVICE/App/usbd_desc.o
                0x000000000800b324                USBD_FS_DeviceDescriptor
 .text.USBD_FS_LangIDStrDescriptor
                0x000000000800b348       0x24 USB_DEVICE/App/usbd_desc.o
                0x000000000800b348                USBD_FS_LangIDStrDescriptor
 .text.USBD_FS_ProductStrDescriptor
                0x000000000800b36c       0x3c USB_DEVICE/App/usbd_desc.o
                0x000000000800b36c                USBD_FS_ProductStrDescriptor
 .text.USBD_FS_ManufacturerStrDescriptor
                0x000000000800b3a8       0x28 USB_DEVICE/App/usbd_desc.o
                0x000000000800b3a8                USBD_FS_ManufacturerStrDescriptor
 .text.USBD_FS_SerialStrDescriptor
                0x000000000800b3d0       0x24 USB_DEVICE/App/usbd_desc.o
                0x000000000800b3d0                USBD_FS_SerialStrDescriptor
 .text.USBD_FS_ConfigStrDescriptor
                0x000000000800b3f4       0x3c USB_DEVICE/App/usbd_desc.o
                0x000000000800b3f4                USBD_FS_ConfigStrDescriptor
 .text.USBD_FS_InterfaceStrDescriptor
                0x000000000800b430       0x3c USB_DEVICE/App/usbd_desc.o
                0x000000000800b430                USBD_FS_InterfaceStrDescriptor
 .text.Get_SerialNum
                0x000000000800b46c       0x58 USB_DEVICE/App/usbd_desc.o
 .text.IntToUnicode
                0x000000000800b4c4       0x7e USB_DEVICE/App/usbd_desc.o
 *fill*         0x000000000800b542        0x2 
 .text.HAL_PCD_MspInit
                0x000000000800b544       0xa8 USB_DEVICE/Target/usbd_conf.o
                0x000000000800b544                HAL_PCD_MspInit
 .text.HAL_PCD_SetupStageCallback
                0x000000000800b5ec       0x24 USB_DEVICE/Target/usbd_conf.o
                0x000000000800b5ec                HAL_PCD_SetupStageCallback
 .text.HAL_PCD_DataOutStageCallback
                0x000000000800b610       0x36 USB_DEVICE/Target/usbd_conf.o
                0x000000000800b610                HAL_PCD_DataOutStageCallback
 .text.HAL_PCD_DataInStageCallback
                0x000000000800b646       0x34 USB_DEVICE/Target/usbd_conf.o
                0x000000000800b646                HAL_PCD_DataInStageCallback
 .text.HAL_PCD_SOFCallback
                0x000000000800b67a       0x1c USB_DEVICE/Target/usbd_conf.o
                0x000000000800b67a                HAL_PCD_SOFCallback
 .text.HAL_PCD_ResetCallback
                0x000000000800b696       0x50 USB_DEVICE/Target/usbd_conf.o
                0x000000000800b696                HAL_PCD_ResetCallback
 *fill*         0x000000000800b6e6        0x2 
 .text.HAL_PCD_SuspendCallback
                0x000000000800b6e8       0x4c USB_DEVICE/Target/usbd_conf.o
                0x000000000800b6e8                HAL_PCD_SuspendCallback
 .text.HAL_PCD_ResumeCallback
                0x000000000800b734       0x1c USB_DEVICE/Target/usbd_conf.o
                0x000000000800b734                HAL_PCD_ResumeCallback
 .text.HAL_PCD_ISOOUTIncompleteCallback
                0x000000000800b750       0x24 USB_DEVICE/Target/usbd_conf.o
                0x000000000800b750                HAL_PCD_ISOOUTIncompleteCallback
 .text.HAL_PCD_ISOINIncompleteCallback
                0x000000000800b774       0x24 USB_DEVICE/Target/usbd_conf.o
                0x000000000800b774                HAL_PCD_ISOINIncompleteCallback
 .text.HAL_PCD_ConnectCallback
                0x000000000800b798       0x1c USB_DEVICE/Target/usbd_conf.o
                0x000000000800b798                HAL_PCD_ConnectCallback
 .text.HAL_PCD_DisconnectCallback
                0x000000000800b7b4       0x1c USB_DEVICE/Target/usbd_conf.o
                0x000000000800b7b4                HAL_PCD_DisconnectCallback
 .text.USBD_LL_Init
                0x000000000800b7d0       0x98 USB_DEVICE/Target/usbd_conf.o
                0x000000000800b7d0                USBD_LL_Init
 .text.USBD_LL_Start
                0x000000000800b868       0x36 USB_DEVICE/Target/usbd_conf.o
                0x000000000800b868                USBD_LL_Start
 .text.USBD_LL_OpenEP
                0x000000000800b89e       0x4c USB_DEVICE/Target/usbd_conf.o
                0x000000000800b89e                USBD_LL_OpenEP
 .text.USBD_LL_CloseEP
                0x000000000800b8ea       0x3e USB_DEVICE/Target/usbd_conf.o
                0x000000000800b8ea                USBD_LL_CloseEP
 .text.USBD_LL_StallEP
                0x000000000800b928       0x3e USB_DEVICE/Target/usbd_conf.o
                0x000000000800b928                USBD_LL_StallEP
 .text.USBD_LL_ClearStallEP
                0x000000000800b966       0x3e USB_DEVICE/Target/usbd_conf.o
                0x000000000800b966                USBD_LL_ClearStallEP
 .text.USBD_LL_IsStallEP
                0x000000000800b9a4       0x58 USB_DEVICE/Target/usbd_conf.o
                0x000000000800b9a4                USBD_LL_IsStallEP
 .text.USBD_LL_SetUSBAddress
                0x000000000800b9fc       0x3e USB_DEVICE/Target/usbd_conf.o
                0x000000000800b9fc                USBD_LL_SetUSBAddress
 .text.USBD_LL_Transmit
                0x000000000800ba3a       0x42 USB_DEVICE/Target/usbd_conf.o
                0x000000000800ba3a                USBD_LL_Transmit
 .text.USBD_LL_PrepareReceive
                0x000000000800ba7c       0x42 USB_DEVICE/Target/usbd_conf.o
                0x000000000800ba7c                USBD_LL_PrepareReceive
 .text.USBD_LL_GetRxDataSize
                0x000000000800babe       0x26 USB_DEVICE/Target/usbd_conf.o
                0x000000000800babe                USBD_LL_GetRxDataSize
 .text.USBD_static_malloc
                0x000000000800bae4       0x1c USB_DEVICE/Target/usbd_conf.o
                0x000000000800bae4                USBD_static_malloc
 .text.USBD_static_free
                0x000000000800bb00       0x14 USB_DEVICE/Target/usbd_conf.o
                0x000000000800bb00                USBD_static_free
 .text.USBD_Get_USB_Status
                0x000000000800bb14       0x58 USB_DEVICE/Target/usbd_conf.o
                0x000000000800bb14                USBD_Get_USB_Status
 .text.__libc_init_array
                0x000000000800bb6c       0x48 c:/st/stm32cubeide_1.6.1/stm32cubeide/plugins/com.st.stm32cube.ide.mcu.externaltools.gnu-tools-for-stm32.9-2020-q2-update.win32_1.5.0.202011040924/tools/bin/../lib/gcc/arm-none-eabi/9.3.1/../../../../arm-none-eabi/lib/thumb/v7e-m+fp/hard\libc_nano.a(lib_a-init.o)
                0x000000000800bb6c                __libc_init_array
 .text.memset   0x000000000800bbb4       0x10 c:/st/stm32cubeide_1.6.1/stm32cubeide/plugins/com.st.stm32cube.ide.mcu.externaltools.gnu-tools-for-stm32.9-2020-q2-update.win32_1.5.0.202011040924/tools/bin/../lib/gcc/arm-none-eabi/9.3.1/../../../../arm-none-eabi/lib/thumb/v7e-m+fp/hard\libc_nano.a(lib_a-memset.o)
                0x000000000800bbb4                memset
 .text.strcat   0x000000000800bbc4       0x1e c:/st/stm32cubeide_1.6.1/stm32cubeide/plugins/com.st.stm32cube.ide.mcu.externaltools.gnu-tools-for-stm32.9-2020-q2-update.win32_1.5.0.202011040924/tools/bin/../lib/gcc/arm-none-eabi/9.3.1/../../../../arm-none-eabi/lib/thumb/v7e-m+fp/hard\libc_nano.a(lib_a-strcat.o)
                0x000000000800bbc4                strcat
 *(.glue_7)
 .glue_7        0x000000000800bbe2        0x0 linker stubs
 *(.glue_7t)
 .glue_7t       0x000000000800bbe2        0x0 linker stubs
 *(.eh_frame)
 *fill*         0x000000000800bbe2        0x2 
 .eh_frame      0x000000000800bbe4        0x0 c:/st/stm32cubeide_1.6.1/stm32cubeide/plugins/com.st.stm32cube.ide.mcu.externaltools.gnu-tools-for-stm32.9-2020-q2-update.win32_1.5.0.202011040924/tools/bin/../lib/gcc/arm-none-eabi/9.3.1/thumb/v7e-m+fp/hard/crtbegin.o
 *(.init)
 .init          0x000000000800bbe4        0x4 c:/st/stm32cubeide_1.6.1/stm32cubeide/plugins/com.st.stm32cube.ide.mcu.externaltools.gnu-tools-for-stm32.9-2020-q2-update.win32_1.5.0.202011040924/tools/bin/../lib/gcc/arm-none-eabi/9.3.1/thumb/v7e-m+fp/hard/crti.o
                0x000000000800bbe4                _init
 .init          0x000000000800bbe8        0x8 c:/st/stm32cubeide_1.6.1/stm32cubeide/plugins/com.st.stm32cube.ide.mcu.externaltools.gnu-tools-for-stm32.9-2020-q2-update.win32_1.5.0.202011040924/tools/bin/../lib/gcc/arm-none-eabi/9.3.1/thumb/v7e-m+fp/hard/crtn.o
 *(.fini)
 .fini          0x000000000800bbf0        0x4 c:/st/stm32cubeide_1.6.1/stm32cubeide/plugins/com.st.stm32cube.ide.mcu.externaltools.gnu-tools-for-stm32.9-2020-q2-update.win32_1.5.0.202011040924/tools/bin/../lib/gcc/arm-none-eabi/9.3.1/thumb/v7e-m+fp/hard/crti.o
                0x000000000800bbf0                _fini
 .fini          0x000000000800bbf4        0x8 c:/st/stm32cubeide_1.6.1/stm32cubeide/plugins/com.st.stm32cube.ide.mcu.externaltools.gnu-tools-for-stm32.9-2020-q2-update.win32_1.5.0.202011040924/tools/bin/../lib/gcc/arm-none-eabi/9.3.1/thumb/v7e-m+fp/hard/crtn.o
                0x000000000800bbfc                . = ALIGN (0x4)
                0x000000000800bbfc                _etext = .

.vfp11_veneer   0x000000000800bbfc        0x0
 .vfp11_veneer  0x000000000800bbfc        0x0 linker stubs

.v4_bx          0x000000000800bbfc        0x0
 .v4_bx         0x000000000800bbfc        0x0 linker stubs

.iplt           0x000000000800bbfc        0x0
 .iplt          0x000000000800bbfc        0x0 c:/st/stm32cubeide_1.6.1/stm32cubeide/plugins/com.st.stm32cube.ide.mcu.externaltools.gnu-tools-for-stm32.9-2020-q2-update.win32_1.5.0.202011040924/tools/bin/../lib/gcc/arm-none-eabi/9.3.1/thumb/v7e-m+fp/hard/crtbegin.o

.rodata         0x000000000800bbfc      0x1a4
                0x000000000800bbfc                . = ALIGN (0x4)
 *(.rodata)
 .rodata        0x000000000800bbfc       0x63 Core/Src/main.o
 *fill*         0x000000000800bc5f        0x1 
 .rodata        0x000000000800bc60       0x44 Middlewares/Third_Party/FatFs/src/ff.o
 .rodata        0x000000000800bca4        0x7 USB_DEVICE/App/usbd_cdc_if.o
 *fill*         0x000000000800bcab        0x1 
 .rodata        0x000000000800bcac       0x46 USB_DEVICE/App/usbd_desc.o
 *(.rodata*)
 *fill*         0x000000000800bcf2        0x2 
 .rodata.AHBPrescTable
                0x000000000800bcf4       0x10 Core/Src/system_stm32f4xx.o
                0x000000000800bcf4                AHBPrescTable
 .rodata.flagBitshiftOffset.8207
                0x000000000800bd04        0x8 Drivers/STM32F4xx_HAL_Driver/Src/stm32f4xx_hal_dma.o
 .rodata.SD_Driver
                0x000000000800bd0c       0x14 FATFS/Target/sd_diskio.o
                0x000000000800bd0c                SD_Driver
 .rodata.ExCvt  0x000000000800bd20       0x80 Middlewares/Third_Party/FatFs/src/ff.o
                0x000000000800bda0                . = ALIGN (0x4)

.ARM.extab      0x000000000800bda0        0x0
                0x000000000800bda0                . = ALIGN (0x4)
 *(.ARM.extab* .gnu.linkonce.armextab.*)
                0x000000000800bda0                . = ALIGN (0x4)

.ARM            0x000000000800bda0        0x8
                0x000000000800bda0                . = ALIGN (0x4)
                0x000000000800bda0                __exidx_start = .
 *(.ARM.exidx*)
 .ARM.exidx     0x000000000800bda0        0x8 c:/st/stm32cubeide_1.6.1/stm32cubeide/plugins/com.st.stm32cube.ide.mcu.externaltools.gnu-tools-for-stm32.9-2020-q2-update.win32_1.5.0.202011040924/tools/bin/../lib/gcc/arm-none-eabi/9.3.1/thumb/v7e-m+fp/hard\libgcc.a(_udivmoddi4.o)
                0x000000000800bda8                __exidx_end = .
                0x000000000800bda8                . = ALIGN (0x4)

.rel.dyn        0x000000000800bda8        0x0
 .rel.iplt      0x000000000800bda8        0x0 c:/st/stm32cubeide_1.6.1/stm32cubeide/plugins/com.st.stm32cube.ide.mcu.externaltools.gnu-tools-for-stm32.9-2020-q2-update.win32_1.5.0.202011040924/tools/bin/../lib/gcc/arm-none-eabi/9.3.1/thumb/v7e-m+fp/hard/crtbegin.o

.preinit_array  0x000000000800bda8        0x0
                0x000000000800bda8                . = ALIGN (0x4)
                0x000000000800bda8                PROVIDE (__preinit_array_start = .)
 *(.preinit_array*)
                0x000000000800bda8                PROVIDE (__preinit_array_end = .)
                0x000000000800bda8                . = ALIGN (0x4)

.init_array     0x000000000800bda8        0x4
                0x000000000800bda8                . = ALIGN (0x4)
                0x000000000800bda8                PROVIDE (__init_array_start = .)
 *(SORT_BY_NAME(.init_array.*))
 *(.init_array*)
 .init_array    0x000000000800bda8        0x4 c:/st/stm32cubeide_1.6.1/stm32cubeide/plugins/com.st.stm32cube.ide.mcu.externaltools.gnu-tools-for-stm32.9-2020-q2-update.win32_1.5.0.202011040924/tools/bin/../lib/gcc/arm-none-eabi/9.3.1/thumb/v7e-m+fp/hard/crtbegin.o
                0x000000000800bdac                PROVIDE (__init_array_end = .)
                0x000000000800bdac                . = ALIGN (0x4)

.fini_array     0x000000000800bdac        0x4
                0x000000000800bdac                . = ALIGN (0x4)
                [!provide]                        PROVIDE (__fini_array_start = .)
 *(SORT_BY_NAME(.fini_array.*))
 *(.fini_array*)
 .fini_array    0x000000000800bdac        0x4 c:/st/stm32cubeide_1.6.1/stm32cubeide/plugins/com.st.stm32cube.ide.mcu.externaltools.gnu-tools-for-stm32.9-2020-q2-update.win32_1.5.0.202011040924/tools/bin/../lib/gcc/arm-none-eabi/9.3.1/thumb/v7e-m+fp/hard/crtbegin.o
                [!provide]                        PROVIDE (__fini_array_end = .)
                0x000000000800bdb0                . = ALIGN (0x4)
                0x000000000800bdb0                _sidata = LOADADDR (.data)

.data           0x0000000020000000      0x180 load address 0x000000000800bdb0
                0x0000000020000000                . = ALIGN (0x4)
                0x0000000020000000                _sdata = .
 *(.data)
 *(.data*)
 .data.SystemCoreClock
                0x0000000020000000        0x4 Core/Src/system_stm32f4xx.o
                0x0000000020000000                SystemCoreClock
 .data.uwTickPrio
                0x0000000020000004        0x4 Drivers/STM32F4xx_HAL_Driver/Src/stm32f4xx_hal.o
                0x0000000020000004                uwTickPrio
 .data.uwTickFreq
                0x0000000020000008        0x1 Drivers/STM32F4xx_HAL_Driver/Src/stm32f4xx_hal.o
                0x0000000020000008                uwTickFreq
 .data.Stat     0x0000000020000009        0x1 FATFS/Target/sd_diskio.o
 *fill*         0x000000002000000a        0x2 
 .data.USBD_CDC_DeviceQualifierDesc
                0x000000002000000c        0xa Middlewares/ST/STM32_USB_Device_Library/Class/CDC/Src/usbd_cdc.o
 *fill*         0x0000000020000016        0x2 
 .data.USBD_CDC
                0x0000000020000018       0x38 Middlewares/ST/STM32_USB_Device_Library/Class/CDC/Src/usbd_cdc.o
                0x0000000020000018                USBD_CDC
 .data.USBD_CDC_CfgHSDesc
                0x0000000020000050       0x43 Middlewares/ST/STM32_USB_Device_Library/Class/CDC/Src/usbd_cdc.o
 *fill*         0x0000000020000093        0x1 
 .data.USBD_CDC_CfgFSDesc
                0x0000000020000094       0x43 Middlewares/ST/STM32_USB_Device_Library/Class/CDC/Src/usbd_cdc.o
 *fill*         0x00000000200000d7        0x1 
 .data.USBD_CDC_OtherSpeedCfgDesc
                0x00000000200000d8       0x43 Middlewares/ST/STM32_USB_Device_Library/Class/CDC/Src/usbd_cdc.o
 *fill*         0x000000002000011b        0x1 
 .data.USBD_Interface_fops_FS
                0x000000002000011c       0x14 USB_DEVICE/App/usbd_cdc_if.o
                0x000000002000011c                USBD_Interface_fops_FS
 .data.FS_Desc  0x0000000020000130       0x1c USB_DEVICE/App/usbd_desc.o
                0x0000000020000130                FS_Desc
 .data.USBD_FS_DeviceDesc
                0x000000002000014c       0x12 USB_DEVICE/App/usbd_desc.o
                0x000000002000014c                USBD_FS_DeviceDesc
 *fill*         0x000000002000015e        0x2 
 .data.USBD_LangIDDesc
                0x0000000020000160        0x4 USB_DEVICE/App/usbd_desc.o
                0x0000000020000160                USBD_LangIDDesc
 .data.USBD_StringSerial
                0x0000000020000164       0x1a USB_DEVICE/App/usbd_desc.o
                0x0000000020000164                USBD_StringSerial
 *(.RamFunc)
 *(.RamFunc*)
                0x0000000020000180                . = ALIGN (0x4)
 *fill*         0x000000002000017e        0x2 
                0x0000000020000180                _edata = .

.igot.plt       0x0000000020000180        0x0 load address 0x000000000800bf30
 .igot.plt      0x0000000020000180        0x0 c:/st/stm32cubeide_1.6.1/stm32cubeide/plugins/com.st.stm32cube.ide.mcu.externaltools.gnu-tools-for-stm32.9-2020-q2-update.win32_1.5.0.202011040924/tools/bin/../lib/gcc/arm-none-eabi/9.3.1/thumb/v7e-m+fp/hard/crtbegin.o
                0x0000000020000180                . = ALIGN (0x4)

.bss            0x0000000020000180     0x2104 load address 0x000000000800bf30
                0x0000000020000180                _sbss = .
                0x0000000020000180                __bss_start__ = _sbss
 *(.bss)
 .bss           0x0000000020000180       0x1c c:/st/stm32cubeide_1.6.1/stm32cubeide/plugins/com.st.stm32cube.ide.mcu.externaltools.gnu-tools-for-stm32.9-2020-q2-update.win32_1.5.0.202011040924/tools/bin/../lib/gcc/arm-none-eabi/9.3.1/thumb/v7e-m+fp/hard/crtbegin.o
 *(.bss*)
 .bss.WriteStatus
                0x000000002000019c        0x4 FATFS/Target/sd_diskio.o
 .bss.ReadStatus
                0x00000000200001a0        0x4 FATFS/Target/sd_diskio.o
 .bss.cfgidx.10144
                0x00000000200001a4        0x1 Middlewares/ST/STM32_USB_Device_Library/Core/Src/usbd_ctlreq.o
 *fill*         0x00000000200001a5        0x3 
 .bss.FatFs     0x00000000200001a8        0x4 Middlewares/Third_Party/FatFs/src/ff.o
 .bss.Fsid      0x00000000200001ac        0x2 Middlewares/Third_Party/FatFs/src/ff.o
 *fill*         0x00000000200001ae        0x2 
 .bss.Files     0x00000000200001b0       0x20 Middlewares/Third_Party/FatFs/src/ff.o
 .bss.disk      0x00000000200001d0        0xc Middlewares/Third_Party/FatFs/src/ff_gen_drv.o
                0x00000000200001d0                disk
 .bss.mem.10213
                0x00000000200001dc      0x220 USB_DEVICE/Target/usbd_conf.o
 *(COMMON)
 COMMON         0x00000000200003fc      0x144 Core/Src/main.o
                0x00000000200003fc                hdma_sdio_rx
                0x000000002000045c                hdma_sdio_tx
                0x00000000200004bc                hsd
 COMMON         0x0000000020000540        0x4 Drivers/STM32F4xx_HAL_Driver/Src/stm32f4xx_hal.o
                0x0000000020000540                uwTick
 COMMON         0x0000000020000544      0x468 FATFS/App/fatfs.o
                0x0000000020000544                retSD
                0x0000000020000548                SDPath
                0x000000002000054c                SDFile
                0x000000002000077c                SDFatFS
 COMMON         0x00000000200009ac      0x2d0 USB_DEVICE/App/usb_device.o
                0x00000000200009ac                hUsbDeviceFS
 COMMON         0x0000000020000c7c     0x1000 USB_DEVICE/App/usbd_cdc_if.o
                0x0000000020000c7c                UserRxBufferFS
                0x000000002000147c                UserTxBufferFS
 COMMON         0x0000000020001c7c      0x200 USB_DEVICE/App/usbd_desc.o
                0x0000000020001c7c                USBD_StrDesc
 COMMON         0x0000000020001e7c      0x408 USB_DEVICE/Target/usbd_conf.o
                0x0000000020001e7c                hpcd_USB_OTG_FS
                0x0000000020002284                . = ALIGN (0x4)
                0x0000000020002284                _ebss = .
                0x0000000020002284                __bss_end__ = _ebss

._user_heap_stack
                0x0000000020002284      0x604 load address 0x000000000800bf30
                0x0000000020002288                . = ALIGN (0x8)
 *fill*         0x0000000020002284        0x4 
                [!provide]                        PROVIDE (end = .)
                0x0000000020002288                PROVIDE (_end = .)
                0x0000000020002488                . = (. + _Min_Heap_Size)
 *fill*         0x0000000020002288      0x200 
                0x0000000020002888                . = (. + _Min_Stack_Size)
 *fill*         0x0000000020002488      0x400 
                0x0000000020002888                . = ALIGN (0x8)

/DISCARD/
 libc.a(*)
 libm.a(*)
 libgcc.a(*)

.ARM.attributes
                0x0000000000000000       0x30
 *(.ARM.attributes)
 .ARM.attributes
                0x0000000000000000       0x1e c:/st/stm32cubeide_1.6.1/stm32cubeide/plugins/com.st.stm32cube.ide.mcu.externaltools.gnu-tools-for-stm32.9-2020-q2-update.win32_1.5.0.202011040924/tools/bin/../lib/gcc/arm-none-eabi/9.3.1/thumb/v7e-m+fp/hard/crti.o
 .ARM.attributes
                0x000000000000001e       0x34 c:/st/stm32cubeide_1.6.1/stm32cubeide/plugins/com.st.stm32cube.ide.mcu.externaltools.gnu-tools-for-stm32.9-2020-q2-update.win32_1.5.0.202011040924/tools/bin/../lib/gcc/arm-none-eabi/9.3.1/thumb/v7e-m+fp/hard/crtbegin.o
 .ARM.attributes
                0x0000000000000052       0x34 Core/Src/main.o
 .ARM.attributes
                0x0000000000000086       0x34 Core/Src/stm32f4xx_hal_msp.o
 .ARM.attributes
                0x00000000000000ba       0x34 Core/Src/stm32f4xx_it.o
 .ARM.attributes
                0x00000000000000ee       0x34 Core/Src/system_stm32f4xx.o
 .ARM.attributes
                0x0000000000000122       0x21 Core/Startup/startup_stm32f405rgtx.o
 .ARM.attributes
                0x0000000000000143       0x34 Drivers/STM32F4xx_HAL_Driver/Src/stm32f4xx_hal.o
 .ARM.attributes
                0x0000000000000177       0x34 Drivers/STM32F4xx_HAL_Driver/Src/stm32f4xx_hal_cortex.o
 .ARM.attributes
                0x00000000000001ab       0x34 Drivers/STM32F4xx_HAL_Driver/Src/stm32f4xx_hal_dma.o
 .ARM.attributes
                0x00000000000001df       0x34 Drivers/STM32F4xx_HAL_Driver/Src/stm32f4xx_hal_gpio.o
 .ARM.attributes
                0x0000000000000213       0x34 Drivers/STM32F4xx_HAL_Driver/Src/stm32f4xx_hal_pcd.o
 .ARM.attributes
                0x0000000000000247       0x34 Drivers/STM32F4xx_HAL_Driver/Src/stm32f4xx_hal_pcd_ex.o
 .ARM.attributes
                0x000000000000027b       0x34 Drivers/STM32F4xx_HAL_Driver/Src/stm32f4xx_hal_rcc.o
 .ARM.attributes
                0x00000000000002af       0x34 Drivers/STM32F4xx_HAL_Driver/Src/stm32f4xx_hal_sd.o
 .ARM.attributes
                0x00000000000002e3       0x34 Drivers/STM32F4xx_HAL_Driver/Src/stm32f4xx_ll_sdmmc.o
 .ARM.attributes
                0x0000000000000317       0x34 Drivers/STM32F4xx_HAL_Driver/Src/stm32f4xx_ll_usb.o
 .ARM.attributes
                0x000000000000034b       0x34 FATFS/App/fatfs.o
 .ARM.attributes
                0x000000000000037f       0x34 FATFS/Target/bsp_driver_sd.o
 .ARM.attributes
                0x00000000000003b3       0x34 FATFS/Target/fatfs_platform.o
 .ARM.attributes
                0x00000000000003e7       0x34 FATFS/Target/sd_diskio.o
 .ARM.attributes
                0x000000000000041b       0x34 Middlewares/ST/STM32_USB_Device_Library/Class/CDC/Src/usbd_cdc.o
 .ARM.attributes
                0x000000000000044f       0x34 Middlewares/ST/STM32_USB_Device_Library/Core/Src/usbd_core.o
 .ARM.attributes
                0x0000000000000483       0x34 Middlewares/ST/STM32_USB_Device_Library/Core/Src/usbd_ctlreq.o
 .ARM.attributes
                0x00000000000004b7       0x34 Middlewares/ST/STM32_USB_Device_Library/Core/Src/usbd_ioreq.o
 .ARM.attributes
                0x00000000000004eb       0x34 Middlewares/Third_Party/FatFs/src/diskio.o
 .ARM.attributes
                0x000000000000051f       0x34 Middlewares/Third_Party/FatFs/src/ff.o
 .ARM.attributes
                0x0000000000000553       0x34 Middlewares/Third_Party/FatFs/src/ff_gen_drv.o
 .ARM.attributes
                0x0000000000000587       0x34 USB_DEVICE/App/usb_device.o
 .ARM.attributes
                0x00000000000005bb       0x34 USB_DEVICE/App/usbd_cdc_if.o
 .ARM.attributes
                0x00000000000005ef       0x34 USB_DEVICE/App/usbd_desc.o
 .ARM.attributes
                0x0000000000000623       0x34 USB_DEVICE/Target/usbd_conf.o
 .ARM.attributes
                0x0000000000000657       0x34 c:/st/stm32cubeide_1.6.1/stm32cubeide/plugins/com.st.stm32cube.ide.mcu.externaltools.gnu-tools-for-stm32.9-2020-q2-update.win32_1.5.0.202011040924/tools/bin/../lib/gcc/arm-none-eabi/9.3.1/../../../../arm-none-eabi/lib/thumb/v7e-m+fp/hard\libc_nano.a(lib_a-init.o)
 .ARM.attributes
                0x000000000000068b       0x34 c:/st/stm32cubeide_1.6.1/stm32cubeide/plugins/com.st.stm32cube.ide.mcu.externaltools.gnu-tools-for-stm32.9-2020-q2-update.win32_1.5.0.202011040924/tools/bin/../lib/gcc/arm-none-eabi/9.3.1/../../../../arm-none-eabi/lib/thumb/v7e-m+fp/hard\libc_nano.a(lib_a-memset.o)
 .ARM.attributes
                0x00000000000006bf       0x34 c:/st/stm32cubeide_1.6.1/stm32cubeide/plugins/com.st.stm32cube.ide.mcu.externaltools.gnu-tools-for-stm32.9-2020-q2-update.win32_1.5.0.202011040924/tools/bin/../lib/gcc/arm-none-eabi/9.3.1/../../../../arm-none-eabi/lib/thumb/v7e-m+fp/hard\libc_nano.a(lib_a-strcat.o)
 .ARM.attributes
                0x00000000000006f3       0x17 c:/st/stm32cubeide_1.6.1/stm32cubeide/plugins/com.st.stm32cube.ide.mcu.externaltools.gnu-tools-for-stm32.9-2020-q2-update.win32_1.5.0.202011040924/tools/bin/../lib/gcc/arm-none-eabi/9.3.1/../../../../arm-none-eabi/lib/thumb/v7e-m+fp/hard\libc_nano.a(lib_a-strlen.o)
 .ARM.attributes
                0x000000000000070a       0x1e c:/st/stm32cubeide_1.6.1/stm32cubeide/plugins/com.st.stm32cube.ide.mcu.externaltools.gnu-tools-for-stm32.9-2020-q2-update.win32_1.5.0.202011040924/tools/bin/../lib/gcc/arm-none-eabi/9.3.1/thumb/v7e-m+fp/hard\libgcc.a(_aeabi_uldivmod.o)
 .ARM.attributes
                0x0000000000000728       0x34 c:/st/stm32cubeide_1.6.1/stm32cubeide/plugins/com.st.stm32cube.ide.mcu.externaltools.gnu-tools-for-stm32.9-2020-q2-update.win32_1.5.0.202011040924/tools/bin/../lib/gcc/arm-none-eabi/9.3.1/thumb/v7e-m+fp/hard\libgcc.a(_udivmoddi4.o)
 .ARM.attributes
                0x000000000000075c       0x1e c:/st/stm32cubeide_1.6.1/stm32cubeide/plugins/com.st.stm32cube.ide.mcu.externaltools.gnu-tools-for-stm32.9-2020-q2-update.win32_1.5.0.202011040924/tools/bin/../lib/gcc/arm-none-eabi/9.3.1/thumb/v7e-m+fp/hard\libgcc.a(_dvmd_tls.o)
 .ARM.attributes
                0x000000000000077a       0x1e c:/st/stm32cubeide_1.6.1/stm32cubeide/plugins/com.st.stm32cube.ide.mcu.externaltools.gnu-tools-for-stm32.9-2020-q2-update.win32_1.5.0.202011040924/tools/bin/../lib/gcc/arm-none-eabi/9.3.1/thumb/v7e-m+fp/hard/crtn.o
OUTPUT(adafruit-stm32F405-E-Project.elf elf32-littlearm)
LOAD linker stubs
LOAD c:/st/stm32cubeide_1.6.1/stm32cubeide/plugins/com.st.stm32cube.ide.mcu.externaltools.gnu-tools-for-stm32.9-2020-q2-update.win32_1.5.0.202011040924/tools/bin/../lib/gcc/arm-none-eabi/9.3.1/../../../../arm-none-eabi/lib/thumb/v7e-m+fp/hard\libc.a
LOAD c:/st/stm32cubeide_1.6.1/stm32cubeide/plugins/com.st.stm32cube.ide.mcu.externaltools.gnu-tools-for-stm32.9-2020-q2-update.win32_1.5.0.202011040924/tools/bin/../lib/gcc/arm-none-eabi/9.3.1/../../../../arm-none-eabi/lib/thumb/v7e-m+fp/hard\libm.a
LOAD c:/st/stm32cubeide_1.6.1/stm32cubeide/plugins/com.st.stm32cube.ide.mcu.externaltools.gnu-tools-for-stm32.9-2020-q2-update.win32_1.5.0.202011040924/tools/bin/../lib/gcc/arm-none-eabi/9.3.1/thumb/v7e-m+fp/hard\libgcc.a

.debug_info     0x0000000000000000    0x1f0a2
 .debug_info    0x0000000000000000     0x23d2 Core/Src/main.o
 .debug_info    0x00000000000023d2      0xd9d Core/Src/stm32f4xx_hal_msp.o
 .debug_info    0x000000000000316f      0xcef Core/Src/stm32f4xx_it.o
 .debug_info    0x0000000000003e5e      0x5a4 Core/Src/system_stm32f4xx.o
 .debug_info    0x0000000000004402       0x22 Core/Startup/startup_stm32f405rgtx.o
 .debug_info    0x0000000000004424      0x9a0 Drivers/STM32F4xx_HAL_Driver/Src/stm32f4xx_hal.o
 .debug_info    0x0000000000004dc4      0xec5 Drivers/STM32F4xx_HAL_Driver/Src/stm32f4xx_hal_cortex.o
 .debug_info    0x0000000000005c89      0x9f1 Drivers/STM32F4xx_HAL_Driver/Src/stm32f4xx_hal_dma.o
 .debug_info    0x000000000000667a      0x83e Drivers/STM32F4xx_HAL_Driver/Src/stm32f4xx_hal_gpio.o
 .debug_info    0x0000000000006eb8     0x12dd Drivers/STM32F4xx_HAL_Driver/Src/stm32f4xx_hal_pcd.o
 .debug_info    0x0000000000008195      0x7c3 Drivers/STM32F4xx_HAL_Driver/Src/stm32f4xx_hal_pcd_ex.o
 .debug_info    0x0000000000008958      0x996 Drivers/STM32F4xx_HAL_Driver/Src/stm32f4xx_hal_rcc.o
 .debug_info    0x00000000000092ee     0x1a66 Drivers/STM32F4xx_HAL_Driver/Src/stm32f4xx_hal_sd.o
 .debug_info    0x000000000000ad54     0x1249 Drivers/STM32F4xx_HAL_Driver/Src/stm32f4xx_ll_sdmmc.o
 .debug_info    0x000000000000bf9d     0x1ab4 Drivers/STM32F4xx_HAL_Driver/Src/stm32f4xx_ll_usb.o
 .debug_info    0x000000000000da51      0xe69 FATFS/App/fatfs.o
 .debug_info    0x000000000000e8ba      0xae8 FATFS/Target/bsp_driver_sd.o
 .debug_info    0x000000000000f3a2      0x284 FATFS/Target/fatfs_platform.o
 .debug_info    0x000000000000f626      0xe9a FATFS/Target/sd_diskio.o
 .debug_info    0x00000000000104c0     0x198b Middlewares/ST/STM32_USB_Device_Library/Class/CDC/Src/usbd_cdc.o
 .debug_info    0x0000000000011e4b     0x13a7 Middlewares/ST/STM32_USB_Device_Library/Core/Src/usbd_core.o
 .debug_info    0x00000000000131f2     0x1373 Middlewares/ST/STM32_USB_Device_Library/Core/Src/usbd_ctlreq.o
 .debug_info    0x0000000000014565     0x1095 Middlewares/ST/STM32_USB_Device_Library/Core/Src/usbd_ioreq.o
 .debug_info    0x00000000000155fa      0xda8 Middlewares/Third_Party/FatFs/src/diskio.o
 .debug_info    0x00000000000163a2     0x2cf2 Middlewares/Third_Party/FatFs/src/ff.o
 .debug_info    0x0000000000019094      0xd39 Middlewares/Third_Party/FatFs/src/ff_gen_drv.o
 .debug_info    0x0000000000019dcd      0xffe USB_DEVICE/App/usb_device.o
 .debug_info    0x000000000001adcb     0x124e USB_DEVICE/App/usbd_cdc_if.o
 .debug_info    0x000000000001c019      0xdfa USB_DEVICE/App/usbd_desc.o
 .debug_info    0x000000000001ce13     0x228f USB_DEVICE/Target/usbd_conf.o

.debug_abbrev   0x0000000000000000     0x45b8
 .debug_abbrev  0x0000000000000000      0x38b Core/Src/main.o
 .debug_abbrev  0x000000000000038b      0x1b5 Core/Src/stm32f4xx_hal_msp.o
 .debug_abbrev  0x0000000000000540      0x1c7 Core/Src/stm32f4xx_it.o
 .debug_abbrev  0x0000000000000707      0x145 Core/Src/system_stm32f4xx.o
 .debug_abbrev  0x000000000000084c       0x12 Core/Startup/startup_stm32f405rgtx.o
 .debug_abbrev  0x000000000000085e      0x1ed Drivers/STM32F4xx_HAL_Driver/Src/stm32f4xx_hal.o
 .debug_abbrev  0x0000000000000a4b      0x33c Drivers/STM32F4xx_HAL_Driver/Src/stm32f4xx_hal_cortex.o
 .debug_abbrev  0x0000000000000d87      0x259 Drivers/STM32F4xx_HAL_Driver/Src/stm32f4xx_hal_dma.o
 .debug_abbrev  0x0000000000000fe0      0x1f1 Drivers/STM32F4xx_HAL_Driver/Src/stm32f4xx_hal_gpio.o
 .debug_abbrev  0x00000000000011d1      0x2a0 Drivers/STM32F4xx_HAL_Driver/Src/stm32f4xx_hal_pcd.o
 .debug_abbrev  0x0000000000001471      0x1fb Drivers/STM32F4xx_HAL_Driver/Src/stm32f4xx_hal_pcd_ex.o
 .debug_abbrev  0x000000000000166c      0x275 Drivers/STM32F4xx_HAL_Driver/Src/stm32f4xx_hal_rcc.o
 .debug_abbrev  0x00000000000018e1      0x26d Drivers/STM32F4xx_HAL_Driver/Src/stm32f4xx_hal_sd.o
 .debug_abbrev  0x0000000000001b4e      0x1ec Drivers/STM32F4xx_HAL_Driver/Src/stm32f4xx_ll_sdmmc.o
 .debug_abbrev  0x0000000000001d3a      0x2a7 Drivers/STM32F4xx_HAL_Driver/Src/stm32f4xx_ll_usb.o
 .debug_abbrev  0x0000000000001fe1      0x209 FATFS/App/fatfs.o
 .debug_abbrev  0x00000000000021ea      0x2a4 FATFS/Target/bsp_driver_sd.o
 .debug_abbrev  0x000000000000248e      0x10b FATFS/Target/fatfs_platform.o
 .debug_abbrev  0x0000000000002599      0x2c0 FATFS/Target/sd_diskio.o
 .debug_abbrev  0x0000000000002859      0x2fc Middlewares/ST/STM32_USB_Device_Library/Class/CDC/Src/usbd_cdc.o
 .debug_abbrev  0x0000000000002b55      0x2b7 Middlewares/ST/STM32_USB_Device_Library/Core/Src/usbd_core.o
 .debug_abbrev  0x0000000000002e0c      0x2fc Middlewares/ST/STM32_USB_Device_Library/Core/Src/usbd_ctlreq.o
 .debug_abbrev  0x0000000000003108      0x22a Middlewares/ST/STM32_USB_Device_Library/Core/Src/usbd_ioreq.o
 .debug_abbrev  0x0000000000003332      0x237 Middlewares/Third_Party/FatFs/src/diskio.o
 .debug_abbrev  0x0000000000003569      0x2f0 Middlewares/Third_Party/FatFs/src/ff.o
 .debug_abbrev  0x0000000000003859      0x268 Middlewares/Third_Party/FatFs/src/ff_gen_drv.o
 .debug_abbrev  0x0000000000003ac1      0x204 USB_DEVICE/App/usb_device.o
 .debug_abbrev  0x0000000000003cc5      0x31d USB_DEVICE/App/usbd_cdc_if.o